Archive member included because of file (symbol)

C:/ProgramData/MATLAB/SupportPackages/R2020b/3P.instrset/arduinoide.instrset/portable/packages/arduino/hardware/sam/1.6.12/variants/arduino_due_x/libsam_sam3x8e_gcc_rel.a(startup_sam3xa.o)
                              (Reset_Handler)
C:/ProgramData/MATLAB/SupportPackages/R2020b/3P.instrset/arduinoide.instrset/portable/packages/arduino/hardware/sam/1.6.12/variants/arduino_due_x/libsam_sam3x8e_gcc_rel.a(uotghs.o)
                              C:/ProgramData/MATLAB/SupportPackages/R2020b/3P.instrset/arduinoide.instrset/portable/packages/arduino/hardware/sam/1.6.12/variants/arduino_due_x/libsam_sam3x8e_gcc_rel.a(startup_sam3xa.o) (UOTGHS_Handler)
C:/Users/LAPIS-~1/DOCUME~1/MATLAB/R2020b/ARDUIN~1/ARDUIN~1/FASTER~1/libcomm.a(Wire.o)
                              MW_arduinoI2C.o (TwoWire::begin())
C:/Users/LAPIS-~1/DOCUME~1/MATLAB/R2020b/ARDUIN~1/ARDUIN~1/FASTER~1/libcore.a(hooks.o)
                              arm_m3_cortex_handler.o (sysTickHook)
C:/Users/LAPIS-~1/DOCUME~1/MATLAB/R2020b/ARDUIN~1/ARDUIN~1/FASTER~1/libcore.a(syscalls_sam3.o)
                              (_sbrk)
C:/Users/LAPIS-~1/DOCUME~1/MATLAB/R2020b/ARDUIN~1/ARDUIN~1/FASTER~1/libcore.a(wiring.o)
                              MW_SerialRead.o (millis)
C:/Users/LAPIS-~1/DOCUME~1/MATLAB/R2020b/ARDUIN~1/ARDUIN~1/FASTER~1/libcore.a(wiring_digital.o)
                              io_wrappers.o (pinMode)
C:/Users/LAPIS-~1/DOCUME~1/MATLAB/R2020b/ARDUIN~1/ARDUIN~1/FASTER~1/libcore.a(abi.o)
                              C:/Users/LAPIS-~1/DOCUME~1/MATLAB/R2020b/ARDUIN~1/ARDUIN~1/FASTER~1/libcomm.a(Wire.o) (__cxa_pure_virtual)
C:/Users/LAPIS-~1/DOCUME~1/MATLAB/R2020b/ARDUIN~1/ARDUIN~1/FASTER~1/libcore.a(Print.o)
                              C:/Users/LAPIS-~1/DOCUME~1/MATLAB/R2020b/ARDUIN~1/ARDUIN~1/FASTER~1/libcomm.a(Wire.o) (Print::write(unsigned char const*, unsigned int))
C:/Users/LAPIS-~1/DOCUME~1/MATLAB/R2020b/ARDUIN~1/ARDUIN~1/FASTER~1/libcore.a(Reset.o)
                              arm_m3_cortex_handler.o (tickReset)
C:/Users/LAPIS-~1/DOCUME~1/MATLAB/R2020b/ARDUIN~1/ARDUIN~1/FASTER~1/libcore.a(Stream.o)
                              MW_SerialRead.o (Stream::readBytes(char*, unsigned int))
C:/Users/LAPIS-~1/DOCUME~1/MATLAB/R2020b/ARDUIN~1/ARDUIN~1/FASTER~1/libcore.a(UARTClass.o)
                              MW_SerialRead.o (UARTClass::available())
C:/Users/LAPIS-~1/DOCUME~1/MATLAB/R2020b/ARDUIN~1/ARDUIN~1/FASTER~1/libcore.a(USARTClass.o)
                              Mti_wrapper.o (USARTClass::begin(unsigned long))
C:/Users/LAPIS-~1/DOCUME~1/MATLAB/R2020b/ARDUIN~1/ARDUIN~1/FASTER~1/libcore.a(WString.o)
                              C:/Users/LAPIS-~1/DOCUME~1/MATLAB/R2020b/ARDUIN~1/ARDUIN~1/FASTER~1/libcore.a(Stream.o) (String::String(char const*))
C:/Users/LAPIS-~1/DOCUME~1/MATLAB/R2020b/ARDUIN~1/ARDUIN~1/FASTER~1/libcore.a(watchdog.o)
                              MW_ArduinoHWInit.o (watchdogDisable())
C:/Users/LAPIS-~1/DOCUME~1/MATLAB/R2020b/ARDUIN~1/ARDUIN~1/FASTER~1/libcore.a(variant.o)
                              ert_main.o (init)
C:/Users/LAPIS-~1/DOCUME~1/MATLAB/R2020b/ARDUIN~1/ARDUIN~1/FASTER~1/libcore.a(dtostrf.o)
                              C:/Users/LAPIS-~1/DOCUME~1/MATLAB/R2020b/ARDUIN~1/ARDUIN~1/FASTER~1/libcore.a(WString.o) (dtostrf)
C:/Users/LAPIS-~1/DOCUME~1/MATLAB/R2020b/ARDUIN~1/ARDUIN~1/FASTER~1/libcore.a(itoa.o)
                              C:/Users/LAPIS-~1/DOCUME~1/MATLAB/R2020b/ARDUIN~1/ARDUIN~1/FASTER~1/libcore.a(WString.o) (ltoa)
C:/Users/LAPIS-~1/DOCUME~1/MATLAB/R2020b/ARDUIN~1/ARDUIN~1/FASTER~1/libcore.a(wiring_analog.o)
                              C:/Users/LAPIS-~1/DOCUME~1/MATLAB/R2020b/ARDUIN~1/ARDUIN~1/FASTER~1/libcore.a(variant.o) (analogOutputInit)
C:/Users/LAPIS-~1/DOCUME~1/MATLAB/R2020b/ARDUIN~1/ARDUIN~1/FASTER~1/libcore.a(RingBuffer.o)
                              C:/Users/LAPIS-~1/DOCUME~1/MATLAB/R2020b/ARDUIN~1/ARDUIN~1/FASTER~1/libcore.a(variant.o) (RingBuffer::RingBuffer())
C:/ProgramData/MATLAB/SupportPackages/R2020b/3P.instrset/arduinoide.instrset/portable/packages/arduino/hardware/sam/1.6.12/variants/arduino_due_x/libsam_sam3x8e_gcc_rel.a(pio.o)
                              C:/Users/LAPIS-~1/DOCUME~1/MATLAB/R2020b/ARDUIN~1/ARDUIN~1/FASTER~1/libcore.a(wiring_digital.o) (PIO_PullUp)
C:/ProgramData/MATLAB/SupportPackages/R2020b/3P.instrset/arduinoide.instrset/portable/packages/arduino/hardware/sam/1.6.12/variants/arduino_due_x/libsam_sam3x8e_gcc_rel.a(pmc.o)
                              arduinoARMScheduler.o (pmc_enable_periph_clk)
C:/ProgramData/MATLAB/SupportPackages/R2020b/3P.instrset/arduinoide.instrset/portable/packages/arduino/hardware/sam/1.6.12/variants/arduino_due_x/libsam_sam3x8e_gcc_rel.a(pwmc.o)
                              C:/Users/LAPIS-~1/DOCUME~1/MATLAB/R2020b/ARDUIN~1/ARDUIN~1/FASTER~1/libcore.a(wiring_analog.o) (PWMC_ConfigureChannel)
[...]
Memory Configuration

Name             Origin             Length             Attributes
rom              0x00080000         0x00080000         xr
sram0            0x20000000         0x00010000         xrw
sram1            0x20080000         0x00008000         xrw
ram              0x20070000         0x00018000         xrw
*default*        0x00000000         0xffffffff

Linker script and memory map

LOAD c:/programdata/matlab/supportpackages/r2020b/3p.instrset/arduinoide.instrset/portable/packages/arduino/tools/arm-none-eabi-gcc/4.8.3-2014q1/bin/../lib/gcc/arm-none-eabi/4.8.3/armv7-m/crti.o
LOAD c:/programdata/matlab/supportpackages/r2020b/3p.instrset/arduinoide.instrset/portable/packages/arduino/tools/arm-none-eabi-gcc/4.8.3-2014q1/bin/../lib/gcc/arm-none-eabi/4.8.3/armv7-m/crtbegin.o
LOAD c:/programdata/matlab/supportpackages/r2020b/3p.instrset/arduinoide.instrset/portable/packages/arduino/tools/arm-none-eabi-gcc/4.8.3-2014q1/bin/../lib/gcc/arm-none-eabi/4.8.3/../../../../arm-none-eabi/lib/armv7-m/crt0.o
START GROUP
LOAD C:/ProgramData/MATLAB/SupportPackages/R2020b/3P.instrset/arduinoide.instrset/portable/packages/arduino/hardware/sam/1.6.12/variants/arduino_due_x/libsam_sam3x8e_gcc_rel.a
LOAD MW_SerialRead.o
LOAD MW_SerialWrite.o
LOAD MW_arduinoI2C.o
LOAD Copy_of_provaLOG_09_28_BUONO.o
LOAD Copy_of_provaLOG_09_28_BUONO_data.o
LOAD rtGetInf.o
LOAD rtGetNaN.o
LOAD rt_nonfinite.o
LOAD Mti_wrapper.o
LOAD Seriale_mav_wrapper.o
LOAD calc_T_wrapper.o
LOAD calc_p_wrapper.o
LOAD receive_MAVLink_v4_6_beta_AL_HITL_HOME_wrapper.o
LOAD send_MAVLink_v4_4_2_beta_3_HOME_wrapper.o
LOAD arm_m3_cortex_handler.o
LOAD MW_ArduinoHWInit.o
LOAD io_wrappers.o
LOAD arduinoARMScheduler.o
LOAD m3m4m4f_multitasking.o
LOAD ert_main.o
LOAD C:/Users/LAPIS-~1/DOCUME~1/MATLAB/R2020b/ARDUIN~1/ARDUIN~1/FASTER~1/MW_RebuildSrc_Comm.o
LOAD C:/Users/LAPIS-~1/DOCUME~1/MATLAB/R2020b/ARDUIN~1/ARDUIN~1/FASTER~1/libcomm.a
LOAD C:/Users/LAPIS-~1/DOCUME~1/MATLAB/R2020b/ARDUIN~1/ARDUIN~1/FASTER~1/MW_RebuildSrc_Core.o
LOAD C:/Users/LAPIS-~1/DOCUME~1/MATLAB/R2020b/ARDUIN~1/ARDUIN~1/FASTER~1/libcore.a
END GROUP
LOAD c:/programdata/matlab/supportpackages/r2020b/3p.instrset/arduinoide.instrset/portable/packages/arduino/tools/arm-none-eabi-gcc/4.8.3-2014q1/bin/../lib/gcc/arm-none-eabi/4.8.3/../../../../arm-none-eabi/lib/armv7-m\libm.a
LOAD C:/Users/LAPIS-~1/DOCUME~1/MATLAB/R2020b/ARDUIN~1/ARDUIN~1/FASTER~1\libcomm.a
LOAD C:/Users/LAPIS-~1/DOCUME~1/MATLAB/R2020b/ARDUIN~1/ARDUIN~1/FASTER~1\libcore.a
START GROUP
LOAD c:/programdata/matlab/supportpackages/r2020b/3p.instrset/arduinoide.instrset/portable/packages/arduino/tools/arm-none-eabi-gcc/4.8.3-2014q1/bin/../lib/gcc/arm-none-eabi/4.8.3/armv7-m\libgcc.a
LOAD c:/programdata/matlab/supportpackages/r2020b/3p.instrset/arduinoide.instrset/portable/packages/arduino/tools/arm-none-eabi-gcc/4.8.3-2014q1/bin/../lib/gcc/arm-none-eabi/4.8.3/../../../../arm-none-eabi/lib/armv7-m\libg.a
LOAD c:/programdata/matlab/supportpackages/r2020b/3p.instrset/arduinoide.instrset/portable/packages/arduino/tools/arm-none-eabi-gcc/4.8.3-2014q1/bin/../lib/gcc/arm-none-eabi/4.8.3/../../../../arm-none-eabi/lib/armv7-m\libc.a
END GROUP
LOAD c:/programdata/matlab/supportpackages/r2020b/3p.instrset/arduinoide.instrset/portable/packages/arduino/tools/arm-none-eabi-gcc/4.8.3-2014q1/bin/../lib/gcc/arm-none-eabi/4.8.3/armv7-m/crtend.o
LOAD c:/programdata/matlab/supportpackages/r2020b/3p.instrset/arduinoide.instrset/portable/packages/arduino/tools/arm-none-eabi-gcc/4.8.3-2014q1/bin/../lib/gcc/arm-none-eabi/4.8.3/armv7-m/crtn.o

.text           0x00080000    0x18350
                0x00080000                . = ALIGN (0x4)
                0x00080000                _sfixed = .
 *(.vectors .vectors.*)
 .vectors       0x00080000       0xf4 C:/ProgramData/MATLAB/SupportPackages/R2020b/3P.instrset/arduinoide.instrset/portable/packages/arduino/hardware/sam/1.6.12/variants/arduino_due_x/libsam_sam3x8e_gcc_rel.a(startup_sam3xa.o)
                0x00080000                exception_table
 *(.text .text.* .gnu.linkonce.t.*)
 .text          0x000800f4       0x54 c:/programdata/matlab/supportpackages/r2020b/3p.instrset/arduinoide.instrset/portable/packages/arduino/tools/arm-none-eabi-gcc/4.8.3-2014q1/bin/../lib/gcc/arm-none-eabi/4.8.3/armv7-m/crtbegin.o
 .text.Reset_Handler
                0x00080148       0x78 C:/ProgramData/MATLAB/SupportPackages/R2020b/3P.instrset/arduinoide.instrset/portable/packages/arduino/hardware/sam/1.6.12/variants/arduino_due_x/libsam_sam3x8e_gcc_rel.a(startup_sam3xa.o)
                0x00080148                Reset_Handler
 .text.UOTGHS_Handler
                0x000801c0       0x10 C:/ProgramData/MATLAB/SupportPackages/R2020b/3P.instrset/arduinoide.instrset/portable/packages/arduino/hardware/sam/1.6.12/variants/arduino_due_x/libsam_sam3x8e_gcc_rel.a(uotghs.o)
                0x000801c0                UOTGHS_Handler
 .text.MW_Serial0_read
                0x000801d0       0x10 MW_SerialRead.o
                0x000801d0                MW_Serial0_read
 .text.MW_Serial1_read
                0x000801e0       0x10 MW_SerialRead.o
                0x000801e0                MW_Serial1_read
 .text.MW_Serial2_read
                0x000801f0       0x10 MW_SerialRead.o
                0x000801f0                MW_Serial2_read
 .text.MW_Serial3_read
                0x00080200       0x10 MW_SerialRead.o
                0x00080200                MW_Serial3_read
 .text.fillDataBuffer
                0x00080210       0x44 MW_SerialRead.o
                0x00080210                fillDataBuffer
 .text.MW_Serial_read
                0x00080254       0x64 MW_SerialRead.o
                0x00080254                MW_Serial_read
 .text.MW_Serial0_available
                0x000802b8        0xc MW_SerialRead.o
                0x000802b8                MW_Serial0_available
 .text.MW_Serial1_available
                0x000802c4        0xc MW_SerialRead.o
                0x000802c4                MW_Serial1_available
 .text.MW_Serial2_available
                0x000802d0        0xc MW_SerialRead.o
                0x000802d0                MW_Serial2_available
 .text.MW_Serial3_available
                0x000802dc        0xc MW_SerialRead.o
                0x000802dc                MW_Serial3_available
 .text.MW_SCI_Open
                0x000802e8       0x24 MW_SerialWrite.o
                0x000802e8                MW_SCI_Open
 .text.MW_Serial_write
                0x0008030c      0x5dc MW_SerialWrite.o
                0x0008030c                MW_Serial_write
 .text.MW_I2C_Open
                0x000808e8       0x2c MW_arduinoI2C.o
                0x000808e8                MW_I2C_Open
 .text.MW_I2C_SetBusSpeed
                0x00080914       0x20 MW_arduinoI2C.o
                0x00080914                MW_I2C_SetBusSpeed
 .text.MW_I2C_MasterRead
                0x00080934       0x58 MW_arduinoI2C.o
                0x00080934                MW_I2C_MasterRead
 .text.MW_I2C_MasterWrite
                0x0008098c       0x44 MW_arduinoI2C.o
                0x0008098c                MW_I2C_MasterWrite
 .text.MW_I2C_Close
                0x000809d0        0xa MW_arduinoI2C.o
                0x000809d0                MW_I2C_Close
 *fill*         0x000809da        0x2 
 .text.Copy_of_provaLOG__readNonFinite
                0x000809dc       0xbc Copy_of_provaLOG_09_28_BUONO.o
 .text.Copy_of_provaLO_readNonFinite_p
                0x00080a98       0xbc Copy_of_provaLOG_09_28_BUONO.o
 .text.Copy_of_provaL_readNonFinite_pn
                0x00080b54       0xa8 Copy_of_provaLOG_09_28_BUONO.o
 .text.Copy_of_provaLOG_09__isUnitImag
                0x00080bfc       0x9a Copy_of_provaLOG_09_28_BUONO.o
 *fill*         0x00080c96        0x2 
 .text.Copy_of_provaLOG_0_copydigits_o.constprop.11
                0x00080c98       0x84 Copy_of_provaLOG_09_28_BUONO.o
 .text.Copy_of_provaLOG_09_readfloat_e.constprop.10
                0x00080d1c      0x4e4 Copy_of_provaLOG_09_28_BUONO.o
 .text.unlikely.Copy_of_provaLOG_0_str2double_f.constprop.9
                0x00081200      0x224 Copy_of_provaLOG_09_28_BUONO.o
 .text.unlikely.Copy_of_provaLOG_09__eml_find_a.constprop.14
                0x00081424       0x30 Copy_of_provaLOG_09_28_BUONO.o
 .text.Copy_of_provaLOG_copydigits_o4q.constprop.20
                0x00081454       0x80 Copy_of_provaLOG_09_28_BUONO.o
 .text.Copy_of_provaLO_copyexponent_ew.constprop.6
                0x000814d4       0x58 Copy_of_provaLOG_09_28_BUONO.o
 .text.Copy_of_provaLOG__readfloat_eml.constprop.5
                0x0008152c      0x248 Copy_of_provaLOG_09_28_BUONO.o
 .text.Copy_of_provaLOG__copydigits_o4.constprop.22
                0x00081774       0x84 Copy_of_provaLOG_09_28_BUONO.o
 .text.Copy_of_provaLOG_copyexponent_e.constprop.8
                0x000817f8       0xa4 Copy_of_provaLOG_09_28_BUONO.o
 .text.Copy_of_provaLOG_0_readfloat_em.constprop.7
                0x0008189c      0x278 Copy_of_provaLOG_09_28_BUONO.o
 .text.unlikely.Copy_of_provaLOG__str2double_ft
                0x00081b14      0x41c Copy_of_provaLOG_09_28_BUONO.o
 .text.Copy_of_provaLOG_09__copydigits.constprop.24
                0x00081f30       0x84 Copy_of_provaLOG_09_28_BUONO.o
 .text.Copy_of_provaLOG_0_copyexponent.constprop.13
                0x00081fb4       0xa0 Copy_of_provaLOG_09_28_BUONO.o
 .text.Copy_of_provaLOG_09_2_readfloat.constprop.12
                0x00082054      0x288 Copy_of_provaLOG_09_28_BUONO.o
 .text.unlikely.Copy_of_provaLOG_09__str2double
                0x000822dc      0x3e4 Copy_of_provaLOG_09_28_BUONO.o
 .text.uMultiWord2Double
                0x000826c0       0x42 Copy_of_provaLOG_09_28_BUONO.o
                0x000826c0                uMultiWord2Double
 .text.MultiWordSub
                0x00082702       0x3e Copy_of_provaLOG_09_28_BUONO.o
                0x00082702                MultiWordSub
 .text.uLong2MultiWord
                0x00082740       0x14 Copy_of_provaLOG_09_28_BUONO.o
                0x00082740                uLong2MultiWord
 .text.MultiWordAdd
                0x00082754       0x3c Copy_of_provaLOG_09_28_BUONO.o
                0x00082754                MultiWordAdd
 .text.uMultiWord2MultiWord
                0x00082790       0x32 Copy_of_provaLOG_09_28_BUONO.o
                0x00082790                uMultiWord2MultiWord
 .text.uMultiWordMul
                0x000827c2       0xe8 Copy_of_provaLOG_09_28_BUONO.o
                0x000827c2                uMultiWordMul
 .text.uMultiWordShl
                0x000828aa       0xc0 Copy_of_provaLOG_09_28_BUONO.o
                0x000828aa                uMultiWordShl
 *fill*         0x0008296a        0x2 
 .text.unlikely.Copy_of_provaLOG_09_28__hex2dec
                0x0008296c      0x268 Copy_of_provaLOG_09_28_BUONO.o
 .text.Copy_of_provaLOG_09_28_BUONO_SetEventsForThisBaseStep
                0x00082bd4       0x14 Copy_of_provaLOG_09_28_BUONO.o
                0x00082bd4                Copy_of_provaLOG_09_28_BUONO_SetEventsForThisBaseStep
 .text.One_time_initializatio_Init
                0x00082be8      0x400 Copy_of_provaLOG_09_28_BUONO.o
                0x00082be8                One_time_initializatio_Init
 .text.Cop_One_time_initialization
                0x00082fe8      0x4c4 Copy_of_provaLOG_09_28_BUONO.o
                0x00082fe8                Cop_One_time_initialization
 .text.One_time_initializatio_Term
                0x000834ac      0x216 Copy_of_provaLOG_09_28_BUONO.o
                0x000834ac                One_time_initializatio_Term
 *fill*         0x000836c2        0x2 
 .text.rt_roundd_snf
                0x000836c4       0x80 Copy_of_provaLOG_09_28_BUONO.o
                0x000836c4                rt_roundd_snf
 .text.rt_roundf_snf
                0x00083744       0x64 Copy_of_provaLOG_09_28_BUONO.o
                0x00083744                rt_roundf_snf
 .text.Copy_of_provaLOG_09_28_BUONO_step0
                0x000837a8     0x58f8 Copy_of_provaLOG_09_28_BUONO.o
                0x000837a8                Copy_of_provaLOG_09_28_BUONO_step0
 .text.Copy_of_provaLOG_09_28_BUONO_step1
                0x000890a0       0x4c Copy_of_provaLOG_09_28_BUONO.o
                0x000890a0                Copy_of_provaLOG_09_28_BUONO_step1
 *fill*         0x000890ec        0x4 
 .text.Copy_of_provaLOG_09_28_BUONO_initialize
                0x000890f0      0x380 Copy_of_provaLOG_09_28_BUONO.o
                0x000890f0                Copy_of_provaLOG_09_28_BUONO_initialize
 .text.Copy_of_provaLOG_09_28_BUONO_terminate
                0x00089470       0x90 Copy_of_provaLOG_09_28_BUONO.o
                0x00089470                Copy_of_provaLOG_09_28_BUONO_terminate
 .text.rtGetInf
                0x00089500        0xc rtGetInf.o
                0x00089500                rtGetInf
 .text.rtGetInfF
                0x0008950c        0x6 rtGetInf.o
                0x0008950c                rtGetInfF
 *fill*         0x00089512        0x2 
 .text.rtGetMinusInf
                0x00089514        0xc rtGetInf.o
                0x00089514                rtGetMinusInf
 .text.rtGetMinusInfF
                0x00089520        0x8 rtGetInf.o
                0x00089520                rtGetMinusInfF
 .text.rtGetNaN
                0x00089528        0xc rtGetNaN.o
                0x00089528                rtGetNaN
 .text.rtGetNaNF
                0x00089534        0x8 rtGetNaN.o
                0x00089534                rtGetNaNF
 .text.rt_InitInfAndNaN
                0x0008953c       0x54 rt_nonfinite.o
                0x0008953c                rt_InitInfAndNaN
 .text.rtIsInf  0x00089590       0x38 rt_nonfinite.o
                0x00089590                rtIsInf
 .text.rtIsInfF
                0x000895c8       0x30 rt_nonfinite.o
                0x000895c8                rtIsInfF
 .text.rtIsNaN  0x000895f8       0x28 rt_nonfinite.o
                0x000895f8                rtIsNaN
 .text.rtIsNaNF
                0x00089620       0x1a rt_nonfinite.o
                0x00089620                rtIsNaNF
 *fill*         0x0008963a        0x2 
 .text.Mti_Start_wrapper
                0x0008963c       0x24 Mti_wrapper.o
                0x0008963c                Mti_Start_wrapper
 .text.Mti_Update_wrapper
                0x00089660       0x44 Mti_wrapper.o
                0x00089660                Mti_Update_wrapper
 .text.Mti_Outputs_wrapper
                0x000896a4       0x44 Mti_wrapper.o
                0x000896a4                Mti_Outputs_wrapper
 .text.Seriale_mav_Outputs_wrapper
                0x000896e8       0x50 Seriale_mav_wrapper.o
                0x000896e8                Seriale_mav_Outputs_wrapper
 .text.Seriale_mav_Update_wrapper
                0x00089738       0x30 Seriale_mav_wrapper.o
                0x00089738                Seriale_mav_Update_wrapper
 .text.calc_T_Outputs_wrapper
                0x00089768       0x48 calc_T_wrapper.o
                0x00089768                calc_T_Outputs_wrapper
 .text.calc_p_Outputs_wrapper
                0x000897b0       0xc0 calc_p_wrapper.o
                0x000897b0                calc_p_Outputs_wrapper
 .text.crc_accumulate
                0x00089870       0x1c receive_MAVLink_v4_6_beta_AL_HITL_HOME_wrapper.o
 .text.receive_MAVLink_v4_6_beta_AL_HITL_HOME_Outputs_wrapper
                0x0008988c      0x73c receive_MAVLink_v4_6_beta_AL_HITL_HOME_wrapper.o
                0x0008988c                receive_MAVLink_v4_6_beta_AL_HITL_HOME_Outputs_wrapper
 .text.crc_accumulate
                0x00089fc8       0x1c send_MAVLink_v4_4_2_beta_3_HOME_wrapper.o
 .text.mavlink_finalize_message.isra.1.constprop.17
                0x00089fe4       0x84 send_MAVLink_v4_4_2_beta_3_HOME_wrapper.o
 .text.mavlink_msg_param_value_pack.constprop.13
                0x0008a068       0x76 send_MAVLink_v4_4_2_beta_3_HOME_wrapper.o
 *fill*         0x0008a0de        0x2 
 .text.send_MAVLink_v4_4_2_beta_3_HOME_Outputs_wrapper
                0x0008a0e0      0x6e4 send_MAVLink_v4_4_2_beta_3_HOME_wrapper.o
                0x0008a0e0                send_MAVLink_v4_4_2_beta_3_HOME_Outputs_wrapper
 .text.__halt   0x0008a7c4        0x2 arm_m3_cortex_handler.o
                0x0008a7c4                DACC_Handler
                0x0008a7c4                DebugMon_Handler
                0x0008a7c4                DMAC_Handler
                0x0008a7c4                TRNG_Handler
                0x0008a7c4                HardFault_Handler
                0x0008a7c4                TC2_Handler
                0x0008a7c4                NMI_Handler
                0x0008a7c4                TC7_Handler
                0x0008a7c4                ADC_Handler
                0x0008a7c4                SMC_Handler
                0x0008a7c4                RTT_Handler
                0x0008a7c4                EFC1_Handler
                0x0008a7c4                PIOB_Handler
                0x0008a7c4                RTC_Handler
                0x0008a7c4                UsageFault_Handler
                0x0008a7c4                TC6_Handler
                0x0008a7c4                WDT_Handler
                0x0008a7c4                CAN0_Handler
                0x0008a7c4                TC4_Handler
                0x0008a7c4                TC1_Handler
                0x0008a7c4                HSMCI_Handler
                0x0008a7c4                TC3_Handler
                0x0008a7c4                PIOA_Handler
                0x0008a7c4                SSC_Handler
                0x0008a7c4                EFC0_Handler
                0x0008a7c4                PMC_Handler
                0x0008a7c4                PWM_Handler
                0x0008a7c4                CAN1_Handler
                0x0008a7c4                MemManage_Handler
                0x0008a7c4                SUPC_Handler
                0x0008a7c4                USART2_Handler
                0x0008a7c4                PIOD_Handler
                0x0008a7c4                EMAC_Handler
                0x0008a7c4                PIOC_Handler
                0x0008a7c4                BusFault_Handler
                0x0008a7c4                RSTC_Handler
                0x0008a7c4                TC0_Handler
                0x0008a7c4                TC5_Handler
                0x0008a7c4                SPI0_Handler
 .text.SysTick_Handler
                0x0008a7c6       0x16 arm_m3_cortex_handler.o
                0x0008a7c6                SysTick_Handler
 .text.MW_Arduino_Init
                0x0008a7dc       0x14 MW_ArduinoHWInit.o
                0x0008a7dc                MW_Arduino_Init
 .text.MW_Arduino_Terminate
                0x0008a7f0        0x2 MW_ArduinoHWInit.o
                0x0008a7f0                MW_Arduino_Terminate
 *fill*         0x0008a7f2        0x2 
 .text.Serial_begin
                0x0008a7f4       0x34 io_wrappers.o
                0x0008a7f4                Serial_begin
 .text._ZL13Scheduler_Isrv
                0x0008a828       0x14 arduinoARMScheduler.o
 .text.TC8_Handler
                0x0008a83c       0x20 arduinoARMScheduler.o
                0x0008a83c                TC8_Handler
 .text.Setup_SchedulerTimer
                0x0008a85c       0x84 arduinoARMScheduler.o
                0x0008a85c                Setup_SchedulerTimer
 .text.configureArduinoARMTimer
                0x0008a8e0       0x40 arduinoARMScheduler.o
                0x0008a8e0                configureArduinoARMTimer
 .text.MW_Arduino_Loop
                0x0008a920        0x4 arduinoARMScheduler.o
                0x0008a920                MW_Arduino_Loop
 .text.PendSV_Handler
                0x0008a924       0x3c m3m4m4f_multitasking.o
                0x0008a924                PendSV_Handler
 .text.SVC_Handler
                0x0008a960       0x4c m3m4m4f_multitasking.o
                0x0008a960                SVC_Handler
 .text.rt_OneStep
                0x0008a9ac       0x78 ert_main.o
                0x0008a9ac                rt_OneStep
 .text.startup.main
                0x0008aa24       0x6c ert_main.o
                0x0008aa24                main
 .text._ZN7TwoWire5writeEPKhj
                0x0008aa90       0x50 C:/Users/LAPIS-~1/DOCUME~1/MATLAB/R2020b/ARDUIN~1/ARDUIN~1/FASTER~1/libcomm.a(Wire.o)
                0x0008aa90                TwoWire::write(unsigned char const*, unsigned int)
 .text._ZN7TwoWire9availableEv
                0x0008aae0        0xc C:/Users/LAPIS-~1/DOCUME~1/MATLAB/R2020b/ARDUIN~1/ARDUIN~1/FASTER~1/libcomm.a(Wire.o)
                0x0008aae0                TwoWire::available()
 .text._ZN7TwoWire4readEv
                0x0008aaec       0x1e C:/Users/LAPIS-~1/DOCUME~1/MATLAB/R2020b/ARDUIN~1/ARDUIN~1/FASTER~1/libcomm.a(Wire.o)
                0x0008aaec                TwoWire::read()
 .text._ZN7TwoWire4peekEv
                0x0008ab0a       0x16 C:/Users/LAPIS-~1/DOCUME~1/MATLAB/R2020b/ARDUIN~1/ARDUIN~1/FASTER~1/libcomm.a(Wire.o)
                0x0008ab0a                TwoWire::peek()
 .text._ZN7TwoWire5flushEv
                0x0008ab20        0x2 C:/Users/LAPIS-~1/DOCUME~1/MATLAB/R2020b/ARDUIN~1/ARDUIN~1/FASTER~1/libcomm.a(Wire.o)
                0x0008ab20                TwoWire::flush()
 .text._ZN7TwoWire5writeEh
                0x0008ab22       0x3a C:/Users/LAPIS-~1/DOCUME~1/MATLAB/R2020b/ARDUIN~1/ARDUIN~1/FASTER~1/libcomm.a(Wire.o)
                0x0008ab22                TwoWire::write(unsigned char)
 .text._ZL16TWI_WaitByteSentP3Twim.constprop.3
                0x0008ab5c       0x2c C:/Users/LAPIS-~1/DOCUME~1/MATLAB/R2020b/ARDUIN~1/ARDUIN~1/FASTER~1/libcomm.a(Wire.o)
 .text._ZL24TWI_WaitTransferCompleteP3Twim.constprop.4
                0x0008ab88       0x2c C:/Users/LAPIS-~1/DOCUME~1/MATLAB/R2020b/ARDUIN~1/ARDUIN~1/FASTER~1/libcomm.a(Wire.o)
 .text._ZL9Wire_Initv
                0x0008abb4       0x54 C:/Users/LAPIS-~1/DOCUME~1/MATLAB/R2020b/ARDUIN~1/ARDUIN~1/FASTER~1/libcomm.a(Wire.o)
 .text._ZL12Wire1_Deinitv
                0x0008ac08       0x18 C:/Users/LAPIS-~1/DOCUME~1/MATLAB/R2020b/ARDUIN~1/ARDUIN~1/FASTER~1/libcomm.a(Wire.o)
 .text._ZL11Wire_Deinitv
                0x0008ac20       0x18 C:/Users/LAPIS-~1/DOCUME~1/MATLAB/R2020b/ARDUIN~1/ARDUIN~1/FASTER~1/libcomm.a(Wire.o)
 .text._ZL10Wire1_Initv
                0x0008ac38       0x54 C:/Users/LAPIS-~1/DOCUME~1/MATLAB/R2020b/ARDUIN~1/ARDUIN~1/FASTER~1/libcomm.a(Wire.o)
 .text._ZN7TwoWireC2EP3TwiPFvvES3_
                0x0008ac8c       0x48 C:/Users/LAPIS-~1/DOCUME~1/MATLAB/R2020b/ARDUIN~1/ARDUIN~1/FASTER~1/libcomm.a(Wire.o)
                0x0008ac8c                TwoWire::TwoWire(Twi*, void (*)(), void (*)())
                0x0008ac8c                TwoWire::TwoWire(Twi*, void (*)(), void (*)())
 .text._ZN7TwoWire5beginEv
                0x0008acd4       0x30 C:/Users/LAPIS-~1/DOCUME~1/MATLAB/R2020b/ARDUIN~1/ARDUIN~1/FASTER~1/libcomm.a(Wire.o)
                0x0008acd4                TwoWire::begin()
 .text._ZN7TwoWire3endEv
                0x0008ad04       0x2a C:/Users/LAPIS-~1/DOCUME~1/MATLAB/R2020b/ARDUIN~1/ARDUIN~1/FASTER~1/libcomm.a(Wire.o)
                0x0008ad04                TwoWire::end()
 *fill*         0x0008ad2e        0x2 
 .text._ZN7TwoWire8setClockEm
                0x0008ad30       0x14 C:/Users/LAPIS-~1/DOCUME~1/MATLAB/R2020b/ARDUIN~1/ARDUIN~1/FASTER~1/libcomm.a(Wire.o)
                0x0008ad30                TwoWire::setClock(unsigned long)
 .text._ZN7TwoWire11requestFromEhhmhh
                0x0008ad44       0x78 C:/Users/LAPIS-~1/DOCUME~1/MATLAB/R2020b/ARDUIN~1/ARDUIN~1/FASTER~1/libcomm.a(Wire.o)
                0x0008ad44                TwoWire::requestFrom(unsigned char, unsigned char, unsigned long, unsigned char, unsigned char)
 .text._ZN7TwoWire11requestFromEhhh
                0x0008adbc       0x12 C:/Users/LAPIS-~1/DOCUME~1/MATLAB/R2020b/ARDUIN~1/ARDUIN~1/FASTER~1/libcomm.a(Wire.o)
                0x0008adbc                TwoWire::requestFrom(unsigned char, unsigned char, unsigned char)
 .text._ZN7TwoWire11requestFromEhh
                0x0008adce        0x6 C:/Users/LAPIS-~1/DOCUME~1/MATLAB/R2020b/ARDUIN~1/ARDUIN~1/FASTER~1/libcomm.a(Wire.o)
                0x0008adce                TwoWire::requestFrom(unsigned char, unsigned char)
 .text._ZN7TwoWire17beginTransmissionEh
                0x0008add4       0x12 C:/Users/LAPIS-~1/DOCUME~1/MATLAB/R2020b/ARDUIN~1/ARDUIN~1/FASTER~1/libcomm.a(Wire.o)
                0x0008add4                TwoWire::beginTransmission(unsigned char)
 .text._ZN7TwoWire15endTransmissionEh
                0x0008ade6       0x82 C:/Users/LAPIS-~1/DOCUME~1/MATLAB/R2020b/ARDUIN~1/ARDUIN~1/FASTER~1/libcomm.a(Wire.o)
                0x0008ade6                TwoWire::endTransmission(unsigned char)
 .text._ZN7TwoWire9onServiceEv
                0x0008ae68      0x118 C:/Users/LAPIS-~1/DOCUME~1/MATLAB/R2020b/ARDUIN~1/ARDUIN~1/FASTER~1/libcomm.a(Wire.o)
                0x0008ae68                TwoWire::onService()
 .text.TWI1_Handler
                0x0008af80        0xc C:/Users/LAPIS-~1/DOCUME~1/MATLAB/R2020b/ARDUIN~1/ARDUIN~1/FASTER~1/libcomm.a(Wire.o)
                0x0008af80                TWI1_Handler
 .text.TWI0_Handler
                0x0008af8c        0xc C:/Users/LAPIS-~1/DOCUME~1/MATLAB/R2020b/ARDUIN~1/ARDUIN~1/FASTER~1/libcomm.a(Wire.o)
                0x0008af8c                TWI0_Handler
 .text.startup._GLOBAL__sub_I__ZN7TwoWireC2EP3TwiPFvvES3_
                0x0008af98       0x40 C:/Users/LAPIS-~1/DOCUME~1/MATLAB/R2020b/ARDUIN~1/ARDUIN~1/FASTER~1/libcomm.a(Wire.o)
 .text.__false  0x0008afd8        0x4 C:/Users/LAPIS-~1/DOCUME~1/MATLAB/R2020b/ARDUIN~1/ARDUIN~1/FASTER~1/libcore.a(hooks.o)
                0x0008afd8                sysTickHook
 .text._sbrk    0x0008afdc       0x1c C:/Users/LAPIS-~1/DOCUME~1/MATLAB/R2020b/ARDUIN~1/ARDUIN~1/FASTER~1/libcore.a(syscalls_sam3.o)
                0x0008afdc                _sbrk
 .text.link     0x0008aff8        0x6 C:/Users/LAPIS-~1/DOCUME~1/MATLAB/R2020b/ARDUIN~1/ARDUIN~1/FASTER~1/libcore.a(syscalls_sam3.o)
                0x0008aff8                link
 .text._close   0x0008affe        0x6 C:/Users/LAPIS-~1/DOCUME~1/MATLAB/R2020b/ARDUIN~1/ARDUIN~1/FASTER~1/libcore.a(syscalls_sam3.o)
                0x0008affe                _close
 .text._fstat   0x0008b004        0xa C:/Users/LAPIS-~1/DOCUME~1/MATLAB/R2020b/ARDUIN~1/ARDUIN~1/FASTER~1/libcore.a(syscalls_sam3.o)
                0x0008b004                _fstat
 .text._isatty  0x0008b00e        0x4 C:/Users/LAPIS-~1/DOCUME~1/MATLAB/R2020b/ARDUIN~1/ARDUIN~1/FASTER~1/libcore.a(syscalls_sam3.o)
                0x0008b00e                _isatty
 .text._lseek   0x0008b012        0x4 C:/Users/LAPIS-~1/DOCUME~1/MATLAB/R2020b/ARDUIN~1/ARDUIN~1/FASTER~1/libcore.a(syscalls_sam3.o)
                0x0008b012                _lseek
 .text._read    0x0008b016        0x4 C:/Users/LAPIS-~1/DOCUME~1/MATLAB/R2020b/ARDUIN~1/ARDUIN~1/FASTER~1/libcore.a(syscalls_sam3.o)
                0x0008b016                _read
 *fill*         0x0008b01a        0x2 
 .text._write   0x0008b01c       0x24 C:/Users/LAPIS-~1/DOCUME~1/MATLAB/R2020b/ARDUIN~1/ARDUIN~1/FASTER~1/libcore.a(syscalls_sam3.o)
                0x0008b01c                _write
 .text._exit    0x0008b040        0x2 C:/Users/LAPIS-~1/DOCUME~1/MATLAB/R2020b/ARDUIN~1/ARDUIN~1/FASTER~1/libcore.a(syscalls_sam3.o)
                0x0008b040                _exit
 .text._kill    0x0008b042        0x2 C:/Users/LAPIS-~1/DOCUME~1/MATLAB/R2020b/ARDUIN~1/ARDUIN~1/FASTER~1/libcore.a(syscalls_sam3.o)
                0x0008b042                _kill
 .text._getpid  0x0008b044        0x6 C:/Users/LAPIS-~1/DOCUME~1/MATLAB/R2020b/ARDUIN~1/ARDUIN~1/FASTER~1/libcore.a(syscalls_sam3.o)
                0x0008b044                _getpid
 .text.millis   0x0008b04a        0x4 C:/Users/LAPIS-~1/DOCUME~1/MATLAB/R2020b/ARDUIN~1/ARDUIN~1/FASTER~1/libcore.a(wiring.o)
                0x0008b04a                millis
 *fill*         0x0008b04e        0x2 
 .text.pinMode  0x0008b050      0x108 C:/Users/LAPIS-~1/DOCUME~1/MATLAB/R2020b/ARDUIN~1/ARDUIN~1/FASTER~1/libcore.a(wiring_digital.o)
                0x0008b050                pinMode
 .text.digitalWrite
                0x0008b158       0x70 C:/Users/LAPIS-~1/DOCUME~1/MATLAB/R2020b/ARDUIN~1/ARDUIN~1/FASTER~1/libcore.a(wiring_digital.o)
                0x0008b158                digitalWrite
 .text._ZN5Print5writeEPKhj
                0x0008b1c8       0x22 C:/Users/LAPIS-~1/DOCUME~1/MATLAB/R2020b/ARDUIN~1/ARDUIN~1/FASTER~1/libcore.a(Print.o)
                0x0008b1c8                Print::write(unsigned char const*, unsigned int)
 .text._ZN5Print5printEmi.part.3
                0x0008b1ea        0xc C:/Users/LAPIS-~1/DOCUME~1/MATLAB/R2020b/ARDUIN~1/ARDUIN~1/FASTER~1/libcore.a(Print.o)
 .text._ZN5Print5writeEPKc
                0x0008b1f6       0x1e C:/Users/LAPIS-~1/DOCUME~1/MATLAB/R2020b/ARDUIN~1/ARDUIN~1/FASTER~1/libcore.a(Print.o)
                0x0008b1f6                Print::write(char const*)
 .text._ZN5Print5printEPKc
                0x0008b214        0x8 C:/Users/LAPIS-~1/DOCUME~1/MATLAB/R2020b/ARDUIN~1/ARDUIN~1/FASTER~1/libcore.a(Print.o)
                0x0008b214                Print::print(char const*)
 .text._ZN5Print5printEc
                0x0008b21c        0xa C:/Users/LAPIS-~1/DOCUME~1/MATLAB/R2020b/ARDUIN~1/ARDUIN~1/FASTER~1/libcore.a(Print.o)
                0x0008b21c                Print::print(char)
 *fill*         0x0008b226        0x2 
 .text._ZN5Print7printlnEv
                0x0008b228       0x10 C:/Users/LAPIS-~1/DOCUME~1/MATLAB/R2020b/ARDUIN~1/ARDUIN~1/FASTER~1/libcore.a(Print.o)
                0x0008b228                Print::println()
 .text._ZN5Print11printNumberEmh
                0x0008b238       0x3e C:/Users/LAPIS-~1/DOCUME~1/MATLAB/R2020b/ARDUIN~1/ARDUIN~1/FASTER~1/libcore.a(Print.o)
                0x0008b238                Print::printNumber(unsigned long, unsigned char)
 .text._ZN5Print5printEli
                0x0008b276       0x3c C:/Users/LAPIS-~1/DOCUME~1/MATLAB/R2020b/ARDUIN~1/ARDUIN~1/FASTER~1/libcore.a(Print.o)
                0x0008b276                Print::print(long, int)
 .text._ZN5Print5printEii
                0x0008b2b2        0x4 C:/Users/LAPIS-~1/DOCUME~1/MATLAB/R2020b/ARDUIN~1/ARDUIN~1/FASTER~1/libcore.a(Print.o)
                0x0008b2b2                Print::print(int, int)
 .text._ZN5Print7printlnEii
                0x0008b2b6       0x14 C:/Users/LAPIS-~1/DOCUME~1/MATLAB/R2020b/ARDUIN~1/ARDUIN~1/FASTER~1/libcore.a(Print.o)
                0x0008b2b6                Print::println(int, int)
 .text._ZN5Print7printlnEli
                0x0008b2ca       0x14 C:/Users/LAPIS-~1/DOCUME~1/MATLAB/R2020b/ARDUIN~1/ARDUIN~1/FASTER~1/libcore.a(Print.o)
                0x0008b2ca                Print::println(long, int)
 .text._ZN5Print5printEmi
                0x0008b2de        0xc C:/Users/LAPIS-~1/DOCUME~1/MATLAB/R2020b/ARDUIN~1/ARDUIN~1/FASTER~1/libcore.a(Print.o)
                0x0008b2de                Print::print(unsigned long, int)
 .text._ZN5Print5printEhi
                0x0008b2ea        0x4 C:/Users/LAPIS-~1/DOCUME~1/MATLAB/R2020b/ARDUIN~1/ARDUIN~1/FASTER~1/libcore.a(Print.o)
                0x0008b2ea                Print::print(unsigned char, int)
 .text._ZN5Print7printlnEhi
                0x0008b2ee       0x14 C:/Users/LAPIS-~1/DOCUME~1/MATLAB/R2020b/ARDUIN~1/ARDUIN~1/FASTER~1/libcore.a(Print.o)
                0x0008b2ee                Print::println(unsigned char, int)
 .text._ZN5Print7printlnEmi
                0x0008b302       0x14 C:/Users/LAPIS-~1/DOCUME~1/MATLAB/R2020b/ARDUIN~1/ARDUIN~1/FASTER~1/libcore.a(Print.o)
                0x0008b302                Print::println(unsigned long, int)
 *fill*         0x0008b316        0x2 
 .text._ZN5Print10printFloatEdh
                0x0008b318      0x148 C:/Users/LAPIS-~1/DOCUME~1/MATLAB/R2020b/ARDUIN~1/ARDUIN~1/FASTER~1/libcore.a(Print.o)
                0x0008b318                Print::printFloat(double, unsigned char)
 .text._ZN5Print5printEdi
                0x0008b460        0xa C:/Users/LAPIS-~1/DOCUME~1/MATLAB/R2020b/ARDUIN~1/ARDUIN~1/FASTER~1/libcore.a(Print.o)
                0x0008b460                Print::print(double, int)
 .text._ZN5Print7printlnEdi
                0x0008b46a       0x1c C:/Users/LAPIS-~1/DOCUME~1/MATLAB/R2020b/ARDUIN~1/ARDUIN~1/FASTER~1/libcore.a(Print.o)
                0x0008b46a                Print::println(double, int)
 *fill*         0x0008b486        0x2 
 .text.tickReset
                0x0008b488       0x20 C:/Users/LAPIS-~1/DOCUME~1/MATLAB/R2020b/ARDUIN~1/ARDUIN~1/FASTER~1/libcore.a(Reset.o)
                0x0008b488                tickReset
 .text._ZN6Stream9timedReadEv
                0x0008b4a8       0x2a C:/Users/LAPIS-~1/DOCUME~1/MATLAB/R2020b/ARDUIN~1/ARDUIN~1/FASTER~1/libcore.a(Stream.o)
                0x0008b4a8                Stream::timedRead()
 .text._ZN6Stream9readBytesEPcj
                0x0008b4d2       0x22 C:/Users/LAPIS-~1/DOCUME~1/MATLAB/R2020b/ARDUIN~1/ARDUIN~1/FASTER~1/libcore.a(Stream.o)
                0x0008b4d2                Stream::readBytes(char*, unsigned int)
 .text._ZN9UARTClasscvbEv
                0x0008b4f4        0x4 C:/Users/LAPIS-~1/DOCUME~1/MATLAB/R2020b/ARDUIN~1/ARDUIN~1/FASTER~1/libcore.a(UARTClass.o)
                0x0008b4f4                UARTClass::operator bool()
 .text._ZN9UARTClass9availableEv
                0x0008b4f8       0x12 C:/Users/LAPIS-~1/DOCUME~1/MATLAB/R2020b/ARDUIN~1/ARDUIN~1/FASTER~1/libcore.a(UARTClass.o)
                0x0008b4f8                UARTClass::available()
 .text._ZN9UARTClass4peekEv
                0x0008b50a       0x1c C:/Users/LAPIS-~1/DOCUME~1/MATLAB/R2020b/ARDUIN~1/ARDUIN~1/FASTER~1/libcore.a(UARTClass.o)
                0x0008b50a                UARTClass::peek()
 .text._ZN9UARTClass4readEv
                0x0008b526       0x2a C:/Users/LAPIS-~1/DOCUME~1/MATLAB/R2020b/ARDUIN~1/ARDUIN~1/FASTER~1/libcore.a(UARTClass.o)
                0x0008b526                UARTClass::read()
 .text._ZN9UARTClass5flushEv
                0x0008b550       0x18 C:/Users/LAPIS-~1/DOCUME~1/MATLAB/R2020b/ARDUIN~1/ARDUIN~1/FASTER~1/libcore.a(UARTClass.o)
                0x0008b550                UARTClass::flush()
 .text._ZN9UARTClass5writeEh
                0x0008b568       0x54 C:/Users/LAPIS-~1/DOCUME~1/MATLAB/R2020b/ARDUIN~1/ARDUIN~1/FASTER~1/libcore.a(UARTClass.o)
                0x0008b568                UARTClass::write(unsigned char)
 .text._ZN9UARTClass3endEv
                0x0008b5bc       0x3c C:/Users/LAPIS-~1/DOCUME~1/MATLAB/R2020b/ARDUIN~1/ARDUIN~1/FASTER~1/libcore.a(UARTClass.o)
                0x0008b5bc                UARTClass::end()
 .text._ZN9UARTClassC2EP4Uart4IRQnmP10RingBufferS4_
                0x0008b5f8       0x24 C:/Users/LAPIS-~1/DOCUME~1/MATLAB/R2020b/ARDUIN~1/ARDUIN~1/FASTER~1/libcore.a(UARTClass.o)
                0x0008b5f8                UARTClass::UARTClass(Uart*, IRQn, unsigned long, RingBuffer*, RingBuffer*)
                0x0008b5f8                UARTClass::UARTClass(Uart*, IRQn, unsigned long, RingBuffer*, RingBuffer*)
 .text._ZN9UARTClass4initEmm
                0x0008b61c       0x70 C:/Users/LAPIS-~1/DOCUME~1/MATLAB/R2020b/ARDUIN~1/ARDUIN~1/FASTER~1/libcore.a(UARTClass.o)
                0x0008b61c                UARTClass::init(unsigned long, unsigned long)
 .text._ZN9UARTClass5beginEm
                0x0008b68c        0x8 C:/Users/LAPIS-~1/DOCUME~1/MATLAB/R2020b/ARDUIN~1/ARDUIN~1/FASTER~1/libcore.a(UARTClass.o)
                0x0008b68c                UARTClass::begin(unsigned long)
 .text._ZN9UARTClass10IrqHandlerEv
                0x0008b694       0x5a C:/Users/LAPIS-~1/DOCUME~1/MATLAB/R2020b/ARDUIN~1/ARDUIN~1/FASTER~1/libcore.a(UARTClass.o)
                0x0008b694                UARTClass::IrqHandler()
 .text._ZN10USARTClass5beginEm
                0x0008b6ee        0x8 C:/Users/LAPIS-~1/DOCUME~1/MATLAB/R2020b/ARDUIN~1/ARDUIN~1/FASTER~1/libcore.a(USARTClass.o)
                0x0008b6ee                USARTClass::begin(unsigned long)
 *fill*         0x0008b6f6        0x2 
 .text._ZN10USARTClassC2EP5Usart4IRQnmP10RingBufferS4_
                0x0008b6f8       0x24 C:/Users/LAPIS-~1/DOCUME~1/MATLAB/R2020b/ARDUIN~1/ARDUIN~1/FASTER~1/libcore.a(USARTClass.o)
                0x0008b6f8                USARTClass::USARTClass(Usart*, IRQn, unsigned long, RingBuffer*, RingBuffer*)
                0x0008b6f8                USARTClass::USARTClass(Usart*, IRQn, unsigned long, RingBuffer*, RingBuffer*)
 .text._Z15watchdogDisablev
                0x0008b71c        0xc C:/Users/LAPIS-~1/DOCUME~1/MATLAB/R2020b/ARDUIN~1/ARDUIN~1/FASTER~1/libcore.a(watchdog.o)
                0x0008b71c                watchdogDisable()
 .text.UART_Handler
                0x0008b728        0xc C:/Users/LAPIS-~1/DOCUME~1/MATLAB/R2020b/ARDUIN~1/ARDUIN~1/FASTER~1/libcore.a(variant.o)
                0x0008b728                UART_Handler
 .text.USART0_Handler
                0x0008b734        0xc C:/Users/LAPIS-~1/DOCUME~1/MATLAB/R2020b/ARDUIN~1/ARDUIN~1/FASTER~1/libcore.a(variant.o)
                0x0008b734                USART0_Handler
 .text.USART1_Handler
                0x0008b740        0xc C:/Users/LAPIS-~1/DOCUME~1/MATLAB/R2020b/ARDUIN~1/ARDUIN~1/FASTER~1/libcore.a(variant.o)
                0x0008b740                USART1_Handler
 .text.USART3_Handler
                0x0008b74c        0xc C:/Users/LAPIS-~1/DOCUME~1/MATLAB/R2020b/ARDUIN~1/ARDUIN~1/FASTER~1/libcore.a(variant.o)
                0x0008b74c                USART3_Handler
 .text.init     0x0008b758      0x128 C:/Users/LAPIS-~1/DOCUME~1/MATLAB/R2020b/ARDUIN~1/ARDUIN~1/FASTER~1/libcore.a(variant.o)
                0x0008b758                init
 .text.startup._GLOBAL__sub_I_g_APinDescription
                0x0008b880       0xd4 C:/Users/LAPIS-~1/DOCUME~1/MATLAB/R2020b/ARDUIN~1/ARDUIN~1/FASTER~1/libcore.a(variant.o)
 .text.analogOutputInit
                0x0008b954        0x2 C:/Users/LAPIS-~1/DOCUME~1/MATLAB/R2020b/ARDUIN~1/ARDUIN~1/FASTER~1/libcore.a(wiring_analog.o)
                0x0008b954                analogOutputInit
 .text._ZN10RingBufferC2Ev
                0x0008b956       0x1a C:/Users/LAPIS-~1/DOCUME~1/MATLAB/R2020b/ARDUIN~1/ARDUIN~1/FASTER~1/libcore.a(RingBuffer.o)
                0x0008b956                RingBuffer::RingBuffer()
                0x0008b956                RingBuffer::RingBuffer()
 .text._ZN10RingBuffer10store_charEh
                0x0008b970       0x1e C:/Users/LAPIS-~1/DOCUME~1/MATLAB/R2020b/ARDUIN~1/ARDUIN~1/FASTER~1/libcore.a(RingBuffer.o)
                0x0008b970                RingBuffer::store_char(unsigned char)
 .text.PIO_PullUp
                0x0008b98e        0xa C:/ProgramData/MATLAB/SupportPackages/R2020b/3P.instrset/arduinoide.instrset/portable/packages/arduino/hardware/sam/1.6.12/variants/arduino_due_x/libsam_sam3x8e_gcc_rel.a(pio.o)
                0x0008b98e                PIO_PullUp
 .text.PIO_SetPeripheral
                0x0008b998       0x26 C:/ProgramData/MATLAB/SupportPackages/R2020b/3P.instrset/arduinoide.instrset/portable/packages/arduino/hardware/sam/1.6.12/variants/arduino_due_x/libsam_sam3x8e_gcc_rel.a(pio.o)
                0x0008b998                PIO_SetPeripheral
 .text.PIO_SetInput
                0x0008b9be       0x26 C:/ProgramData/MATLAB/SupportPackages/R2020b/3P.instrset/arduinoide.instrset/portable/packages/arduino/hardware/sam/1.6.12/variants/arduino_due_x/libsam_sam3x8e_gcc_rel.a(pio.o)
                0x0008b9be                PIO_SetInput
 .text.PIO_SetOutput
                0x0008b9e4       0x24 C:/ProgramData/MATLAB/SupportPackages/R2020b/3P.instrset/arduinoide.instrset/portable/packages/arduino/hardware/sam/1.6.12/variants/arduino_due_x/libsam_sam3x8e_gcc_rel.a(pio.o)
                0x0008b9e4                PIO_SetOutput
 .text.PIO_Configure
                0x0008ba08       0x64 C:/ProgramData/MATLAB/SupportPackages/R2020b/3P.instrset/arduinoide.instrset/portable/packages/arduino/hardware/sam/1.6.12/variants/arduino_due_x/libsam_sam3x8e_gcc_rel.a(pio.o)
                0x0008ba08                PIO_Configure
 .text.PIO_GetOutputDataStatus
                0x0008ba6c       0x14 C:/ProgramData/MATLAB/SupportPackages/R2020b/3P.instrset/arduinoide.instrset/portable/packages/arduino/hardware/sam/1.6.12/variants/arduino_due_x/libsam_sam3x8e_gcc_rel.a(pio.o)
                0x0008ba6c                PIO_GetOutputDataStatus
 .text.pmc_enable_periph_clk
                0x0008ba80       0x44 C:/ProgramData/MATLAB/SupportPackages/R2020b/3P.instrset/arduinoide.instrset/portable/packages/arduino/hardware/sam/1.6.12/variants/arduino_due_x/libsam_sam3x8e_gcc_rel.a(pmc.o)
                0x0008ba80                pmc_enable_periph_clk
 .text.pmc_disable_periph_clk
                0x0008bac4       0x40 C:/ProgramData/MATLAB/SupportPackages/R2020b/3P.instrset/arduinoide.instrset/portable/packages/arduino/hardware/sam/1.6.12/variants/arduino_due_x/libsam_sam3x8e_gcc_rel.a(pmc.o)
                0x0008bac4                pmc_disable_periph_clk
 .text.pmc_set_writeprotect
                0x0008bb04       0x1c C:/ProgramData/MATLAB/SupportPackages/R2020b/3P.instrset/arduinoide.instrset/portable/packages/arduino/hardware/sam/1.6.12/variants/arduino_due_x/libsam_sam3x8e_gcc_rel.a(pmc.o)
                0x0008bb04                pmc_set_writeprotect
 .text.TC_Configure
                0x0008bb20       0x38 C:/ProgramData/MATLAB/SupportPackages/R2020b/3P.instrset/arduinoide.instrset/portable/packages/arduino/hardware/sam/1.6.12/variants/arduino_due_x/libsam_sam3x8e_gcc_rel.a(tc.o)
                0x0008bb20                TC_Configure
 .text.TC_Start
                0x0008bb58       0x2c C:/ProgramData/MATLAB/SupportPackages/R2020b/3P.instrset/arduinoide.instrset/portable/packages/arduino/hardware/sam/1.6.12/variants/arduino_due_x/libsam_sam3x8e_gcc_rel.a(tc.o)
                0x0008bb58                TC_Start
 .text.TC_GetStatus
                0x0008bb84        0x8 C:/ProgramData/MATLAB/SupportPackages/R2020b/3P.instrset/arduinoide.instrset/portable/packages/arduino/hardware/sam/1.6.12/variants/arduino_due_x/libsam_sam3x8e_gcc_rel.a(tc.o)
                0x0008bb84                TC_GetStatus
 .text.TC_SetRC
                0x0008bb8c        0x8 C:/ProgramData/MATLAB/SupportPackages/R2020b/3P.instrset/arduinoide.instrset/portable/packages/arduino/hardware/sam/1.6.12/variants/arduino_due_x/libsam_sam3x8e_gcc_rel.a(tc.o)
                0x0008bb8c                TC_SetRC
 .text.TimeTick_Increment
                0x0008bb94       0x10 C:/ProgramData/MATLAB/SupportPackages/R2020b/3P.instrset/arduinoide.instrset/portable/packages/arduino/hardware/sam/1.6.12/variants/arduino_due_x/libsam_sam3x8e_gcc_rel.a(timetick.o)
                0x0008bb94                TimeTick_Increment
 .text.GetTickCount
                0x0008bba4        0xc C:/ProgramData/MATLAB/SupportPackages/R2020b/3P.instrset/arduinoide.instrset/portable/packages/arduino/hardware/sam/1.6.12/variants/arduino_due_x/libsam_sam3x8e_gcc_rel.a(timetick.o)
                0x0008bba4                GetTickCount
 .text.TWI_SetClock
                0x0008bbb0       0x58 C:/ProgramData/MATLAB/SupportPackages/R2020b/3P.instrset/arduinoide.instrset/portable/packages/arduino/hardware/sam/1.6.12/variants/arduino_due_x/libsam_sam3x8e_gcc_rel.a(twi.o)
                0x0008bbb0                TWI_SetClock
 .text.TWI_Disable
                0x0008bc08       0x2c C:/ProgramData/MATLAB/SupportPackages/R2020b/3P.instrset/arduinoide.instrset/portable/packages/arduino/hardware/sam/1.6.12/variants/arduino_due_x/libsam_sam3x8e_gcc_rel.a(twi.o)
                0x0008bc08                TWI_Disable
 .text.TWI_ConfigureMaster
                0x0008bc34       0x48 C:/ProgramData/MATLAB/SupportPackages/R2020b/3P.instrset/arduinoide.instrset/portable/packages/arduino/hardware/sam/1.6.12/variants/arduino_due_x/libsam_sam3x8e_gcc_rel.a(twi.o)
                0x0008bc34                TWI_ConfigureMaster
 .text.TWI_Stop
                0x0008bc7c       0x28 C:/ProgramData/MATLAB/SupportPackages/R2020b/3P.instrset/arduinoide.instrset/portable/packages/arduino/hardware/sam/1.6.12/variants/arduino_due_x/libsam_sam3x8e_gcc_rel.a(twi.o)
                0x0008bc7c                TWI_Stop
 .text.TWI_StartRead
                0x0008bca4       0x70 C:/ProgramData/MATLAB/SupportPackages/R2020b/3P.instrset/arduinoide.instrset/portable/packages/arduino/hardware/sam/1.6.12/variants/arduino_due_x/libsam_sam3x8e_gcc_rel.a(twi.o)
                0x0008bca4                TWI_StartRead
 .text.TWI_ReadByte
                0x0008bd14       0x28 C:/ProgramData/MATLAB/SupportPackages/R2020b/3P.instrset/arduinoide.instrset/portable/packages/arduino/hardware/sam/1.6.12/variants/arduino_due_x/libsam_sam3x8e_gcc_rel.a(twi.o)
                0x0008bd14                TWI_ReadByte
 .text.TWI_WriteByte
                0x0008bd3c       0x24 C:/ProgramData/MATLAB/SupportPackages/R2020b/3P.instrset/arduinoide.instrset/portable/packages/arduino/hardware/sam/1.6.12/variants/arduino_due_x/libsam_sam3x8e_gcc_rel.a(twi.o)
                0x0008bd3c                TWI_WriteByte
 .text.TWI_StartWrite
                0x0008bd60       0x7c C:/ProgramData/MATLAB/SupportPackages/R2020b/3P.instrset/arduinoide.instrset/portable/packages/arduino/hardware/sam/1.6.12/variants/arduino_due_x/libsam_sam3x8e_gcc_rel.a(twi.o)
                0x0008bd60                TWI_StartWrite
 .text.TWI_EnableIt
                0x0008bddc       0x40 C:/ProgramData/MATLAB/SupportPackages/R2020b/3P.instrset/arduinoide.instrset/portable/packages/arduino/hardware/sam/1.6.12/variants/arduino_due_x/libsam_sam3x8e_gcc_rel.a(twi.o)
                0x0008bddc                TWI_EnableIt
 .text.TWI_DisableIt
                0x0008be1c       0x40 C:/ProgramData/MATLAB/SupportPackages/R2020b/3P.instrset/arduinoide.instrset/portable/packages/arduino/hardware/sam/1.6.12/variants/arduino_due_x/libsam_sam3x8e_gcc_rel.a(twi.o)
                0x0008be1c                TWI_DisableIt
 .text.TWI_GetStatus
                0x0008be5c       0x28 C:/ProgramData/MATLAB/SupportPackages/R2020b/3P.instrset/arduinoide.instrset/portable/packages/arduino/hardware/sam/1.6.12/variants/arduino_due_x/libsam_sam3x8e_gcc_rel.a(twi.o)
                0x0008be5c                TWI_GetStatus
 .text.TWI_SendSTOPCondition
                0x0008be84       0x2c C:/ProgramData/MATLAB/SupportPackages/R2020b/3P.instrset/arduinoide.instrset/portable/packages/arduino/hardware/sam/1.6.12/variants/arduino_due_x/libsam_sam3x8e_gcc_rel.a(twi.o)
                0x0008be84                TWI_SendSTOPCondition
 .text.WDT_Disable
                0x0008beb0        0x8 C:/ProgramData/MATLAB/SupportPackages/R2020b/3P.instrset/arduinoide.instrset/portable/packages/arduino/hardware/sam/1.6.12/variants/arduino_due_x/libsam_sam3x8e_gcc_rel.a(wdt.o)
                0x0008beb0                WDT_Disable
 .text.SystemInit
                0x0008beb8       0x88 C:/ProgramData/MATLAB/SupportPackages/R2020b/3P.instrset/arduinoide.instrset/portable/packages/arduino/hardware/sam/1.6.12/variants/arduino_due_x/libsam_sam3x8e_gcc_rel.a(system_sam3xa.o)
                0x0008beb8                SystemInit
 .text.adc_init
                0x0008bf40       0x98 C:/ProgramData/MATLAB/SupportPackages/R2020b/3P.instrset/arduinoide.instrset/portable/packages/arduino/hardware/sam/1.6.12/variants/arduino_due_x/libsam_sam3x8e_gcc_rel.a(adc.o)
                0x0008bf40                adc_init
 .text.adc_configure_trigger
                0x0008bfd8        0xe C:/ProgramData/MATLAB/SupportPackages/R2020b/3P.instrset/arduinoide.instrset/portable/packages/arduino/hardware/sam/1.6.12/variants/arduino_due_x/libsam_sam3x8e_gcc_rel.a(adc.o)
                0x0008bfd8                adc_configure_trigger
 .text.adc_configure_timing
                0x0008bfe6       0x1a C:/ProgramData/MATLAB/SupportPackages/R2020b/3P.instrset/arduinoide.instrset/portable/packages/arduino/hardware/sam/1.6.12/variants/arduino_due_x/libsam_sam3x8e_gcc_rel.a(adc.o)
                0x0008bfe6                adc_configure_timing
 .text.adc_disable_channel
                0x0008c000        0xa C:/ProgramData/MATLAB/SupportPackages/R2020b/3P.instrset/arduinoide.instrset/portable/packages/arduino/hardware/sam/1.6.12/variants/arduino_due_x/libsam_sam3x8e_gcc_rel.a(adc.o)
                0x0008c000                adc_disable_channel
 .text.adc_disable_all_channel
                0x0008c00a        0x8 C:/ProgramData/MATLAB/SupportPackages/R2020b/3P.instrset/arduinoide.instrset/portable/packages/arduino/hardware/sam/1.6.12/variants/arduino_due_x/libsam_sam3x8e_gcc_rel.a(adc.o)
                0x0008c00a                adc_disable_all_channel
 .text.adc_disable_interrupt
                0x0008c012        0x4 C:/ProgramData/MATLAB/SupportPackages/R2020b/3P.instrset/arduinoide.instrset/portable/packages/arduino/hardware/sam/1.6.12/variants/arduino_due_x/libsam_sam3x8e_gcc_rel.a(adc.o)
                0x0008c012                adc_disable_interrupt
 *fill*         0x0008c016        0x2 
 .text.ceil     0x0008c018      0x120 c:/programdata/matlab/supportpackages/r2020b/3p.instrset/arduinoide.instrset/portable/packages/arduino/tools/arm-none-eabi-gcc/4.8.3-2014q1/bin/../lib/gcc/arm-none-eabi/4.8.3/../../../../arm-none-eabi/lib/armv7-m\libm.a(lib_a-s_ceil.o)
                0x0008c018                ceil
 .text.floor    0x0008c138      0x120 c:/programdata/matlab/supportpackages/r2020b/3p.instrset/arduinoide.instrset/portable/packages/arduino/tools/arm-none-eabi-gcc/4.8.3-2014q1/bin/../lib/gcc/arm-none-eabi/4.8.3/../../../../arm-none-eabi/lib/armv7-m\libm.a(lib_a-s_floor.o)
                0x0008c138                floor
 .text.__fpclassifyd
                0x0008c258       0x50 c:/programdata/matlab/supportpackages/r2020b/3p.instrset/arduinoide.instrset/portable/packages/arduino/tools/arm-none-eabi-gcc/4.8.3-2014q1/bin/../lib/gcc/arm-none-eabi/4.8.3/../../../../arm-none-eabi/lib/armv7-m\libm.a(lib_a-s_fpclassify.o)
                0x0008c258                __fpclassifyd
 .text.ldexp    0x0008c2a8       0x54 c:/programdata/matlab/supportpackages/r2020b/3p.instrset/arduinoide.instrset/portable/packages/arduino/tools/arm-none-eabi-gcc/4.8.3-2014q1/bin/../lib/gcc/arm-none-eabi/4.8.3/../../../../arm-none-eabi/lib/armv7-m\libm.a(lib_a-s_ldexp.o)
                0x0008c2a8                ldexp
 *fill*         0x0008c2fc        0x4 
 .text.scalbn   0x0008c300      0x100 c:/programdata/matlab/supportpackages/r2020b/3p.instrset/arduinoide.instrset/portable/packages/arduino/tools/arm-none-eabi-gcc/4.8.3-2014q1/bin/../lib/gcc/arm-none-eabi/4.8.3/../../../../arm-none-eabi/lib/armv7-m\libm.a(lib_a-s_scalbn.o)
                0x0008c300                scalbn
 .text.fmod     0x0008c400       0xb4 c:/programdata/matlab/supportpackages/r2020b/3p.instrset/arduinoide.instrset/portable/packages/arduino/tools/arm-none-eabi-gcc/4.8.3-2014q1/bin/../lib/gcc/arm-none-eabi/4.8.3/../../../../arm-none-eabi/lib/armv7-m\libm.a(lib_a-w_fmod.o)
                0x0008c400                fmod
 .text.log      0x0008c4b4       0xe4 c:/programdata/matlab/supportpackages/r2020b/3p.instrset/arduinoide.instrset/portable/packages/arduino/tools/arm-none-eabi-gcc/4.8.3-2014q1/bin/../lib/gcc/arm-none-eabi/4.8.3/../../../../arm-none-eabi/lib/armv7-m\libm.a(lib_a-w_log.o)
                0x0008c4b4                log
 .text.sqrt     0x0008c598       0xac c:/programdata/matlab/supportpackages/r2020b/3p.instrset/arduinoide.instrset/portable/packages/arduino/tools/arm-none-eabi-gcc/4.8.3-2014q1/bin/../lib/gcc/arm-none-eabi/4.8.3/../../../../arm-none-eabi/lib/armv7-m\libm.a(lib_a-w_sqrt.o)
                0x0008c598                sqrt
 .text.__ieee754_fmod
                0x0008c644      0x278 c:/programdata/matlab/supportpackages/r2020b/3p.instrset/arduinoide.instrset/portable/packages/arduino/tools/arm-none-eabi-gcc/4.8.3-2014q1/bin/../lib/gcc/arm-none-eabi/4.8.3/../../../../arm-none-eabi/lib/armv7-m\libm.a(lib_a-e_fmod.o)
                0x0008c644                __ieee754_fmod
 *fill*         0x0008c8bc        0x4 
 .text.__ieee754_log
                0x0008c8c0      0x3f0 c:/programdata/matlab/supportpackages/r2020b/3p.instrset/arduinoide.instrset/portable/packages/arduino/tools/arm-none-eabi-gcc/4.8.3-2014q1/bin/../lib/gcc/arm-none-eabi/4.8.3/../../../../arm-none-eabi/lib/armv7-m\libm.a(lib_a-e_log.o)
                0x0008c8c0                __ieee754_log
 .text.__ieee754_sqrt
                0x0008ccb0      0x180 c:/programdata/matlab/supportpackages/r2020b/3p.instrset/arduinoide.instrset/portable/packages/arduino/tools/arm-none-eabi-gcc/4.8.3-2014q1/bin/../lib/gcc/arm-none-eabi/4.8.3/../../../../arm-none-eabi/lib/armv7-m\libm.a(lib_a-e_sqrt.o)
                0x0008ccb0                __ieee754_sqrt
 .text.copysign
                0x0008ce30       0x14 c:/programdata/matlab/supportpackages/r2020b/3p.instrset/arduinoide.instrset/portable/packages/arduino/tools/arm-none-eabi-gcc/4.8.3-2014q1/bin/../lib/gcc/arm-none-eabi/4.8.3/../../../../arm-none-eabi/lib/armv7-m\libm.a(lib_a-s_copysign.o)
                0x0008ce30                copysign
 .text.finite   0x0008ce44        0xc c:/programdata/matlab/supportpackages/r2020b/3p.instrset/arduinoide.instrset/portable/packages/arduino/tools/arm-none-eabi-gcc/4.8.3-2014q1/bin/../lib/gcc/arm-none-eabi/4.8.3/../../../../arm-none-eabi/lib/armv7-m\libm.a(lib_a-s_finite.o)
                0x0008ce44                finite
 .text.matherr  0x0008ce50        0x4 c:/programdata/matlab/supportpackages/r2020b/3p.instrset/arduinoide.instrset/portable/packages/arduino/tools/arm-none-eabi-gcc/4.8.3-2014q1/bin/../lib/gcc/arm-none-eabi/4.8.3/../../../../arm-none-eabi/lib/armv7-m\libm.a(lib_a-s_matherr.o)
                0x0008ce50                matherr
 .text.nan      0x0008ce54        0xc c:/programdata/matlab/supportpackages/r2020b/3p.instrset/arduinoide.instrset/portable/packages/arduino/tools/arm-none-eabi-gcc/4.8.3-2014q1/bin/../lib/gcc/arm-none-eabi/4.8.3/../../../../arm-none-eabi/lib/armv7-m\libm.a(lib_a-s_nan.o)
                0x0008ce54                nan
 .text          0x0008ce60      0x370 c:/programdata/matlab/supportpackages/r2020b/3p.instrset/arduinoide.instrset/portable/packages/arduino/tools/arm-none-eabi-gcc/4.8.3-2014q1/bin/../lib/gcc/arm-none-eabi/4.8.3/armv7-m\libgcc.a(_arm_addsubdf3.o)
                0x0008ce60                __aeabi_drsub
                0x0008ce68                __aeabi_dsub
                0x0008ce68                __subdf3
                0x0008ce6c                __aeabi_dadd
                0x0008ce6c                __adddf3
                0x0008d0e4                __floatunsidf
                0x0008d0e4                __aeabi_ui2d
                0x0008d104                __floatsidf
                0x0008d104                __aeabi_i2d
                0x0008d128                __aeabi_f2d
                0x0008d128                __extendsfdf2
                0x0008d164                __floatundidf
                0x0008d164                __aeabi_ul2d
                0x0008d174                __floatdidf
                0x0008d174                __aeabi_l2d
 .text          0x0008d1d0      0x424 c:/programdata/matlab/supportpackages/r2020b/3p.instrset/arduinoide.instrset/portable/packages/arduino/tools/arm-none-eabi-gcc/4.8.3-2014q1/bin/../lib/gcc/arm-none-eabi/4.8.3/armv7-m\libgcc.a(_arm_muldivdf3.o)
                0x0008d1d0                __aeabi_dmul
                0x0008d1d0                __muldf3
                0x0008d424                __divdf3
                0x0008d424                __aeabi_ddiv
 .text          0x0008d5f4      0x110 c:/programdata/matlab/supportpackages/r2020b/3p.instrset/arduinoide.instrset/portable/packages/arduino/tools/arm-none-eabi-gcc/4.8.3-2014q1/bin/../lib/gcc/arm-none-eabi/4.8.3/armv7-m\libgcc.a(_arm_cmpdf2.o)
                0x0008d5f4                __gtdf2
                0x0008d5f4                __gedf2
                0x0008d5fc                __ltdf2
                0x0008d5fc                __ledf2
                0x0008d604                __nedf2
                0x0008d604                __eqdf2
                0x0008d604                __cmpdf2
                0x0008d680                __aeabi_cdrcmple
                0x0008d690                __aeabi_cdcmpeq
                0x0008d690                __aeabi_cdcmple
                0x0008d6a0                __aeabi_dcmpeq
                0x0008d6b4                __aeabi_dcmplt
                0x0008d6c8                __aeabi_dcmple
                0x0008d6dc                __aeabi_dcmpge
                0x0008d6f0                __aeabi_dcmpgt
 .text          0x0008d704       0x50 c:/programdata/matlab/supportpackages/r2020b/3p.instrset/arduinoide.instrset/portable/packages/arduino/tools/arm-none-eabi-gcc/4.8.3-2014q1/bin/../lib/gcc/arm-none-eabi/4.8.3/armv7-m\libgcc.a(_arm_fixdfsi.o)
                0x0008d704                __aeabi_d2iz
                0x0008d704                __fixdfsi
 .text          0x0008d754       0x40 c:/programdata/matlab/supportpackages/r2020b/3p.instrset/arduinoide.instrset/portable/packages/arduino/tools/arm-none-eabi-gcc/4.8.3-2014q1/bin/../lib/gcc/arm-none-eabi/4.8.3/armv7-m\libgcc.a(_arm_fixunsdfsi.o)
                0x0008d754                __aeabi_d2uiz
                0x0008d754                __fixunsdfsi
 .text          0x0008d794       0xa0 c:/programdata/matlab/supportpackages/r2020b/3p.instrset/arduinoide.instrset/portable/packages/arduino/tools/arm-none-eabi-gcc/4.8.3-2014q1/bin/../lib/gcc/arm-none-eabi/4.8.3/armv7-m\libgcc.a(_arm_truncdfsf2.o)
                0x0008d794                __truncdfsf2
                0x0008d794                __aeabi_d2f
 .text          0x0008d834      0x21c c:/programdata/matlab/supportpackages/r2020b/3p.instrset/arduinoide.instrset/portable/packages/arduino/tools/arm-none-eabi-gcc/4.8.3-2014q1/bin/../lib/gcc/arm-none-eabi/4.8.3/armv7-m\libgcc.a(_arm_addsubsf3.o)
                0x0008d834                __aeabi_frsub
                0x0008d83c                __subsf3
                0x0008d83c                __aeabi_fsub
                0x0008d840                __aeabi_fadd
                0x0008d840                __addsf3
                0x0008d9a0                __aeabi_ui2f
                0x0008d9a0                __floatunsisf
                0x0008d9a8                __aeabi_i2f
                0x0008d9a8                __floatsisf
                0x0008d9c4                __aeabi_ul2f
                0x0008d9c4                __floatundisf
                0x0008d9d4                __aeabi_l2f
                0x0008d9d4                __floatdisf
 .text          0x0008da50      0x2a0 c:/programdata/matlab/supportpackages/r2020b/3p.instrset/arduinoide.instrset/portable/packages/arduino/tools/arm-none-eabi-gcc/4.8.3-2014q1/bin/../lib/gcc/arm-none-eabi/4.8.3/armv7-m\libgcc.a(_arm_muldivsf3.o)
                0x0008da50                __mulsf3
                0x0008da50                __aeabi_fmul
                0x0008dbb8                __aeabi_fdiv
                0x0008dbb8                __divsf3
 .text          0x0008dcf0       0xec c:/programdata/matlab/supportpackages/r2020b/3p.instrset/arduinoide.instrset/portable/packages/arduino/tools/arm-none-eabi-gcc/4.8.3-2014q1/bin/../lib/gcc/arm-none-eabi/4.8.3/armv7-m\libgcc.a(_arm_cmpsf2.o)
                0x0008dcf0                __gesf2
                0x0008dcf0                __gtsf2
                0x0008dcf8                __lesf2
                0x0008dcf8                __ltsf2
                0x0008dd00                __nesf2
                0x0008dd00                __eqsf2
                0x0008dd00                __cmpsf2
                0x0008dd60                __aeabi_cfrcmple
                0x0008dd68                __aeabi_cfcmpeq
                0x0008dd68                __aeabi_cfcmple
                0x0008dd78                __aeabi_fcmpeq
                0x0008dd8c                __aeabi_fcmplt
                0x0008dda0                __aeabi_fcmple
                0x0008ddb4                __aeabi_fcmpge
                0x0008ddc8                __aeabi_fcmpgt
 .text          0x0008dddc       0x4c c:/programdata/matlab/supportpackages/r2020b/3p.instrset/arduinoide.instrset/portable/packages/arduino/tools/arm-none-eabi-gcc/4.8.3-2014q1/bin/../lib/gcc/arm-none-eabi/4.8.3/armv7-m\libgcc.a(_arm_fixsfsi.o)
                0x0008dddc                __aeabi_f2iz
                0x0008dddc                __fixsfsi
 .text          0x0008de28       0x40 c:/programdata/matlab/supportpackages/r2020b/3p.instrset/arduinoide.instrset/portable/packages/arduino/tools/arm-none-eabi-gcc/4.8.3-2014q1/bin/../lib/gcc/arm-none-eabi/4.8.3/armv7-m\libgcc.a(_arm_fixunssfsi.o)
                0x0008de28                __fixunssfsi
                0x0008de28                __aeabi_f2uiz
 .text.__assert_func
                0x0008de68       0x3c c:/programdata/matlab/supportpackages/r2020b/3p.instrset/arduinoide.instrset/portable/packages/arduino/tools/arm-none-eabi-gcc/4.8.3-2014q1/bin/../lib/gcc/arm-none-eabi/4.8.3/../../../../arm-none-eabi/lib/armv7-m\libg.a(lib_a-assert.o)
                0x0008de68                __assert_func
 .text.__errno  0x0008dea4        0xc c:/programdata/matlab/supportpackages/r2020b/3p.instrset/arduinoide.instrset/portable/packages/arduino/tools/arm-none-eabi-gcc/4.8.3-2014q1/bin/../lib/gcc/arm-none-eabi/4.8.3/../../../../arm-none-eabi/lib/armv7-m\libg.a(lib_a-errno.o)
                0x0008dea4                __errno
 .text.fiprintf
                0x0008deb0       0x28 c:/programdata/matlab/supportpackages/r2020b/3p.instrset/arduinoide.instrset/portable/packages/arduino/tools/arm-none-eabi-gcc/4.8.3-2014q1/bin/../lib/gcc/arm-none-eabi/4.8.3/../../../../arm-none-eabi/lib/armv7-m\libg.a(lib_a-fiprintf.o)
                0x0008deb0                fiprintf
 .text.__libc_init_array
                0x0008ded8       0x50 c:/programdata/matlab/supportpackages/r2020b/3p.instrset/arduinoide.instrset/portable/packages/arduino/tools/arm-none-eabi-gcc/4.8.3-2014q1/bin/../lib/gcc/arm-none-eabi/4.8.3/../../../../arm-none-eabi/lib/armv7-m\libg.a(lib_a-init.o)
                0x0008ded8                __libc_init_array
 .text.malloc   0x0008df28       0x10 c:/programdata/matlab/supportpackages/r2020b/3p.instrset/arduinoide.instrset/portable/packages/arduino/tools/arm-none-eabi-gcc/4.8.3-2014q1/bin/../lib/gcc/arm-none-eabi/4.8.3/../../../../arm-none-eabi/lib/armv7-m\libg.a(lib_a-malloc.o)
                0x0008df28                malloc
 .text._malloc_r
                0x0008df38      0x538 c:/programdata/matlab/supportpackages/r2020b/3p.instrset/arduinoide.instrset/portable/packages/arduino/tools/arm-none-eabi-gcc/4.8.3-2014q1/bin/../lib/gcc/arm-none-eabi/4.8.3/../../../../arm-none-eabi/lib/armv7-m\libg.a(lib_a-mallocr.o)
                0x0008df38                _malloc_r
 .text          0x0008e470       0xec c:/programdata/matlab/supportpackages/r2020b/3p.instrset/arduinoide.instrset/portable/packages/arduino/tools/arm-none-eabi-gcc/4.8.3-2014q1/bin/../lib/gcc/arm-none-eabi/4.8.3/../../../../arm-none-eabi/lib/armv7-m\libg.a(lib_a-memcpy.o)
                0x0008e470                memcpy
 .text.memmove  0x0008e55c       0xcc c:/programdata/matlab/supportpackages/r2020b/3p.instrset/arduinoide.instrset/portable/packages/arduino/tools/arm-none-eabi-gcc/4.8.3-2014q1/bin/../lib/gcc/arm-none-eabi/4.8.3/../../../../arm-none-eabi/lib/armv7-m\libg.a(lib_a-memmove.o)
                0x0008e55c                memmove
 .text.memset   0x0008e628       0x94 c:/programdata/matlab/supportpackages/r2020b/3p.instrset/arduinoide.instrset/portable/packages/arduino/tools/arm-none-eabi-gcc/4.8.3-2014q1/bin/../lib/gcc/arm-none-eabi/4.8.3/../../../../arm-none-eabi/lib/armv7-m\libg.a(lib_a-memset.o)
                0x0008e628                memset
 .text.__malloc_lock
                0x0008e6bc        0x4 c:/programdata/matlab/supportpackages/r2020b/3p.instrset/arduinoide.instrset/portable/packages/arduino/tools/arm-none-eabi-gcc/4.8.3-2014q1/bin/../lib/gcc/arm-none-eabi/4.8.3/../../../../arm-none-eabi/lib/armv7-m\libg.a(lib_a-mlock.o)
                0x0008e6bc                __malloc_lock
 .text.__malloc_unlock
                0x0008e6c0        0x4 c:/programdata/matlab/supportpackages/r2020b/3p.instrset/arduinoide.instrset/portable/packages/arduino/tools/arm-none-eabi-gcc/4.8.3-2014q1/bin/../lib/gcc/arm-none-eabi/4.8.3/../../../../arm-none-eabi/lib/armv7-m\libg.a(lib_a-mlock.o)
                0x0008e6c0                __malloc_unlock
 .text._realloc_r
                0x0008e6c4      0x3c0 c:/programdata/matlab/supportpackages/r2020b/3p.instrset/arduinoide.instrset/portable/packages/arduino/tools/arm-none-eabi-gcc/4.8.3-2014q1/bin/../lib/gcc/arm-none-eabi/4.8.3/../../../../arm-none-eabi/lib/armv7-m\libg.a(lib_a-reallocr.o)
                0x0008e6c4                _realloc_r
 .text._sbrk_r  0x0008ea84       0x24 c:/programdata/matlab/supportpackages/r2020b/3p.instrset/arduinoide.instrset/portable/packages/arduino/tools/arm-none-eabi-gcc/4.8.3-2014q1/bin/../lib/gcc/arm-none-eabi/4.8.3/../../../../arm-none-eabi/lib/armv7-m\libg.a(lib_a-sbrkr.o)
                0x0008ea84                _sbrk_r
 .text.sprintf  0x0008eaa8       0x4c c:/programdata/matlab/supportpackages/r2020b/3p.instrset/arduinoide.instrset/portable/packages/arduino/tools/arm-none-eabi-gcc/4.8.3-2014q1/bin/../lib/gcc/arm-none-eabi/4.8.3/../../../../arm-none-eabi/lib/armv7-m\libg.a(lib_a-sprintf.o)
                0x0008eaa8                sprintf
 .text.sscanf   0x0008eaf4       0x5c c:/programdata/matlab/supportpackages/r2020b/3p.instrset/arduinoide.instrset/portable/packages/arduino/tools/arm-none-eabi-gcc/4.8.3-2014q1/bin/../lib/gcc/arm-none-eabi/4.8.3/../../../../arm-none-eabi/lib/armv7-m\libg.a(lib_a-sscanf.o)
                0x0008eaf4                sscanf
 .text.__sread  0x0008eb50       0x24 c:/programdata/matlab/supportpackages/r2020b/3p.instrset/arduinoide.instrset/portable/packages/arduino/tools/arm-none-eabi-gcc/4.8.3-2014q1/bin/../lib/gcc/arm-none-eabi/4.8.3/../../../../arm-none-eabi/lib/armv7-m\libg.a(lib_a-stdio.o)
                0x0008eb50                __sread
 .text.__seofread
                0x0008eb74        0x4 c:/programdata/matlab/supportpackages/r2020b/3p.instrset/arduinoide.instrset/portable/packages/arduino/tools/arm-none-eabi-gcc/4.8.3-2014q1/bin/../lib/gcc/arm-none-eabi/4.8.3/../../../../arm-none-eabi/lib/armv7-m\libg.a(lib_a-stdio.o)
                0x0008eb74                __seofread
 .text.__swrite
                0x0008eb78       0x38 c:/programdata/matlab/supportpackages/r2020b/3p.instrset/arduinoide.instrset/portable/packages/arduino/tools/arm-none-eabi-gcc/4.8.3-2014q1/bin/../lib/gcc/arm-none-eabi/4.8.3/../../../../arm-none-eabi/lib/armv7-m\libg.a(lib_a-stdio.o)
                0x0008eb78                __swrite
 .text.__sseek  0x0008ebb0       0x20 c:/programdata/matlab/supportpackages/r2020b/3p.instrset/arduinoide.instrset/portable/packages/arduino/tools/arm-none-eabi-gcc/4.8.3-2014q1/bin/../lib/gcc/arm-none-eabi/4.8.3/../../../../arm-none-eabi/lib/armv7-m\libg.a(lib_a-stdio.o)
                0x0008ebb0                __sseek
 .text.__sclose
                0x0008ebd0        0x8 c:/programdata/matlab/supportpackages/r2020b/3p.instrset/arduinoide.instrset/portable/packages/arduino/tools/arm-none-eabi-gcc/4.8.3-2014q1/bin/../lib/gcc/arm-none-eabi/4.8.3/../../../../arm-none-eabi/lib/armv7-m\libg.a(lib_a-stdio.o)
                0x0008ebd0                __sclose
 .text.strlen   0x0008ebd8       0x60 c:/programdata/matlab/supportpackages/r2020b/3p.instrset/arduinoide.instrset/portable/packages/arduino/tools/arm-none-eabi-gcc/4.8.3-2014q1/bin/../lib/gcc/arm-none-eabi/4.8.3/../../../../arm-none-eabi/lib/armv7-m\libg.a(lib_a-strlen.o)
                0x0008ebd8                strlen
 .text.strncmp  0x0008ec38       0xb4 c:/programdata/matlab/supportpackages/r2020b/3p.instrset/arduinoide.instrset/portable/packages/arduino/tools/arm-none-eabi-gcc/4.8.3-2014q1/bin/../lib/gcc/arm-none-eabi/4.8.3/../../../../arm-none-eabi/lib/armv7-m\libg.a(lib_a-strncmp.o)
                0x0008ec38                strncmp
 .text.sulp     0x0008ecec       0x40 c:/programdata/matlab/supportpackages/r2020b/3p.instrset/arduinoide.instrset/portable/packages/arduino/tools/arm-none-eabi-gcc/4.8.3-2014q1/bin/../lib/gcc/arm-none-eabi/4.8.3/../../../../arm-none-eabi/lib/armv7-m\libg.a(lib_a-strtod.o)
 *fill*         0x0008ed2c        0x4 
 .text._strtod_r
                0x0008ed30      0xf38 c:/programdata/matlab/supportpackages/r2020b/3p.instrset/arduinoide.instrset/portable/packages/arduino/tools/arm-none-eabi-gcc/4.8.3-2014q1/bin/../lib/gcc/arm-none-eabi/4.8.3/../../../../arm-none-eabi/lib/armv7-m\libg.a(lib_a-strtod.o)
                0x0008ed30                _strtod_r
 .text._strtol_r
                0x0008fc68      0x114 c:/programdata/matlab/supportpackages/r2020b/3p.instrset/arduinoide.instrset/portable/packages/arduino/tools/arm-none-eabi-gcc/4.8.3-2014q1/bin/../lib/gcc/arm-none-eabi/4.8.3/../../../../arm-none-eabi/lib/armv7-m\libg.a(lib_a-strtol.o)
                0x0008fc68                _strtol_r
 .text._svfprintf_r
                0x0008fd7c     0x14e0 c:/programdata/matlab/supportpackages/r2020b/3p.instrset/arduinoide.instrset/portable/packages/arduino/tools/arm-none-eabi-gcc/4.8.3-2014q1/bin/../lib/gcc/arm-none-eabi/4.8.3/../../../../arm-none-eabi/lib/armv7-m\libg.a(lib_a-svfprintf.o)
                0x0008fd7c                _svfprintf_r
 .text.__ssvfscanf_r
                0x0009125c      0xe78 c:/programdata/matlab/supportpackages/r2020b/3p.instrset/arduinoide.instrset/portable/packages/arduino/tools/arm-none-eabi-gcc/4.8.3-2014q1/bin/../lib/gcc/arm-none-eabi/4.8.3/../../../../arm-none-eabi/lib/armv7-m\libg.a(lib_a-svfscanf.o)
                0x0009125c                __ssvfscanf_r
 .text.kill     0x000920d4       0x10 c:/programdata/matlab/supportpackages/r2020b/3p.instrset/arduinoide.instrset/portable/packages/arduino/tools/arm-none-eabi-gcc/4.8.3-2014q1/bin/../lib/gcc/arm-none-eabi/4.8.3/../../../../arm-none-eabi/lib/armv7-m\libg.a(lib_a-syskill.o)
                0x000920d4                kill
 .text.__sprint_r.part.0
                0x000920e4       0x78 c:/programdata/matlab/supportpackages/r2020b/3p.instrset/arduinoide.instrset/portable/packages/arduino/tools/arm-none-eabi-gcc/4.8.3-2014q1/bin/../lib/gcc/arm-none-eabi/4.8.3/../../../../arm-none-eabi/lib/armv7-m\libg.a(lib_a-vfiprintf.o)
 .text._vfiprintf_r
                0x0009215c      0xc54 c:/programdata/matlab/supportpackages/r2020b/3p.instrset/arduinoide.instrset/portable/packages/arduino/tools/arm-none-eabi-gcc/4.8.3-2014q1/bin/../lib/gcc/arm-none-eabi/4.8.3/../../../../arm-none-eabi/lib/armv7-m\libg.a(lib_a-vfiprintf.o)
                0x0009215c                _vfiprintf_r
 .text.__sbprintf
                0x00092db0       0x7c c:/programdata/matlab/supportpackages/r2020b/3p.instrset/arduinoide.instrset/portable/packages/arduino/tools/arm-none-eabi-gcc/4.8.3-2014q1/bin/../lib/gcc/arm-none-eabi/4.8.3/../../../../arm-none-eabi/lib/armv7-m\libg.a(lib_a-vfiprintf.o)
 .text._write_r
                0x00092e2c       0x28 c:/programdata/matlab/supportpackages/r2020b/3p.instrset/arduinoide.instrset/portable/packages/arduino/tools/arm-none-eabi-gcc/4.8.3-2014q1/bin/../lib/gcc/arm-none-eabi/4.8.3/../../../../arm-none-eabi/lib/armv7-m\libg.a(lib_a-writer.o)
                0x00092e2c                _write_r
 .text.__swsetup_r
                0x00092e54       0xc4 c:/programdata/matlab/supportpackages/r2020b/3p.instrset/arduinoide.instrset/portable/packages/arduino/tools/arm-none-eabi-gcc/4.8.3-2014q1/bin/../lib/gcc/arm-none-eabi/4.8.3/../../../../arm-none-eabi/lib/armv7-m\libg.a(lib_a-wsetup.o)
                0x00092e54                __swsetup_r
 .text.startup.register_fini
                0x00092f18       0x14 c:/programdata/matlab/supportpackages/r2020b/3p.instrset/arduinoide.instrset/portable/packages/arduino/tools/arm-none-eabi-gcc/4.8.3-2014q1/bin/../lib/gcc/arm-none-eabi/4.8.3/../../../../arm-none-eabi/lib/armv7-m\libg.a(lib_a-__call_atexit.o)
 .text.abort    0x00092f2c       0x10 c:/programdata/matlab/supportpackages/r2020b/3p.instrset/arduinoide.instrset/portable/packages/arduino/tools/arm-none-eabi-gcc/4.8.3-2014q1/bin/../lib/gcc/arm-none-eabi/4.8.3/../../../../arm-none-eabi/lib/armv7-m\libg.a(lib_a-abort.o)
                0x00092f2c                abort
 .text.atexit   0x00092f3c        0xc c:/programdata/matlab/supportpackages/r2020b/3p.instrset/arduinoide.instrset/portable/packages/arduino/tools/arm-none-eabi-gcc/4.8.3-2014q1/bin/../lib/gcc/arm-none-eabi/4.8.3/../../../../arm-none-eabi/lib/armv7-m\libg.a(lib_a-atexit.o)
                0x00092f3c                atexit
 .text._close_r
                0x00092f48       0x24 c:/programdata/matlab/supportpackages/r2020b/3p.instrset/arduinoide.instrset/portable/packages/arduino/tools/arm-none-eabi-gcc/4.8.3-2014q1/bin/../lib/gcc/arm-none-eabi/4.8.3/../../../../arm-none-eabi/lib/armv7-m\libg.a(lib_a-closer.o)
                0x00092f48                _close_r
 .text.quorem   0x00092f6c      0x134 c:/programdata/matlab/supportpackages/r2020b/3p.instrset/arduinoide.instrset/portable/packages/arduino/tools/arm-none-eabi-gcc/4.8.3-2014q1/bin/../lib/gcc/arm-none-eabi/4.8.3/../../../../arm-none-eabi/lib/armv7-m\libg.a(lib_a-dtoa.o)
 .text._dtoa_r  0x000930a0      0xe38 c:/programdata/matlab/supportpackages/r2020b/3p.instrset/arduinoide.instrset/portable/packages/arduino/tools/arm-none-eabi-gcc/4.8.3-2014q1/bin/../lib/gcc/arm-none-eabi/4.8.3/../../../../arm-none-eabi/lib/armv7-m\libg.a(lib_a-dtoa.o)
                0x000930a0                _dtoa_r
 .text.__sflush_r
                0x00093ed8      0x148 c:/programdata/matlab/supportpackages/r2020b/3p.instrset/arduinoide.instrset/portable/packages/arduino/tools/arm-none-eabi-gcc/4.8.3-2014q1/bin/../lib/gcc/arm-none-eabi/4.8.3/../../../../arm-none-eabi/lib/armv7-m\libg.a(lib_a-fflush.o)
                0x00093ed8                __sflush_r
 .text._fflush_r
                0x00094020       0x2c c:/programdata/matlab/supportpackages/r2020b/3p.instrset/arduinoide.instrset/portable/packages/arduino/tools/arm-none-eabi-gcc/4.8.3-2014q1/bin/../lib/gcc/arm-none-eabi/4.8.3/../../../../arm-none-eabi/lib/armv7-m\libg.a(lib_a-fflush.o)
                0x00094020                _fflush_r
 .text._cleanup_r
                0x0009404c        0xc c:/programdata/matlab/supportpackages/r2020b/3p.instrset/arduinoide.instrset/portable/packages/arduino/tools/arm-none-eabi-gcc/4.8.3-2014q1/bin/../lib/gcc/arm-none-eabi/4.8.3/../../../../arm-none-eabi/lib/armv7-m\libg.a(lib_a-findfp.o)
                0x0009404c                _cleanup_r
 .text.__sinit  0x00094058       0xf4 c:/programdata/matlab/supportpackages/r2020b/3p.instrset/arduinoide.instrset/portable/packages/arduino/tools/arm-none-eabi-gcc/4.8.3-2014q1/bin/../lib/gcc/arm-none-eabi/4.8.3/../../../../arm-none-eabi/lib/armv7-m\libg.a(lib_a-findfp.o)
                0x00094058                __sinit
 .text.__sfp_lock_acquire
                0x0009414c        0x4 c:/programdata/matlab/supportpackages/r2020b/3p.instrset/arduinoide.instrset/portable/packages/arduino/tools/arm-none-eabi-gcc/4.8.3-2014q1/bin/../lib/gcc/arm-none-eabi/4.8.3/../../../../arm-none-eabi/lib/armv7-m\libg.a(lib_a-findfp.o)
                0x0009414c                __sfp_lock_acquire
 .text.__sfp_lock_release
                0x00094150        0x4 c:/programdata/matlab/supportpackages/r2020b/3p.instrset/arduinoide.instrset/portable/packages/arduino/tools/arm-none-eabi-gcc/4.8.3-2014q1/bin/../lib/gcc/arm-none-eabi/4.8.3/../../../../arm-none-eabi/lib/armv7-m\libg.a(lib_a-findfp.o)
                0x00094150                __sfp_lock_release
 .text.__libc_fini_array
                0x00094154       0x30 c:/programdata/matlab/supportpackages/r2020b/3p.instrset/arduinoide.instrset/portable/packages/arduino/tools/arm-none-eabi-gcc/4.8.3-2014q1/bin/../lib/gcc/arm-none-eabi/4.8.3/../../../../arm-none-eabi/lib/armv7-m\libg.a(lib_a-fini.o)
                0x00094154                __libc_fini_array
 .text._fputwc_r
                0x00094184       0xc0 c:/programdata/matlab/supportpackages/r2020b/3p.instrset/arduinoide.instrset/portable/packages/arduino/tools/arm-none-eabi-gcc/4.8.3-2014q1/bin/../lib/gcc/arm-none-eabi/4.8.3/../../../../arm-none-eabi/lib/armv7-m\libg.a(lib_a-fputwc.o)
                0x00094184                _fputwc_r
 .text._malloc_trim_r
                0x00094244       0x9c c:/programdata/matlab/supportpackages/r2020b/3p.instrset/arduinoide.instrset/portable/packages/arduino/tools/arm-none-eabi-gcc/4.8.3-2014q1/bin/../lib/gcc/arm-none-eabi/4.8.3/../../../../arm-none-eabi/lib/armv7-m\libg.a(lib_a-freer.o)
                0x00094244                _malloc_trim_r
 .text._free_r  0x000942e0      0x198 c:/programdata/matlab/supportpackages/r2020b/3p.instrset/arduinoide.instrset/portable/packages/arduino/tools/arm-none-eabi-gcc/4.8.3-2014q1/bin/../lib/gcc/arm-none-eabi/4.8.3/../../../../arm-none-eabi/lib/armv7-m\libg.a(lib_a-freer.o)
                0x000942e0                _free_r
 .text.__sfvwrite_r
                0x00094478      0x314 c:/programdata/matlab/supportpackages/r2020b/3p.instrset/arduinoide.instrset/portable/packages/arduino/tools/arm-none-eabi-gcc/4.8.3-2014q1/bin/../lib/gcc/arm-none-eabi/4.8.3/../../../../arm-none-eabi/lib/armv7-m\libg.a(lib_a-fvwrite.o)
                0x00094478                __sfvwrite_r
 .text._fwalk   0x0009478c       0x48 c:/programdata/matlab/supportpackages/r2020b/3p.instrset/arduinoide.instrset/portable/packages/arduino/tools/arm-none-eabi-gcc/4.8.3-2014q1/bin/../lib/gcc/arm-none-eabi/4.8.3/../../../../arm-none-eabi/lib/armv7-m\libg.a(lib_a-fwalk.o)
                0x0009478c                _fwalk
 .text.rshift   0x000947d4       0xa0 c:/programdata/matlab/supportpackages/r2020b/3p.instrset/arduinoide.instrset/portable/packages/arduino/tools/arm-none-eabi-gcc/4.8.3-2014q1/bin/../lib/gcc/arm-none-eabi/4.8.3/../../../../arm-none-eabi/lib/armv7-m\libg.a(lib_a-gdtoa-gethex.o)
 .text.__gethex
                0x00094874      0x52c c:/programdata/matlab/supportpackages/r2020b/3p.instrset/arduinoide.instrset/portable/packages/arduino/tools/arm-none-eabi-gcc/4.8.3-2014q1/bin/../lib/gcc/arm-none-eabi/4.8.3/../../../../arm-none-eabi/lib/armv7-m\libg.a(lib_a-gdtoa-gethex.o)
                0x00094874                __gethex
 .text.__hexnan
                0x00094da0      0x194 c:/programdata/matlab/supportpackages/r2020b/3p.instrset/arduinoide.instrset/portable/packages/arduino/tools/arm-none-eabi-gcc/4.8.3-2014q1/bin/../lib/gcc/arm-none-eabi/4.8.3/../../../../arm-none-eabi/lib/armv7-m\libg.a(lib_a-gdtoa-hexnan.o)
                0x00094da0                __hexnan
 .text.iswspace
                0x00094f34       0x1c c:/programdata/matlab/supportpackages/r2020b/3p.instrset/arduinoide.instrset/portable/packages/arduino/tools/arm-none-eabi-gcc/4.8.3-2014q1/bin/../lib/gcc/arm-none-eabi/4.8.3/../../../../arm-none-eabi/lib/armv7-m\libg.a(lib_a-iswspace.o)
                0x00094f34                iswspace
 .text.__locale_charset
                0x00094f50        0x8 c:/programdata/matlab/supportpackages/r2020b/3p.instrset/arduinoide.instrset/portable/packages/arduino/tools/arm-none-eabi-gcc/4.8.3-2014q1/bin/../lib/gcc/arm-none-eabi/4.8.3/../../../../arm-none-eabi/lib/armv7-m\libg.a(lib_a-locale.o)
                0x00094f50                __locale_charset
 .text.__locale_mb_cur_max
                0x00094f58        0xc c:/programdata/matlab/supportpackages/r2020b/3p.instrset/arduinoide.instrset/portable/packages/arduino/tools/arm-none-eabi-gcc/4.8.3-2014q1/bin/../lib/gcc/arm-none-eabi/4.8.3/../../../../arm-none-eabi/lib/armv7-m\libg.a(lib_a-locale.o)
                0x00094f58                __locale_mb_cur_max
 .text._localeconv_r
                0x00094f64        0x8 c:/programdata/matlab/supportpackages/r2020b/3p.instrset/arduinoide.instrset/portable/packages/arduino/tools/arm-none-eabi-gcc/4.8.3-2014q1/bin/../lib/gcc/arm-none-eabi/4.8.3/../../../../arm-none-eabi/lib/armv7-m\libg.a(lib_a-locale.o)
                0x00094f64                _localeconv_r
 .text._lseek_r
                0x00094f6c       0x28 c:/programdata/matlab/supportpackages/r2020b/3p.instrset/arduinoide.instrset/portable/packages/arduino/tools/arm-none-eabi-gcc/4.8.3-2014q1/bin/../lib/gcc/arm-none-eabi/4.8.3/../../../../arm-none-eabi/lib/armv7-m\libg.a(lib_a-lseekr.o)
                0x00094f6c                _lseek_r
 .text.__smakebuf_r
                0x00094f94       0xe0 c:/programdata/matlab/supportpackages/r2020b/3p.instrset/arduinoide.instrset/portable/packages/arduino/tools/arm-none-eabi-gcc/4.8.3-2014q1/bin/../lib/gcc/arm-none-eabi/4.8.3/../../../../arm-none-eabi/lib/armv7-m\libg.a(lib_a-makebuf.o)
                0x00094f94                __smakebuf_r
 .text._mbrtowc_r
                0x00095074       0x5c c:/programdata/matlab/supportpackages/r2020b/3p.instrset/arduinoide.instrset/portable/packages/arduino/tools/arm-none-eabi-gcc/4.8.3-2014q1/bin/../lib/gcc/arm-none-eabi/4.8.3/../../../../arm-none-eabi/lib/armv7-m\libg.a(lib_a-mbrtowc.o)
                0x00095074                _mbrtowc_r
 .text.__ascii_mbtowc
                0x000950d0       0x2c c:/programdata/matlab/supportpackages/r2020b/3p.instrset/arduinoide.instrset/portable/packages/arduino/tools/arm-none-eabi-gcc/4.8.3-2014q1/bin/../lib/gcc/arm-none-eabi/4.8.3/../../../../arm-none-eabi/lib/armv7-m\libg.a(lib_a-mbtowc_r.o)
                0x000950d0                __ascii_mbtowc
 .text.memchr   0x000950fc       0x94 c:/programdata/matlab/supportpackages/r2020b/3p.instrset/arduinoide.instrset/portable/packages/arduino/tools/arm-none-eabi-gcc/4.8.3-2014q1/bin/../lib/gcc/arm-none-eabi/4.8.3/../../../../arm-none-eabi/lib/armv7-m\libg.a(lib_a-memchr-stub.o)
                0x000950fc                memchr
 .text._Balloc  0x00095190       0x4c c:/programdata/matlab/supportpackages/r2020b/3p.instrset/arduinoide.instrset/portable/packages/arduino/tools/arm-none-eabi-gcc/4.8.3-2014q1/bin/../lib/gcc/arm-none-eabi/4.8.3/../../../../arm-none-eabi/lib/armv7-m\libg.a(lib_a-mprec.o)
                0x00095190                _Balloc
 .text._Bfree   0x000951dc       0x14 c:/programdata/matlab/supportpackages/r2020b/3p.instrset/arduinoide.instrset/portable/packages/arduino/tools/arm-none-eabi-gcc/4.8.3-2014q1/bin/../lib/gcc/arm-none-eabi/4.8.3/../../../../arm-none-eabi/lib/armv7-m\libg.a(lib_a-mprec.o)
                0x000951dc                _Bfree
 .text.__multadd
                0x000951f0       0x94 c:/programdata/matlab/supportpackages/r2020b/3p.instrset/arduinoide.instrset/portable/packages/arduino/tools/arm-none-eabi-gcc/4.8.3-2014q1/bin/../lib/gcc/arm-none-eabi/4.8.3/../../../../arm-none-eabi/lib/armv7-m\libg.a(lib_a-mprec.o)
                0x000951f0                __multadd
 .text.__s2b    0x00095284       0x98 c:/programdata/matlab/supportpackages/r2020b/3p.instrset/arduinoide.instrset/portable/packages/arduino/tools/arm-none-eabi-gcc/4.8.3-2014q1/bin/../lib/gcc/arm-none-eabi/4.8.3/../../../../arm-none-eabi/lib/armv7-m\libg.a(lib_a-mprec.o)
                0x00095284                __s2b
 .text.__hi0bits
                0x0009531c       0x40 c:/programdata/matlab/supportpackages/r2020b/3p.instrset/arduinoide.instrset/portable/packages/arduino/tools/arm-none-eabi-gcc/4.8.3-2014q1/bin/../lib/gcc/arm-none-eabi/4.8.3/../../../../arm-none-eabi/lib/armv7-m\libg.a(lib_a-mprec.o)
                0x0009531c                __hi0bits
 .text.__lo0bits
                0x0009535c       0x5c c:/programdata/matlab/supportpackages/r2020b/3p.instrset/arduinoide.instrset/portable/packages/arduino/tools/arm-none-eabi-gcc/4.8.3-2014q1/bin/../lib/gcc/arm-none-eabi/4.8.3/../../../../arm-none-eabi/lib/armv7-m\libg.a(lib_a-mprec.o)
                0x0009535c                __lo0bits
 .text.__i2b    0x000953b8       0x14 c:/programdata/matlab/supportpackages/r2020b/3p.instrset/arduinoide.instrset/portable/packages/arduino/tools/arm-none-eabi-gcc/4.8.3-2014q1/bin/../lib/gcc/arm-none-eabi/4.8.3/../../../../arm-none-eabi/lib/armv7-m\libg.a(lib_a-mprec.o)
                0x000953b8                __i2b
 .text.__multiply
                0x000953cc      0x13c c:/programdata/matlab/supportpackages/r2020b/3p.instrset/arduinoide.instrset/portable/packages/arduino/tools/arm-none-eabi-gcc/4.8.3-2014q1/bin/../lib/gcc/arm-none-eabi/4.8.3/../../../../arm-none-eabi/lib/armv7-m\libg.a(lib_a-mprec.o)
                0x000953cc                __multiply
 .text.__pow5mult
                0x00095508       0x9c c:/programdata/matlab/supportpackages/r2020b/3p.instrset/arduinoide.instrset/portable/packages/arduino/tools/arm-none-eabi-gcc/4.8.3-2014q1/bin/../lib/gcc/arm-none-eabi/4.8.3/../../../../arm-none-eabi/lib/armv7-m\libg.a(lib_a-mprec.o)
                0x00095508                __pow5mult
 .text.__lshift
                0x000955a4       0xbc c:/programdata/matlab/supportpackages/r2020b/3p.instrset/arduinoide.instrset/portable/packages/arduino/tools/arm-none-eabi-gcc/4.8.3-2014q1/bin/../lib/gcc/arm-none-eabi/4.8.3/../../../../arm-none-eabi/lib/armv7-m\libg.a(lib_a-mprec.o)
                0x000955a4                __lshift
 .text.__mcmp   0x00095660       0x48 c:/programdata/matlab/supportpackages/r2020b/3p.instrset/arduinoide.instrset/portable/packages/arduino/tools/arm-none-eabi-gcc/4.8.3-2014q1/bin/../lib/gcc/arm-none-eabi/4.8.3/../../../../arm-none-eabi/lib/armv7-m\libg.a(lib_a-mprec.o)
                0x00095660                __mcmp
 .text.__mdiff  0x000956a8       0xd8 c:/programdata/matlab/supportpackages/r2020b/3p.instrset/arduinoide.instrset/portable/packages/arduino/tools/arm-none-eabi-gcc/4.8.3-2014q1/bin/../lib/gcc/arm-none-eabi/4.8.3/../../../../arm-none-eabi/lib/armv7-m\libg.a(lib_a-mprec.o)
                0x000956a8                __mdiff
 .text.__ulp    0x00095780       0x40 c:/programdata/matlab/supportpackages/r2020b/3p.instrset/arduinoide.instrset/portable/packages/arduino/tools/arm-none-eabi-gcc/4.8.3-2014q1/bin/../lib/gcc/arm-none-eabi/4.8.3/../../../../arm-none-eabi/lib/armv7-m\libg.a(lib_a-mprec.o)
                0x00095780                __ulp
 .text.__b2d    0x000957c0       0xb8 c:/programdata/matlab/supportpackages/r2020b/3p.instrset/arduinoide.instrset/portable/packages/arduino/tools/arm-none-eabi-gcc/4.8.3-2014q1/bin/../lib/gcc/arm-none-eabi/4.8.3/../../../../arm-none-eabi/lib/armv7-m\libg.a(lib_a-mprec.o)
                0x000957c0                __b2d
 .text.__d2b    0x00095878       0xbc c:/programdata/matlab/supportpackages/r2020b/3p.instrset/arduinoide.instrset/portable/packages/arduino/tools/arm-none-eabi-gcc/4.8.3-2014q1/bin/../lib/gcc/arm-none-eabi/4.8.3/../../../../arm-none-eabi/lib/armv7-m\libg.a(lib_a-mprec.o)
                0x00095878                __d2b
 .text.__ratio  0x00095934       0x50 c:/programdata/matlab/supportpackages/r2020b/3p.instrset/arduinoide.instrset/portable/packages/arduino/tools/arm-none-eabi-gcc/4.8.3-2014q1/bin/../lib/gcc/arm-none-eabi/4.8.3/../../../../arm-none-eabi/lib/armv7-m\libg.a(lib_a-mprec.o)
                0x00095934                __ratio
 .text.__copybits
                0x00095984       0x48 c:/programdata/matlab/supportpackages/r2020b/3p.instrset/arduinoide.instrset/portable/packages/arduino/tools/arm-none-eabi-gcc/4.8.3-2014q1/bin/../lib/gcc/arm-none-eabi/4.8.3/../../../../arm-none-eabi/lib/armv7-m\libg.a(lib_a-mprec.o)
                0x00095984                __copybits
 .text.__any_on
                0x000959cc       0x60 c:/programdata/matlab/supportpackages/r2020b/3p.instrset/arduinoide.instrset/portable/packages/arduino/tools/arm-none-eabi-gcc/4.8.3-2014q1/bin/../lib/gcc/arm-none-eabi/4.8.3/../../../../arm-none-eabi/lib/armv7-m\libg.a(lib_a-mprec.o)
                0x000959cc                __any_on
 .text._read_r  0x00095a2c       0x28 c:/programdata/matlab/supportpackages/r2020b/3p.instrset/arduinoide.instrset/portable/packages/arduino/tools/arm-none-eabi-gcc/4.8.3-2014q1/bin/../lib/gcc/arm-none-eabi/4.8.3/../../../../arm-none-eabi/lib/armv7-m\libg.a(lib_a-readr.o)
                0x00095a2c                _read_r
 .text.__sccl   0x00095a54       0x70 c:/programdata/matlab/supportpackages/r2020b/3p.instrset/arduinoide.instrset/portable/packages/arduino/tools/arm-none-eabi-gcc/4.8.3-2014q1/bin/../lib/gcc/arm-none-eabi/4.8.3/../../../../arm-none-eabi/lib/armv7-m\libg.a(lib_a-sccl.o)
                0x00095a54                __sccl
 .text.nanf     0x00095ac4        0x8 c:/programdata/matlab/supportpackages/r2020b/3p.instrset/arduinoide.instrset/portable/packages/arduino/tools/arm-none-eabi-gcc/4.8.3-2014q1/bin/../lib/gcc/arm-none-eabi/4.8.3/../../../../arm-none-eabi/lib/armv7-m\libg.a(lib_a-sf_nan.o)
                0x00095ac4                nanf
 .text._raise_r
                0x00095acc       0x58 c:/programdata/matlab/supportpackages/r2020b/3p.instrset/arduinoide.instrset/portable/packages/arduino/tools/arm-none-eabi-gcc/4.8.3-2014q1/bin/../lib/gcc/arm-none-eabi/4.8.3/../../../../arm-none-eabi/lib/armv7-m\libg.a(lib_a-signal.o)
                0x00095acc                _raise_r
 .text.raise    0x00095b24       0x10 c:/programdata/matlab/supportpackages/r2020b/3p.instrset/arduinoide.instrset/portable/packages/arduino/tools/arm-none-eabi-gcc/4.8.3-2014q1/bin/../lib/gcc/arm-none-eabi/4.8.3/../../../../arm-none-eabi/lib/armv7-m\libg.a(lib_a-signal.o)
                0x00095b24                raise
 .text._kill_r  0x00095b34       0x28 c:/programdata/matlab/supportpackages/r2020b/3p.instrset/arduinoide.instrset/portable/packages/arduino/tools/arm-none-eabi-gcc/4.8.3-2014q1/bin/../lib/gcc/arm-none-eabi/4.8.3/../../../../arm-none-eabi/lib/armv7-m\libg.a(lib_a-signalr.o)
                0x00095b34                _kill_r
 .text._getpid_r
                0x00095b5c        0x4 c:/programdata/matlab/supportpackages/r2020b/3p.instrset/arduinoide.instrset/portable/packages/arduino/tools/arm-none-eabi-gcc/4.8.3-2014q1/bin/../lib/gcc/arm-none-eabi/4.8.3/../../../../arm-none-eabi/lib/armv7-m\libg.a(lib_a-signalr.o)
                0x00095b5c                _getpid_r
 .text._strtoll_r
                0x00095b60      0x19c c:/programdata/matlab/supportpackages/r2020b/3p.instrset/arduinoide.instrset/portable/packages/arduino/tools/arm-none-eabi-gcc/4.8.3-2014q1/bin/../lib/gcc/arm-none-eabi/4.8.3/../../../../arm-none-eabi/lib/armv7-m\libg.a(lib_a-strtoll_r.o)
                0x00095b60                _strtoll_r
 .text._strtoul_r
                0x00095cfc      0x130 c:/programdata/matlab/supportpackages/r2020b/3p.instrset/arduinoide.instrset/portable/packages/arduino/tools/arm-none-eabi-gcc/4.8.3-2014q1/bin/../lib/gcc/arm-none-eabi/4.8.3/../../../../arm-none-eabi/lib/armv7-m\libg.a(lib_a-strtoul.o)
                0x00095cfc                _strtoul_r
 .text._strtoull_r
                0x00095e2c      0x190 c:/programdata/matlab/supportpackages/r2020b/3p.instrset/arduinoide.instrset/portable/packages/arduino/tools/arm-none-eabi-gcc/4.8.3-2014q1/bin/../lib/gcc/arm-none-eabi/4.8.3/../../../../arm-none-eabi/lib/armv7-m\libg.a(lib_a-strtoull_r.o)
                0x00095e2c                _strtoull_r
 .text.__ssprint_r
                0x00095fbc      0x100 c:/programdata/matlab/supportpackages/r2020b/3p.instrset/arduinoide.instrset/portable/packages/arduino/tools/arm-none-eabi-gcc/4.8.3-2014q1/bin/../lib/gcc/arm-none-eabi/4.8.3/../../../../arm-none-eabi/lib/armv7-m\libg.a(lib_a-svfiprintf.o)
                0x00095fbc                __ssprint_r
 .text._sungetc_r
                0x000960bc       0x80 c:/programdata/matlab/supportpackages/r2020b/3p.instrset/arduinoide.instrset/portable/packages/arduino/tools/arm-none-eabi-gcc/4.8.3-2014q1/bin/../lib/gcc/arm-none-eabi/4.8.3/../../../../arm-none-eabi/lib/armv7-m\libg.a(lib_a-svfiscanf.o)
                0x000960bc                _sungetc_r
 .text.__ssrefill_r
                0x0009613c       0x3c c:/programdata/matlab/supportpackages/r2020b/3p.instrset/arduinoide.instrset/portable/packages/arduino/tools/arm-none-eabi-gcc/4.8.3-2014q1/bin/../lib/gcc/arm-none-eabi/4.8.3/../../../../arm-none-eabi/lib/armv7-m\libg.a(lib_a-svfiscanf.o)
                0x0009613c                __ssrefill_r
 .text._sfread_r
                0x00096178       0x80 c:/programdata/matlab/supportpackages/r2020b/3p.instrset/arduinoide.instrset/portable/packages/arduino/tools/arm-none-eabi-gcc/4.8.3-2014q1/bin/../lib/gcc/arm-none-eabi/4.8.3/../../../../arm-none-eabi/lib/armv7-m\libg.a(lib_a-svfiscanf.o)
                0x00096178                _sfread_r
 .text.__submore
                0x000961f8       0x7c c:/programdata/matlab/supportpackages/r2020b/3p.instrset/arduinoide.instrset/portable/packages/arduino/tools/arm-none-eabi-gcc/4.8.3-2014q1/bin/../lib/gcc/arm-none-eabi/4.8.3/../../../../arm-none-eabi/lib/armv7-m\libg.a(lib_a-ungetc.o)
                0x000961f8                __submore
 .text.__swbuf_r
                0x00096274       0xa8 c:/programdata/matlab/supportpackages/r2020b/3p.instrset/arduinoide.instrset/portable/packages/arduino/tools/arm-none-eabi-gcc/4.8.3-2014q1/bin/../lib/gcc/arm-none-eabi/4.8.3/../../../../arm-none-eabi/lib/armv7-m\libg.a(lib_a-wbuf.o)
                0x00096274                __swbuf_r
 .text._wcrtomb_r
                0x0009631c       0x50 c:/programdata/matlab/supportpackages/r2020b/3p.instrset/arduinoide.instrset/portable/packages/arduino/tools/arm-none-eabi-gcc/4.8.3-2014q1/bin/../lib/gcc/arm-none-eabi/4.8.3/../../../../arm-none-eabi/lib/armv7-m\libg.a(lib_a-wcrtomb.o)
                0x0009631c                _wcrtomb_r
 .text.__ascii_wctomb
                0x0009636c       0x1c c:/programdata/matlab/supportpackages/r2020b/3p.instrset/arduinoide.instrset/portable/packages/arduino/tools/arm-none-eabi-gcc/4.8.3-2014q1/bin/../lib/gcc/arm-none-eabi/4.8.3/../../../../arm-none-eabi/lib/armv7-m\libg.a(lib_a-wctomb_r.o)
                0x0009636c                __ascii_wctomb
 .text.__register_exitproc
                0x00096388       0xa8 c:/programdata/matlab/supportpackages/r2020b/3p.instrset/arduinoide.instrset/portable/packages/arduino/tools/arm-none-eabi-gcc/4.8.3-2014q1/bin/../lib/gcc/arm-none-eabi/4.8.3/../../../../arm-none-eabi/lib/armv7-m\libg.a(lib_a-__atexit.o)
                0x00096388                __register_exitproc
 .text._calloc_r
                0x00096430       0x60 c:/programdata/matlab/supportpackages/r2020b/3p.instrset/arduinoide.instrset/portable/packages/arduino/tools/arm-none-eabi-gcc/4.8.3-2014q1/bin/../lib/gcc/arm-none-eabi/4.8.3/../../../../arm-none-eabi/lib/armv7-m\libg.a(lib_a-callocr.o)
                0x00096430                _calloc_r
 .text._fclose_r