Archive member included because of file (symbol)

C:/ProgramData/MATLAB/SupportPackages/R2020b/3P.instrset/arduinoide.instrset/portable/packages/arduino/hardware/sam/1.6.12/variants/arduino_due_x/libsam_sam3x8e_gcc_rel.a(startup_sam3xa.o)
                              (Reset_Handler)
C:/ProgramData/MATLAB/SupportPackages/R2020b/3P.instrset/arduinoide.instrset/portable/packages/arduino/hardware/sam/1.6.12/variants/arduino_due_x/libsam_sam3x8e_gcc_rel.a(uotghs.o)
                              C:/ProgramData/MATLAB/SupportPackages/R2020b/3P.instrset/arduinoide.instrset/portable/packages/arduino/hardware/sam/1.6.12/variants/arduino_due_x/libsam_sam3x8e_gcc_rel.a(startup_sam3xa.o) (UOTGHS_Handler)
C:/Users/LAPIS-~1/DOCUME~1/MATLAB/R2020b/ARDUIN~1/ARDUIN~1/FASTER~1/libcomm.a(Wire.o)
                              MW_arduinoI2C.o (TwoWire::begin())
C:/Users/LAPIS-~1/DOCUME~1/MATLAB/R2020b/ARDUIN~1/ARDUIN~1/FASTER~1/libcore.a(hooks.o)
                              arm_m3_cortex_handler.o (sysTickHook)
C:/Users/LAPIS-~1/DOCUME~1/MATLAB/R2020b/ARDUIN~1/ARDUIN~1/FASTER~1/libcore.a(syscalls_sam3.o)
                              (_sbrk)
C:/Users/LAPIS-~1/DOCUME~1/MATLAB/R2020b/ARDUIN~1/ARDUIN~1/FASTER~1/libcore.a(wiring.o)
                              MW_SerialRead.o (millis)
C:/Users/LAPIS-~1/DOCUME~1/MATLAB/R2020b/ARDUIN~1/ARDUIN~1/FASTER~1/libcore.a(wiring_digital.o)
                              io_wrappers.o (pinMode)
C:/Users/LAPIS-~1/DOCUME~1/MATLAB/R2020b/ARDUIN~1/ARDUIN~1/FASTER~1/libcore.a(abi.o)
                              C:/Users/LAPIS-~1/DOCUME~1/MATLAB/R2020b/ARDUIN~1/ARDUIN~1/FASTER~1/libcomm.a(Wire.o) (__cxa_pure_virtual)
C:/Users/LAPIS-~1/DOCUME~1/MATLAB/R2020b/ARDUIN~1/ARDUIN~1/FASTER~1/libcore.a(Print.o)
                              C:/Users/LAPIS-~1/DOCUME~1/MATLAB/R2020b/ARDUIN~1/ARDUIN~1/FASTER~1/libcomm.a(Wire.o) (Print::write(unsigned char const*, unsigned int))
C:/Users/LAPIS-~1/DOCUME~1/MATLAB/R2020b/ARDUIN~1/ARDUIN~1/FASTER~1/libcore.a(Reset.o)
                              arm_m3_cortex_handler.o (tickReset)
C:/Users/LAPIS-~1/DOCUME~1/MATLAB/R2020b/ARDUIN~1/ARDUIN~1/FASTER~1/libcore.a(Stream.o)
                              MW_SerialRead.o (Stream::readBytes(char*, unsigned int))
C:/Users/LAPIS-~1/DOCUME~1/MATLAB/R2020b/ARDUIN~1/ARDUIN~1/FASTER~1/libcore.a(UARTClass.o)
                              MW_SerialRead.o (UARTClass::available())
C:/Users/LAPIS-~1/DOCUME~1/MATLAB/R2020b/ARDUIN~1/ARDUIN~1/FASTER~1/libcore.a(USARTClass.o)
                              Mti_wrapper.o (USARTClass::begin(unsigned long))
C:/Users/LAPIS-~1/DOCUME~1/MATLAB/R2020b/ARDUIN~1/ARDUIN~1/FASTER~1/libcore.a(WString.o)
                              C:/Users/LAPIS-~1/DOCUME~1/MATLAB/R2020b/ARDUIN~1/ARDUIN~1/FASTER~1/libcore.a(Stream.o) (String::String(char const*))
C:/Users/LAPIS-~1/DOCUME~1/MATLAB/R2020b/ARDUIN~1/ARDUIN~1/FASTER~1/libcore.a(watchdog.o)
                              MW_ArduinoHWInit.o (watchdogDisable())
C:/Users/LAPIS-~1/DOCUME~1/MATLAB/R2020b/ARDUIN~1/ARDUIN~1/FASTER~1/libcore.a(variant.o)
                              ert_main.o (init)
C:/Users/LAPIS-~1/DOCUME~1/MATLAB/R2020b/ARDUIN~1/ARDUIN~1/FASTER~1/libcore.a(dtostrf.o)
                              C:/Users/LAPIS-~1/DOCUME~1/MATLAB/R2020b/ARDUIN~1/ARDUIN~1/FASTER~1/libcore.a(WString.o) (dtostrf)
C:/Users/LAPIS-~1/DOCUME~1/MATLAB/R2020b/ARDUIN~1/ARDUIN~1/FASTER~1/libcore.a(itoa.o)
                              C:/Users/LAPIS-~1/DOCUME~1/MATLAB/R2020b/ARDUIN~1/ARDUIN~1/FASTER~1/libcore.a(WString.o) (ltoa)
C:/Users/LAPIS-~1/DOCUME~1/MATLAB/R2020b/ARDUIN~1/ARDUIN~1/FASTER~1/libcore.a(wiring_analog.o)
                              C:/Users/LAPIS-~1/DOCUME~1/MATLAB/R2020b/ARDUIN~1/ARDUIN~1/FASTER~1/libcore.a(variant.o) (analogOutputInit)
C:/Users/LAPIS-~1/DOCUME~1/MATLAB/R2020b/ARDUIN~1/ARDUIN~1/FASTER~1/libcore.a(RingBuffer.o)
                              C:/Users/LAPIS-~1/DOCUME~1/MATLAB/R2020b/ARDUIN~1/ARDUIN~1/FASTER~1/libcore.a(variant.o) (RingBuffer::RingBuffer())
C:/ProgramData/MATLAB/SupportPackages/R2020b/3P.instrset/arduinoide.instrset/portable/packages/arduino/hardware/sam/1.6.12/variants/arduino_due_x/libsam_sam3x8e_gcc_rel.a(pio.o)
                              C:/Users/LAPIS-~1/DOCUME~1/MATLAB/R2020b/ARDUIN~1/ARDUIN~1/FASTER~1/libcore.a(wiring_digital.o) (PIO_PullUp)
C:/ProgramData/MATLAB/SupportPackages/R2020b/3P.instrset/arduinoide.instrset/portable/packages/arduino/hardware/sam/1.6.12/variants/arduino_due_x/libsam_sam3x8e_gcc_rel.a(pmc.o)
                              arduinoARMScheduler.o (pmc_enable_periph_clk)
C:/ProgramData/MATLAB/SupportPackages/R2020b/3P.instrset/arduinoide.instrset/portable/packages/arduino/hardware/sam/1.6.12/variants/arduino_due_x/libsam_sam3x8e_gcc_rel.a(pwmc.o)
                              C:/Users/LAPIS-~1/DOCUME~1/MATLAB/R2020b/ARDUIN~1/ARDUIN~1/FASTER~1/libcore.a(wiring_analog.o) (PWMC_ConfigureChannel)
[...]
Memory Configuration

Name             Origin             Length             Attributes
rom              0x00080000         0x00080000         xr
sram0            0x20000000         0x00010000         xrw
sram1            0x20080000         0x00008000         xrw
ram              0x20070000         0x00018000         xrw
*default*        0x00000000         0xffffffff

Linker script and memory map

LOAD c:/programdata/matlab/supportpackages/r2020b/3p.instrset/arduinoide.instrset/portable/packages/arduino/tools/arm-none-eabi-gcc/4.8.3-2014q1/bin/../lib/gcc/arm-none-eabi/4.8.3/armv7-m/crti.o
LOAD c:/programdata/matlab/supportpackages/r2020b/3p.instrset/arduinoide.instrset/portable/packages/arduino/tools/arm-none-eabi-gcc/4.8.3-2014q1/bin/../lib/gcc/arm-none-eabi/4.8.3/armv7-m/crtbegin.o
LOAD c:/programdata/matlab/supportpackages/r2020b/3p.instrset/arduinoide.instrset/portable/packages/arduino/tools/arm-none-eabi-gcc/4.8.3-2014q1/bin/../lib/gcc/arm-none-eabi/4.8.3/../../../../arm-none-eabi/lib/armv7-m/crt0.o
START GROUP
LOAD C:/ProgramData/MATLAB/SupportPackages/R2020b/3P.instrset/arduinoide.instrset/portable/packages/arduino/hardware/sam/1.6.12/variants/arduino_due_x/libsam_sam3x8e_gcc_rel.a
LOAD MW_SerialRead.o
LOAD MW_SerialWrite.o
LOAD MW_arduinoI2C.o
LOAD provaLOG_09_28.o
LOAD provaLOG_09_28_data.o
LOAD rtGetInf.o
LOAD rtGetNaN.o
LOAD rt_nonfinite.o
LOAD Mti_wrapper.o
LOAD Seriale_mav_wrapper.o
LOAD calc_T_wrapper.o
LOAD calc_p_wrapper.o
LOAD receive_MAVLink_v4_6_beta_AL_HITL_HOME_wrapper.o
LOAD send_MAVLink_v4_4_2_beta_3_HOME_wrapper.o
LOAD arm_m3_cortex_handler.o
LOAD MW_ArduinoHWInit.o
LOAD io_wrappers.o
LOAD arduinoARMScheduler.o
LOAD m3m4m4f_multitasking.o
LOAD ert_main.o
LOAD C:/Users/LAPIS-~1/DOCUME~1/MATLAB/R2020b/ARDUIN~1/ARDUIN~1/FASTER~1/MW_RebuildSrc_Comm.o
LOAD C:/Users/LAPIS-~1/DOCUME~1/MATLAB/R2020b/ARDUIN~1/ARDUIN~1/FASTER~1/libcomm.a
LOAD C:/Users/LAPIS-~1/DOCUME~1/MATLAB/R2020b/ARDUIN~1/ARDUIN~1/FASTER~1/MW_RebuildSrc_Core.o
LOAD C:/Users/LAPIS-~1/DOCUME~1/MATLAB/R2020b/ARDUIN~1/ARDUIN~1/FASTER~1/libcore.a
END GROUP
LOAD c:/programdata/matlab/supportpackages/r2020b/3p.instrset/arduinoide.instrset/portable/packages/arduino/tools/arm-none-eabi-gcc/4.8.3-2014q1/bin/../lib/gcc/arm-none-eabi/4.8.3/../../../../arm-none-eabi/lib/armv7-m\libm.a
LOAD C:/Users/LAPIS-~1/DOCUME~1/MATLAB/R2020b/ARDUIN~1/ARDUIN~1/FASTER~1\libcomm.a
LOAD C:/Users/LAPIS-~1/DOCUME~1/MATLAB/R2020b/ARDUIN~1/ARDUIN~1/FASTER~1\libcore.a
START GROUP
LOAD c:/programdata/matlab/supportpackages/r2020b/3p.instrset/arduinoide.instrset/portable/packages/arduino/tools/arm-none-eabi-gcc/4.8.3-2014q1/bin/../lib/gcc/arm-none-eabi/4.8.3/armv7-m\libgcc.a
LOAD c:/programdata/matlab/supportpackages/r2020b/3p.instrset/arduinoide.instrset/portable/packages/arduino/tools/arm-none-eabi-gcc/4.8.3-2014q1/bin/../lib/gcc/arm-none-eabi/4.8.3/../../../../arm-none-eabi/lib/armv7-m\libg.a
LOAD c:/programdata/matlab/supportpackages/r2020b/3p.instrset/arduinoide.instrset/portable/packages/arduino/tools/arm-none-eabi-gcc/4.8.3-2014q1/bin/../lib/gcc/arm-none-eabi/4.8.3/../../../../arm-none-eabi/lib/armv7-m\libc.a
END GROUP
LOAD c:/programdata/matlab/supportpackages/r2020b/3p.instrset/arduinoide.instrset/portable/packages/arduino/tools/arm-none-eabi-gcc/4.8.3-2014q1/bin/../lib/gcc/arm-none-eabi/4.8.3/armv7-m/crtend.o
LOAD c:/programdata/matlab/supportpackages/r2020b/3p.instrset/arduinoide.instrset/portable/packages/arduino/tools/arm-none-eabi-gcc/4.8.3-2014q1/bin/../lib/gcc/arm-none-eabi/4.8.3/armv7-m/crtn.o

.text           0x00080000    0x18238
                0x00080000                . = ALIGN (0x4)
                0x00080000                _sfixed = .
 *(.vectors .vectors.*)
 .vectors       0x00080000       0xf4 C:/ProgramData/MATLAB/SupportPackages/R2020b/3P.instrset/arduinoide.instrset/portable/packages/arduino/hardware/sam/1.6.12/variants/arduino_due_x/libsam_sam3x8e_gcc_rel.a(startup_sam3xa.o)
                0x00080000                exception_table
 *(.text .text.* .gnu.linkonce.t.*)
 .text          0x000800f4       0x54 c:/programdata/matlab/supportpackages/r2020b/3p.instrset/arduinoide.instrset/portable/packages/arduino/tools/arm-none-eabi-gcc/4.8.3-2014q1/bin/../lib/gcc/arm-none-eabi/4.8.3/armv7-m/crtbegin.o
 .text.Reset_Handler
                0x00080148       0x78 C:/ProgramData/MATLAB/SupportPackages/R2020b/3P.instrset/arduinoide.instrset/portable/packages/arduino/hardware/sam/1.6.12/variants/arduino_due_x/libsam_sam3x8e_gcc_rel.a(startup_sam3xa.o)
                0x00080148                Reset_Handler
 .text.UOTGHS_Handler
                0x000801c0       0x10 C:/ProgramData/MATLAB/SupportPackages/R2020b/3P.instrset/arduinoide.instrset/portable/packages/arduino/hardware/sam/1.6.12/variants/arduino_due_x/libsam_sam3x8e_gcc_rel.a(uotghs.o)
                0x000801c0                UOTGHS_Handler
 .text.MW_Serial0_read
                0x000801d0       0x10 MW_SerialRead.o
                0x000801d0                MW_Serial0_read
 .text.MW_Serial1_read
                0x000801e0       0x10 MW_SerialRead.o
                0x000801e0                MW_Serial1_read
 .text.MW_Serial2_read
                0x000801f0       0x10 MW_SerialRead.o
                0x000801f0                MW_Serial2_read
 .text.MW_Serial3_read
                0x00080200       0x10 MW_SerialRead.o
                0x00080200                MW_Serial3_read
 .text.fillDataBuffer
                0x00080210       0x44 MW_SerialRead.o
                0x00080210                fillDataBuffer
 .text.MW_Serial_read
                0x00080254       0x64 MW_SerialRead.o
                0x00080254                MW_Serial_read
 .text.MW_Serial0_available
                0x000802b8        0xc MW_SerialRead.o
                0x000802b8                MW_Serial0_available
 .text.MW_Serial1_available
                0x000802c4        0xc MW_SerialRead.o
                0x000802c4                MW_Serial1_available
 .text.MW_Serial2_available
                0x000802d0        0xc MW_SerialRead.o
                0x000802d0                MW_Serial2_available
 .text.MW_Serial3_available
                0x000802dc        0xc MW_SerialRead.o
                0x000802dc                MW_Serial3_available
 .text.MW_SCI_Open
                0x000802e8       0x1e MW_SerialWrite.o
                0x000802e8                MW_SCI_Open
 *fill*         0x00080306        0x2 
 .text.MW_Serial_write
                0x00080308      0x5dc MW_SerialWrite.o
                0x00080308                MW_Serial_write
 .text.MW_I2C_Open
                0x000808e4       0x2c MW_arduinoI2C.o
                0x000808e4                MW_I2C_Open
 .text.MW_I2C_SetBusSpeed
                0x00080910       0x20 MW_arduinoI2C.o
                0x00080910                MW_I2C_SetBusSpeed
 .text.MW_I2C_MasterRead
                0x00080930       0x58 MW_arduinoI2C.o
                0x00080930                MW_I2C_MasterRead
 .text.MW_I2C_MasterWrite
                0x00080988       0x44 MW_arduinoI2C.o
                0x00080988                MW_I2C_MasterWrite
 .text.MW_I2C_Close
                0x000809cc        0xa MW_arduinoI2C.o
                0x000809cc                MW_I2C_Close
 *fill*         0x000809d6        0x2 
 .text.provaLOG_09_28_readNonFinite
                0x000809d8       0xbc provaLOG_09_28.o
 .text.provaLOG_09_28_readNonFinite_p
                0x00080a94       0xbc provaLOG_09_28.o
 .text.provaLOG_09_28_readNonFinite_pn
                0x00080b50       0xa8 provaLOG_09_28.o
 .text.provaLOG_09_28_isUnitImag
                0x00080bf8       0x9a provaLOG_09_28.o
 *fill*         0x00080c92        0x2 
 .text.provaLOG_09_28_copydigits_o.constprop.11
                0x00080c94       0x84 provaLOG_09_28.o
 .text.provaLOG_09_28_readfloat_e.constprop.10
                0x00080d18      0x4e4 provaLOG_09_28.o
 .text.unlikely.provaLOG_09_28_str2double_f.constprop.9
                0x000811fc      0x224 provaLOG_09_28.o
 .text.unlikely.provaLOG_09_28_eml_find_a.constprop.14
                0x00081420       0x30 provaLOG_09_28.o
 .text.provaLOG_09_28_copydigits_o4q.constprop.20
                0x00081450       0x80 provaLOG_09_28.o
 .text.provaLOG_09_28_copyexponent_ew.constprop.6
                0x000814d0       0x58 provaLOG_09_28.o
 .text.provaLOG_09_28_readfloat_eml.constprop.5
                0x00081528      0x248 provaLOG_09_28.o
 .text.provaLOG_09_28_copydigits_o4.constprop.22
                0x00081770       0x84 provaLOG_09_28.o
 .text.provaLOG_09_28_copyexponent_e.constprop.8
                0x000817f4       0xa4 provaLOG_09_28.o
 .text.provaLOG_09_28_readfloat_em.constprop.7
                0x00081898      0x278 provaLOG_09_28.o
 .text.unlikely.provaLOG_09_28_str2double_ft
                0x00081b10      0x41c provaLOG_09_28.o
 .text.provaLOG_09_28_copydigits.constprop.24
                0x00081f2c       0x84 provaLOG_09_28.o
 .text.provaLOG_09_28_copyexponent.constprop.13
                0x00081fb0       0xa0 provaLOG_09_28.o
 .text.provaLOG_09_28_readfloat.constprop.12
                0x00082050      0x288 provaLOG_09_28.o
 .text.unlikely.provaLOG_09_28_str2double
                0x000822d8      0x3e4 provaLOG_09_28.o
 .text.uMultiWord2Double
                0x000826bc       0x42 provaLOG_09_28.o
                0x000826bc                uMultiWord2Double
 .text.MultiWordSub
                0x000826fe       0x3e provaLOG_09_28.o
                0x000826fe                MultiWordSub
 .text.uLong2MultiWord
                0x0008273c       0x14 provaLOG_09_28.o
                0x0008273c                uLong2MultiWord
 .text.MultiWordAdd
                0x00082750       0x3c provaLOG_09_28.o
                0x00082750                MultiWordAdd
 .text.uMultiWord2MultiWord
                0x0008278c       0x32 provaLOG_09_28.o
                0x0008278c                uMultiWord2MultiWord
 .text.uMultiWordMul
                0x000827be       0xe8 provaLOG_09_28.o
                0x000827be                uMultiWordMul
 .text.uMultiWordShl
                0x000828a6       0xc0 provaLOG_09_28.o
                0x000828a6                uMultiWordShl
 *fill*         0x00082966        0x2 
 .text.unlikely.provaLOG_09_28_hex2dec
                0x00082968      0x268 provaLOG_09_28.o
 .text.provaLOG_09_28_SetEventsForThisBaseStep
                0x00082bd0       0x14 provaLOG_09_28.o
                0x00082bd0                provaLOG_09_28_SetEventsForThisBaseStep
 *fill*         0x00082be4        0x4 
 .text.One_time_initializatio_Init
                0x00082be8      0x400 provaLOG_09_28.o
                0x00082be8                One_time_initializatio_Init
 .text.pro_One_time_initialization
                0x00082fe8      0x4c4 provaLOG_09_28.o
                0x00082fe8                pro_One_time_initialization
 .text.One_time_initializatio_Term
                0x000834ac      0x216 provaLOG_09_28.o
                0x000834ac                One_time_initializatio_Term
 *fill*         0x000836c2        0x2 
 .text.rt_roundd_snf
                0x000836c4       0x80 provaLOG_09_28.o
                0x000836c4                rt_roundd_snf
 .text.rt_roundf_snf
                0x00083744       0x64 provaLOG_09_28.o
                0x00083744                rt_roundf_snf
 .text.provaLOG_09_28_step0
                0x000837a8     0x5854 provaLOG_09_28.o
                0x000837a8                provaLOG_09_28_step0
 .text.provaLOG_09_28_step1
                0x00088ffc       0x4c provaLOG_09_28.o
                0x00088ffc                provaLOG_09_28_step1
 .text.provaLOG_09_28_initialize
                0x00089048      0x320 provaLOG_09_28.o
                0x00089048                provaLOG_09_28_initialize
 .text.provaLOG_09_28_terminate
                0x00089368       0x80 provaLOG_09_28.o
                0x00089368                provaLOG_09_28_terminate
 .text.rtGetInf
                0x000893e8        0xc rtGetInf.o
                0x000893e8                rtGetInf
 .text.rtGetInfF
                0x000893f4        0x6 rtGetInf.o
                0x000893f4                rtGetInfF
 *fill*         0x000893fa        0x2 
 .text.rtGetMinusInf
                0x000893fc        0xc rtGetInf.o
                0x000893fc                rtGetMinusInf
 .text.rtGetMinusInfF
                0x00089408        0x8 rtGetInf.o
                0x00089408                rtGetMinusInfF
 .text.rtGetNaN
                0x00089410        0xc rtGetNaN.o
                0x00089410                rtGetNaN
 .text.rtGetNaNF
                0x0008941c        0x8 rtGetNaN.o
                0x0008941c                rtGetNaNF
 .text.rt_InitInfAndNaN
                0x00089424       0x54 rt_nonfinite.o
                0x00089424                rt_InitInfAndNaN
 .text.rtIsInf  0x00089478       0x38 rt_nonfinite.o
                0x00089478                rtIsInf
 .text.rtIsInfF
                0x000894b0       0x30 rt_nonfinite.o
                0x000894b0                rtIsInfF
 .text.rtIsNaN  0x000894e0       0x28 rt_nonfinite.o
                0x000894e0                rtIsNaN
 .text.rtIsNaNF
                0x00089508       0x1a rt_nonfinite.o
                0x00089508                rtIsNaNF
 *fill*         0x00089522        0x2 
 .text.Mti_Start_wrapper
                0x00089524       0x24 Mti_wrapper.o
                0x00089524                Mti_Start_wrapper
 .text.Mti_Update_wrapper
                0x00089548       0x44 Mti_wrapper.o
                0x00089548                Mti_Update_wrapper
 .text.Mti_Outputs_wrapper
                0x0008958c       0x44 Mti_wrapper.o
                0x0008958c                Mti_Outputs_wrapper
 .text.Seriale_mav_Outputs_wrapper
                0x000895d0       0x50 Seriale_mav_wrapper.o
                0x000895d0                Seriale_mav_Outputs_wrapper
 .text.Seriale_mav_Update_wrapper
                0x00089620       0x30 Seriale_mav_wrapper.o
                0x00089620                Seriale_mav_Update_wrapper
 .text.calc_T_Outputs_wrapper
                0x00089650       0x48 calc_T_wrapper.o
                0x00089650                calc_T_Outputs_wrapper
 .text.calc_p_Outputs_wrapper
                0x00089698       0xc0 calc_p_wrapper.o
                0x00089698                calc_p_Outputs_wrapper
 .text.crc_accumulate
                0x00089758       0x1c receive_MAVLink_v4_6_beta_AL_HITL_HOME_wrapper.o
 .text.receive_MAVLink_v4_6_beta_AL_HITL_HOME_Outputs_wrapper
                0x00089774      0x73c receive_MAVLink_v4_6_beta_AL_HITL_HOME_wrapper.o
                0x00089774                receive_MAVLink_v4_6_beta_AL_HITL_HOME_Outputs_wrapper
 .text.crc_accumulate
                0x00089eb0       0x1c send_MAVLink_v4_4_2_beta_3_HOME_wrapper.o
 .text.mavlink_finalize_message.isra.1.constprop.17
                0x00089ecc       0x84 send_MAVLink_v4_4_2_beta_3_HOME_wrapper.o
 .text.mavlink_msg_param_value_pack.constprop.13
                0x00089f50       0x76 send_MAVLink_v4_4_2_beta_3_HOME_wrapper.o
 *fill*         0x00089fc6        0x2 
 .text.send_MAVLink_v4_4_2_beta_3_HOME_Outputs_wrapper
                0x00089fc8      0x6e4 send_MAVLink_v4_4_2_beta_3_HOME_wrapper.o
                0x00089fc8                send_MAVLink_v4_4_2_beta_3_HOME_Outputs_wrapper
 .text.__halt   0x0008a6ac        0x2 arm_m3_cortex_handler.o
                0x0008a6ac                DACC_Handler
                0x0008a6ac                DebugMon_Handler
                0x0008a6ac                DMAC_Handler
                0x0008a6ac                TRNG_Handler
                0x0008a6ac                HardFault_Handler
                0x0008a6ac                TC2_Handler
                0x0008a6ac                NMI_Handler
                0x0008a6ac                TC7_Handler
                0x0008a6ac                ADC_Handler
                0x0008a6ac                SMC_Handler
                0x0008a6ac                RTT_Handler
                0x0008a6ac                EFC1_Handler
                0x0008a6ac                PIOB_Handler
                0x0008a6ac                RTC_Handler
                0x0008a6ac                UsageFault_Handler
                0x0008a6ac                TC6_Handler
                0x0008a6ac                WDT_Handler
                0x0008a6ac                CAN0_Handler
                0x0008a6ac                TC4_Handler
                0x0008a6ac                TC1_Handler
                0x0008a6ac                HSMCI_Handler
                0x0008a6ac                TC3_Handler
                0x0008a6ac                PIOA_Handler
                0x0008a6ac                SSC_Handler
                0x0008a6ac                EFC0_Handler
                0x0008a6ac                PMC_Handler
                0x0008a6ac                PWM_Handler
                0x0008a6ac                CAN1_Handler
                0x0008a6ac                MemManage_Handler
                0x0008a6ac                SUPC_Handler
                0x0008a6ac                USART2_Handler
                0x0008a6ac                PIOD_Handler
                0x0008a6ac                EMAC_Handler
                0x0008a6ac                PIOC_Handler
                0x0008a6ac                BusFault_Handler
                0x0008a6ac                RSTC_Handler
                0x0008a6ac                TC0_Handler
                0x0008a6ac                TC5_Handler
                0x0008a6ac                SPI0_Handler
 .text.SysTick_Handler
                0x0008a6ae       0x16 arm_m3_cortex_handler.o
                0x0008a6ae                SysTick_Handler
 .text.MW_Arduino_Init
                0x0008a6c4       0x14 MW_ArduinoHWInit.o
                0x0008a6c4                MW_Arduino_Init
 .text.MW_Arduino_Terminate
                0x0008a6d8        0x2 MW_ArduinoHWInit.o
                0x0008a6d8                MW_Arduino_Terminate
 *fill*         0x0008a6da        0x2 
 .text.Serial_begin
                0x0008a6dc       0x34 io_wrappers.o
                0x0008a6dc                Serial_begin
 .text._ZL13Scheduler_Isrv
                0x0008a710       0x14 arduinoARMScheduler.o
 .text.TC8_Handler
                0x0008a724       0x20 arduinoARMScheduler.o
                0x0008a724                TC8_Handler
 .text.Setup_SchedulerTimer
                0x0008a744       0x84 arduinoARMScheduler.o
                0x0008a744                Setup_SchedulerTimer
 .text.configureArduinoARMTimer
                0x0008a7c8       0x40 arduinoARMScheduler.o
                0x0008a7c8                configureArduinoARMTimer
 .text.MW_Arduino_Loop
                0x0008a808        0x4 arduinoARMScheduler.o
                0x0008a808                MW_Arduino_Loop
 .text.PendSV_Handler
                0x0008a80c       0x3c m3m4m4f_multitasking.o
                0x0008a80c                PendSV_Handler
 .text.SVC_Handler
                0x0008a848       0x4c m3m4m4f_multitasking.o
                0x0008a848                SVC_Handler
 .text.rt_OneStep
                0x0008a894       0x78 ert_main.o
                0x0008a894                rt_OneStep
 .text.startup.main
                0x0008a90c       0x6c ert_main.o
                0x0008a90c                main
 .text._ZN7TwoWire5writeEPKhj
                0x0008a978       0x50 C:/Users/LAPIS-~1/DOCUME~1/MATLAB/R2020b/ARDUIN~1/ARDUIN~1/FASTER~1/libcomm.a(Wire.o)
                0x0008a978                TwoWire::write(unsigned char const*, unsigned int)
 .text._ZN7TwoWire9availableEv
                0x0008a9c8        0xc C:/Users/LAPIS-~1/DOCUME~1/MATLAB/R2020b/ARDUIN~1/ARDUIN~1/FASTER~1/libcomm.a(Wire.o)
                0x0008a9c8                TwoWire::available()
 .text._ZN7TwoWire4readEv
                0x0008a9d4       0x1e C:/Users/LAPIS-~1/DOCUME~1/MATLAB/R2020b/ARDUIN~1/ARDUIN~1/FASTER~1/libcomm.a(Wire.o)
                0x0008a9d4                TwoWire::read()
 .text._ZN7TwoWire4peekEv
                0x0008a9f2       0x16 C:/Users/LAPIS-~1/DOCUME~1/MATLAB/R2020b/ARDUIN~1/ARDUIN~1/FASTER~1/libcomm.a(Wire.o)
                0x0008a9f2                TwoWire::peek()
 .text._ZN7TwoWire5flushEv
                0x0008aa08        0x2 C:/Users/LAPIS-~1/DOCUME~1/MATLAB/R2020b/ARDUIN~1/ARDUIN~1/FASTER~1/libcomm.a(Wire.o)
                0x0008aa08                TwoWire::flush()
 .text._ZN7TwoWire5writeEh
                0x0008aa0a       0x3a C:/Users/LAPIS-~1/DOCUME~1/MATLAB/R2020b/ARDUIN~1/ARDUIN~1/FASTER~1/libcomm.a(Wire.o)
                0x0008aa0a                TwoWire::write(unsigned char)
 .text._ZL16TWI_WaitByteSentP3Twim.constprop.3
                0x0008aa44       0x2c C:/Users/LAPIS-~1/DOCUME~1/MATLAB/R2020b/ARDUIN~1/ARDUIN~1/FASTER~1/libcomm.a(Wire.o)
 .text._ZL24TWI_WaitTransferCompleteP3Twim.constprop.4
                0x0008aa70       0x2c C:/Users/LAPIS-~1/DOCUME~1/MATLAB/R2020b/ARDUIN~1/ARDUIN~1/FASTER~1/libcomm.a(Wire.o)
 .text._ZL9Wire_Initv
                0x0008aa9c       0x54 C:/Users/LAPIS-~1/DOCUME~1/MATLAB/R2020b/ARDUIN~1/ARDUIN~1/FASTER~1/libcomm.a(Wire.o)
 .text._ZL12Wire1_Deinitv
                0x0008aaf0       0x18 C:/Users/LAPIS-~1/DOCUME~1/MATLAB/R2020b/ARDUIN~1/ARDUIN~1/FASTER~1/libcomm.a(Wire.o)
 .text._ZL11Wire_Deinitv
                0x0008ab08       0x18 C:/Users/LAPIS-~1/DOCUME~1/MATLAB/R2020b/ARDUIN~1/ARDUIN~1/FASTER~1/libcomm.a(Wire.o)
 .text._ZL10Wire1_Initv
                0x0008ab20       0x54 C:/Users/LAPIS-~1/DOCUME~1/MATLAB/R2020b/ARDUIN~1/ARDUIN~1/FASTER~1/libcomm.a(Wire.o)
 .text._ZN7TwoWireC2EP3TwiPFvvES3_
                0x0008ab74       0x48 C:/Users/LAPIS-~1/DOCUME~1/MATLAB/R2020b/ARDUIN~1/ARDUIN~1/FASTER~1/libcomm.a(Wire.o)
                0x0008ab74                TwoWire::TwoWire(Twi*, void (*)(), void (*)())
                0x0008ab74                TwoWire::TwoWire(Twi*, void (*)(), void (*)())
 .text._ZN7TwoWire5beginEv
                0x0008abbc       0x30 C:/Users/LAPIS-~1/DOCUME~1/MATLAB/R2020b/ARDUIN~1/ARDUIN~1/FASTER~1/libcomm.a(Wire.o)
                0x0008abbc                TwoWire::begin()
 .text._ZN7TwoWire3endEv
                0x0008abec       0x2a C:/Users/LAPIS-~1/DOCUME~1/MATLAB/R2020b/ARDUIN~1/ARDUIN~1/FASTER~1/libcomm.a(Wire.o)
                0x0008abec                TwoWire::end()
 *fill*         0x0008ac16        0x2 
 .text._ZN7TwoWire8setClockEm
                0x0008ac18       0x14 C:/Users/LAPIS-~1/DOCUME~1/MATLAB/R2020b/ARDUIN~1/ARDUIN~1/FASTER~1/libcomm.a(Wire.o)
                0x0008ac18                TwoWire::setClock(unsigned long)
 .text._ZN7TwoWire11requestFromEhhmhh
                0x0008ac2c       0x78 C:/Users/LAPIS-~1/DOCUME~1/MATLAB/R2020b/ARDUIN~1/ARDUIN~1/FASTER~1/libcomm.a(Wire.o)
                0x0008ac2c                TwoWire::requestFrom(unsigned char, unsigned char, unsigned long, unsigned char, unsigned char)
 .text._ZN7TwoWire11requestFromEhhh
                0x0008aca4       0x12 C:/Users/LAPIS-~1/DOCUME~1/MATLAB/R2020b/ARDUIN~1/ARDUIN~1/FASTER~1/libcomm.a(Wire.o)
                0x0008aca4                TwoWire::requestFrom(unsigned char, unsigned char, unsigned char)
 .text._ZN7TwoWire11requestFromEhh
                0x0008acb6        0x6 C:/Users/LAPIS-~1/DOCUME~1/MATLAB/R2020b/ARDUIN~1/ARDUIN~1/FASTER~1/libcomm.a(Wire.o)
                0x0008acb6                TwoWire::requestFrom(unsigned char, unsigned char)
 .text._ZN7TwoWire17beginTransmissionEh
                0x0008acbc       0x12 C:/Users/LAPIS-~1/DOCUME~1/MATLAB/R2020b/ARDUIN~1/ARDUIN~1/FASTER~1/libcomm.a(Wire.o)
                0x0008acbc                TwoWire::beginTransmission(unsigned char)
 .text._ZN7TwoWire15endTransmissionEh
                0x0008acce       0x82 C:/Users/LAPIS-~1/DOCUME~1/MATLAB/R2020b/ARDUIN~1/ARDUIN~1/FASTER~1/libcomm.a(Wire.o)
                0x0008acce                TwoWire::endTransmission(unsigned char)
 .text._ZN7TwoWire9onServiceEv
                0x0008ad50      0x118 C:/Users/LAPIS-~1/DOCUME~1/MATLAB/R2020b/ARDUIN~1/ARDUIN~1/FASTER~1/libcomm.a(Wire.o)
                0x0008ad50                TwoWire::onService()
 .text.TWI1_Handler
                0x0008ae68        0xc C:/Users/LAPIS-~1/DOCUME~1/MATLAB/R2020b/ARDUIN~1/ARDUIN~1/FASTER~1/libcomm.a(Wire.o)
                0x0008ae68                TWI1_Handler
 .text.TWI0_Handler
                0x0008ae74        0xc C:/Users/LAPIS-~1/DOCUME~1/MATLAB/R2020b/ARDUIN~1/ARDUIN~1/FASTER~1/libcomm.a(Wire.o)
                0x0008ae74                TWI0_Handler
 .text.startup._GLOBAL__sub_I__ZN7TwoWireC2EP3TwiPFvvES3_
                0x0008ae80       0x40 C:/Users/LAPIS-~1/DOCUME~1/MATLAB/R2020b/ARDUIN~1/ARDUIN~1/FASTER~1/libcomm.a(Wire.o)
 .text.__false  0x0008aec0        0x4 C:/Users/LAPIS-~1/DOCUME~1/MATLAB/R2020b/ARDUIN~1/ARDUIN~1/FASTER~1/libcore.a(hooks.o)
                0x0008aec0                sysTickHook
 .text._sbrk    0x0008aec4       0x1c C:/Users/LAPIS-~1/DOCUME~1/MATLAB/R2020b/ARDUIN~1/ARDUIN~1/FASTER~1/libcore.a(syscalls_sam3.o)
                0x0008aec4                _sbrk
 .text.link     0x0008aee0        0x6 C:/Users/LAPIS-~1/DOCUME~1/MATLAB/R2020b/ARDUIN~1/ARDUIN~1/FASTER~1/libcore.a(syscalls_sam3.o)
                0x0008aee0                link
 .text._close   0x0008aee6        0x6 C:/Users/LAPIS-~1/DOCUME~1/MATLAB/R2020b/ARDUIN~1/ARDUIN~1/FASTER~1/libcore.a(syscalls_sam3.o)
                0x0008aee6                _close
 .text._fstat   0x0008aeec        0xa C:/Users/LAPIS-~1/DOCUME~1/MATLAB/R2020b/ARDUIN~1/ARDUIN~1/FASTER~1/libcore.a(syscalls_sam3.o)
                0x0008aeec                _fstat
 .text._isatty  0x0008aef6        0x4 C:/Users/LAPIS-~1/DOCUME~1/MATLAB/R2020b/ARDUIN~1/ARDUIN~1/FASTER~1/libcore.a(syscalls_sam3.o)
                0x0008aef6                _isatty
 .text._lseek   0x0008aefa        0x4 C:/Users/LAPIS-~1/DOCUME~1/MATLAB/R2020b/ARDUIN~1/ARDUIN~1/FASTER~1/libcore.a(syscalls_sam3.o)
                0x0008aefa                _lseek
 .text._read    0x0008aefe        0x4 C:/Users/LAPIS-~1/DOCUME~1/MATLAB/R2020b/ARDUIN~1/ARDUIN~1/FASTER~1/libcore.a(syscalls_sam3.o)
                0x0008aefe                _read
 *fill*         0x0008af02        0x2 
 .text._write   0x0008af04       0x24 C:/Users/LAPIS-~1/DOCUME~1/MATLAB/R2020b/ARDUIN~1/ARDUIN~1/FASTER~1/libcore.a(syscalls_sam3.o)
                0x0008af04                _write
 .text._exit    0x0008af28        0x2 C:/Users/LAPIS-~1/DOCUME~1/MATLAB/R2020b/ARDUIN~1/ARDUIN~1/FASTER~1/libcore.a(syscalls_sam3.o)
                0x0008af28                _exit
 .text._kill    0x0008af2a        0x2 C:/Users/LAPIS-~1/DOCUME~1/MATLAB/R2020b/ARDUIN~1/ARDUIN~1/FASTER~1/libcore.a(syscalls_sam3.o)
                0x0008af2a                _kill
 .text._getpid  0x0008af2c        0x6 C:/Users/LAPIS-~1/DOCUME~1/MATLAB/R2020b/ARDUIN~1/ARDUIN~1/FASTER~1/libcore.a(syscalls_sam3.o)
                0x0008af2c                _getpid
 .text.millis   0x0008af32        0x4 C:/Users/LAPIS-~1/DOCUME~1/MATLAB/R2020b/ARDUIN~1/ARDUIN~1/FASTER~1/libcore.a(wiring.o)
                0x0008af32                millis
 *fill*         0x0008af36        0x2 
 .text.pinMode  0x0008af38      0x108 C:/Users/LAPIS-~1/DOCUME~1/MATLAB/R2020b/ARDUIN~1/ARDUIN~1/FASTER~1/libcore.a(wiring_digital.o)
                0x0008af38                pinMode
 .text.digitalWrite
                0x0008b040       0x70 C:/Users/LAPIS-~1/DOCUME~1/MATLAB/R2020b/ARDUIN~1/ARDUIN~1/FASTER~1/libcore.a(wiring_digital.o)
                0x0008b040                digitalWrite
 .text._ZN5Print5writeEPKhj
                0x0008b0b0       0x22 C:/Users/LAPIS-~1/DOCUME~1/MATLAB/R2020b/ARDUIN~1/ARDUIN~1/FASTER~1/libcore.a(Print.o)
                0x0008b0b0                Print::write(unsigned char const*, unsigned int)
 .text._ZN5Print5printEmi.part.3
                0x0008b0d2        0xc C:/Users/LAPIS-~1/DOCUME~1/MATLAB/R2020b/ARDUIN~1/ARDUIN~1/FASTER~1/libcore.a(Print.o)
 .text._ZN5Print5writeEPKc
                0x0008b0de       0x1e C:/Users/LAPIS-~1/DOCUME~1/MATLAB/R2020b/ARDUIN~1/ARDUIN~1/FASTER~1/libcore.a(Print.o)
                0x0008b0de                Print::write(char const*)
 .text._ZN5Print5printEPKc
                0x0008b0fc        0x8 C:/Users/LAPIS-~1/DOCUME~1/MATLAB/R2020b/ARDUIN~1/ARDUIN~1/FASTER~1/libcore.a(Print.o)
                0x0008b0fc                Print::print(char const*)
 .text._ZN5Print5printEc
                0x0008b104        0xa C:/Users/LAPIS-~1/DOCUME~1/MATLAB/R2020b/ARDUIN~1/ARDUIN~1/FASTER~1/libcore.a(Print.o)
                0x0008b104                Print::print(char)
 *fill*         0x0008b10e        0x2 
 .text._ZN5Print7printlnEv
                0x0008b110       0x10 C:/Users/LAPIS-~1/DOCUME~1/MATLAB/R2020b/ARDUIN~1/ARDUIN~1/FASTER~1/libcore.a(Print.o)
                0x0008b110                Print::println()
 .text._ZN5Print11printNumberEmh
                0x0008b120       0x3e C:/Users/LAPIS-~1/DOCUME~1/MATLAB/R2020b/ARDUIN~1/ARDUIN~1/FASTER~1/libcore.a(Print.o)
                0x0008b120                Print::printNumber(unsigned long, unsigned char)
 .text._ZN5Print5printEli
                0x0008b15e       0x3c C:/Users/LAPIS-~1/DOCUME~1/MATLAB/R2020b/ARDUIN~1/ARDUIN~1/FASTER~1/libcore.a(Print.o)
                0x0008b15e                Print::print(long, int)
 .text._ZN5Print5printEii
                0x0008b19a        0x4 C:/Users/LAPIS-~1/DOCUME~1/MATLAB/R2020b/ARDUIN~1/ARDUIN~1/FASTER~1/libcore.a(Print.o)
                0x0008b19a                Print::print(int, int)
 .text._ZN5Print7printlnEii
                0x0008b19e       0x14 C:/Users/LAPIS-~1/DOCUME~1/MATLAB/R2020b/ARDUIN~1/ARDUIN~1/FASTER~1/libcore.a(Print.o)
                0x0008b19e                Print::println(int, int)
 .text._ZN5Print7printlnEli
                0x0008b1b2       0x14 C:/Users/LAPIS-~1/DOCUME~1/MATLAB/R2020b/ARDUIN~1/ARDUIN~1/FASTER~1/libcore.a(Print.o)
                0x0008b1b2                Print::println(long, int)
 .text._ZN5Print5printEmi
                0x0008b1c6        0xc C:/Users/LAPIS-~1/DOCUME~1/MATLAB/R2020b/ARDUIN~1/ARDUIN~1/FASTER~1/libcore.a(Print.o)
                0x0008b1c6                Print::print(unsigned long, int)
 .text._ZN5Print5printEhi
                0x0008b1d2        0x4 C:/Users/LAPIS-~1/DOCUME~1/MATLAB/R2020b/ARDUIN~1/ARDUIN~1/FASTER~1/libcore.a(Print.o)
                0x0008b1d2                Print::print(unsigned char, int)
 .text._ZN5Print7printlnEhi
                0x0008b1d6       0x14 C:/Users/LAPIS-~1/DOCUME~1/MATLAB/R2020b/ARDUIN~1/ARDUIN~1/FASTER~1/libcore.a(Print.o)
                0x0008b1d6                Print::println(unsigned char, int)
 .text._ZN5Print7printlnEmi
                0x0008b1ea       0x14 C:/Users/LAPIS-~1/DOCUME~1/MATLAB/R2020b/ARDUIN~1/ARDUIN~1/FASTER~1/libcore.a(Print.o)
                0x0008b1ea                Print::println(unsigned long, int)
 *fill*         0x0008b1fe        0x2 
 .text._ZN5Print10printFloatEdh
                0x0008b200      0x148 C:/Users/LAPIS-~1/DOCUME~1/MATLAB/R2020b/ARDUIN~1/ARDUIN~1/FASTER~1/libcore.a(Print.o)
                0x0008b200                Print::printFloat(double, unsigned char)
 .text._ZN5Print5printEdi
                0x0008b348        0xa C:/Users/LAPIS-~1/DOCUME~1/MATLAB/R2020b/ARDUIN~1/ARDUIN~1/FASTER~1/libcore.a(Print.o)
                0x0008b348                Print::print(double, int)
 .text._ZN5Print7printlnEdi
                0x0008b352       0x1c C:/Users/LAPIS-~1/DOCUME~1/MATLAB/R2020b/ARDUIN~1/ARDUIN~1/FASTER~1/libcore.a(Print.o)
                0x0008b352                Print::println(double, int)
 *fill*         0x0008b36e        0x2 
 .text.tickReset
                0x0008b370       0x20 C:/Users/LAPIS-~1/DOCUME~1/MATLAB/R2020b/ARDUIN~1/ARDUIN~1/FASTER~1/libcore.a(Reset.o)
                0x0008b370                tickReset
 .text._ZN6Stream9timedReadEv
                0x0008b390       0x2a C:/Users/LAPIS-~1/DOCUME~1/MATLAB/R2020b/ARDUIN~1/ARDUIN~1/FASTER~1/libcore.a(Stream.o)
                0x0008b390                Stream::timedRead()
 .text._ZN6Stream9readBytesEPcj
                0x0008b3ba       0x22 C:/Users/LAPIS-~1/DOCUME~1/MATLAB/R2020b/ARDUIN~1/ARDUIN~1/FASTER~1/libcore.a(Stream.o)
                0x0008b3ba                Stream::readBytes(char*, unsigned int)
 .text._ZN9UARTClasscvbEv
                0x0008b3dc        0x4 C:/Users/LAPIS-~1/DOCUME~1/MATLAB/R2020b/ARDUIN~1/ARDUIN~1/FASTER~1/libcore.a(UARTClass.o)
                0x0008b3dc                UARTClass::operator bool()
 .text._ZN9UARTClass9availableEv
                0x0008b3e0       0x12 C:/Users/LAPIS-~1/DOCUME~1/MATLAB/R2020b/ARDUIN~1/ARDUIN~1/FASTER~1/libcore.a(UARTClass.o)
                0x0008b3e0                UARTClass::available()
 .text._ZN9UARTClass4peekEv
                0x0008b3f2       0x1c C:/Users/LAPIS-~1/DOCUME~1/MATLAB/R2020b/ARDUIN~1/ARDUIN~1/FASTER~1/libcore.a(UARTClass.o)
                0x0008b3f2                UARTClass::peek()
 .text._ZN9UARTClass4readEv
                0x0008b40e       0x2a C:/Users/LAPIS-~1/DOCUME~1/MATLAB/R2020b/ARDUIN~1/ARDUIN~1/FASTER~1/libcore.a(UARTClass.o)
                0x0008b40e                UARTClass::read()
 .text._ZN9UARTClass5flushEv
                0x0008b438       0x18 C:/Users/LAPIS-~1/DOCUME~1/MATLAB/R2020b/ARDUIN~1/ARDUIN~1/FASTER~1/libcore.a(UARTClass.o)
                0x0008b438                UARTClass::flush()
 .text._ZN9UARTClass5writeEh
                0x0008b450       0x54 C:/Users/LAPIS-~1/DOCUME~1/MATLAB/R2020b/ARDUIN~1/ARDUIN~1/FASTER~1/libcore.a(UARTClass.o)
                0x0008b450                UARTClass::write(unsigned char)
 .text._ZN9UARTClass3endEv
                0x0008b4a4       0x3c C:/Users/LAPIS-~1/DOCUME~1/MATLAB/R2020b/ARDUIN~1/ARDUIN~1/FASTER~1/libcore.a(UARTClass.o)
                0x0008b4a4                UARTClass::end()
 .text._ZN9UARTClassC2EP4Uart4IRQnmP10RingBufferS4_
                0x0008b4e0       0x24 C:/Users/LAPIS-~1/DOCUME~1/MATLAB/R2020b/ARDUIN~1/ARDUIN~1/FASTER~1/libcore.a(UARTClass.o)
                0x0008b4e0                UARTClass::UARTClass(Uart*, IRQn, unsigned long, RingBuffer*, RingBuffer*)
                0x0008b4e0                UARTClass::UARTClass(Uart*, IRQn, unsigned long, RingBuffer*, RingBuffer*)
 .text._ZN9UARTClass4initEmm
                0x0008b504       0x70 C:/Users/LAPIS-~1/DOCUME~1/MATLAB/R2020b/ARDUIN~1/ARDUIN~1/FASTER~1/libcore.a(UARTClass.o)
                0x0008b504                UARTClass::init(unsigned long, unsigned long)
 .text._ZN9UARTClass5beginEm
                0x0008b574        0x8 C:/Users/LAPIS-~1/DOCUME~1/MATLAB/R2020b/ARDUIN~1/ARDUIN~1/FASTER~1/libcore.a(UARTClass.o)
                0x0008b574                UARTClass::begin(unsigned long)
 .text._ZN9UARTClass10IrqHandlerEv
                0x0008b57c       0x5a C:/Users/LAPIS-~1/DOCUME~1/MATLAB/R2020b/ARDUIN~1/ARDUIN~1/FASTER~1/libcore.a(UARTClass.o)
                0x0008b57c                UARTClass::IrqHandler()
 .text._ZN10USARTClass5beginEm
                0x0008b5d6        0x8 C:/Users/LAPIS-~1/DOCUME~1/MATLAB/R2020b/ARDUIN~1/ARDUIN~1/FASTER~1/libcore.a(USARTClass.o)
                0x0008b5d6                USARTClass::begin(unsigned long)
 *fill*         0x0008b5de        0x2 
 .text._ZN10USARTClassC2EP5Usart4IRQnmP10RingBufferS4_
                0x0008b5e0       0x24 C:/Users/LAPIS-~1/DOCUME~1/MATLAB/R2020b/ARDUIN~1/ARDUIN~1/FASTER~1/libcore.a(USARTClass.o)
                0x0008b5e0                USARTClass::USARTClass(Usart*, IRQn, unsigned long, RingBuffer*, RingBuffer*)
                0x0008b5e0                USARTClass::USARTClass(Usart*, IRQn, unsigned long, RingBuffer*, RingBuffer*)
 .text._Z15watchdogDisablev
                0x0008b604        0xc C:/Users/LAPIS-~1/DOCUME~1/MATLAB/R2020b/ARDUIN~1/ARDUIN~1/FASTER~1/libcore.a(watchdog.o)
                0x0008b604                watchdogDisable()
 .text.UART_Handler
                0x0008b610        0xc C:/Users/LAPIS-~1/DOCUME~1/MATLAB/R2020b/ARDUIN~1/ARDUIN~1/FASTER~1/libcore.a(variant.o)
                0x0008b610                UART_Handler
 .text.USART0_Handler
                0x0008b61c        0xc C:/Users/LAPIS-~1/DOCUME~1/MATLAB/R2020b/ARDUIN~1/ARDUIN~1/FASTER~1/libcore.a(variant.o)
                0x0008b61c                USART0_Handler
 .text.USART1_Handler
                0x0008b628        0xc C:/Users/LAPIS-~1/DOCUME~1/MATLAB/R2020b/ARDUIN~1/ARDUIN~1/FASTER~1/libcore.a(variant.o)
                0x0008b628                USART1_Handler
 .text.USART3_Handler
                0x0008b634        0xc C:/Users/LAPIS-~1/DOCUME~1/MATLAB/R2020b/ARDUIN~1/ARDUIN~1/FASTER~1/libcore.a(variant.o)
                0x0008b634                USART3_Handler
 .text.init     0x0008b640      0x128 C:/Users/LAPIS-~1/DOCUME~1/MATLAB/R2020b/ARDUIN~1/ARDUIN~1/FASTER~1/libcore.a(variant.o)
                0x0008b640                init
 .text.startup._GLOBAL__sub_I_g_APinDescription
                0x0008b768       0xd4 C:/Users/LAPIS-~1/DOCUME~1/MATLAB/R2020b/ARDUIN~1/ARDUIN~1/FASTER~1/libcore.a(variant.o)
 .text.analogOutputInit
                0x0008b83c        0x2 C:/Users/LAPIS-~1/DOCUME~1/MATLAB/R2020b/ARDUIN~1/ARDUIN~1/FASTER~1/libcore.a(wiring_analog.o)
                0x0008b83c                analogOutputInit
 .text._ZN10RingBufferC2Ev
                0x0008b83e       0x1a C:/Users/LAPIS-~1/DOCUME~1/MATLAB/R2020b/ARDUIN~1/ARDUIN~1/FASTER~1/libcore.a(RingBuffer.o)
                0x0008b83e                RingBuffer::RingBuffer()
                0x0008b83e                RingBuffer::RingBuffer()
 .text._ZN10RingBuffer10store_charEh
                0x0008b858       0x1e C:/Users/LAPIS-~1/DOCUME~1/MATLAB/R2020b/ARDUIN~1/ARDUIN~1/FASTER~1/libcore.a(RingBuffer.o)
                0x0008b858                RingBuffer::store_char(unsigned char)
 .text.PIO_PullUp
                0x0008b876        0xa C:/ProgramData/MATLAB/SupportPackages/R2020b/3P.instrset/arduinoide.instrset/portable/packages/arduino/hardware/sam/1.6.12/variants/arduino_due_x/libsam_sam3x8e_gcc_rel.a(pio.o)
                0x0008b876                PIO_PullUp
 .text.PIO_SetPeripheral
                0x0008b880       0x26 C:/ProgramData/MATLAB/SupportPackages/R2020b/3P.instrset/arduinoide.instrset/portable/packages/arduino/hardware/sam/1.6.12/variants/arduino_due_x/libsam_sam3x8e_gcc_rel.a(pio.o)
                0x0008b880                PIO_SetPeripheral
 .text.PIO_SetInput
                0x0008b8a6       0x26 C:/ProgramData/MATLAB/SupportPackages/R2020b/3P.instrset/arduinoide.instrset/portable/packages/arduino/hardware/sam/1.6.12/variants/arduino_due_x/libsam_sam3x8e_gcc_rel.a(pio.o)
                0x0008b8a6                PIO_SetInput
 .text.PIO_SetOutput
                0x0008b8cc       0x24 C:/ProgramData/MATLAB/SupportPackages/R2020b/3P.instrset/arduinoide.instrset/portable/packages/arduino/hardware/sam/1.6.12/variants/arduino_due_x/libsam_sam3x8e_gcc_rel.a(pio.o)
                0x0008b8cc                PIO_SetOutput
 .text.PIO_Configure
                0x0008b8f0       0x64 C:/ProgramData/MATLAB/SupportPackages/R2020b/3P.instrset/arduinoide.instrset/portable/packages/arduino/hardware/sam/1.6.12/variants/arduino_due_x/libsam_sam3x8e_gcc_rel.a(pio.o)
                0x0008b8f0                PIO_Configure
 .text.PIO_GetOutputDataStatus
                0x0008b954       0x14 C:/ProgramData/MATLAB/SupportPackages/R2020b/3P.instrset/arduinoide.instrset/portable/packages/arduino/hardware/sam/1.6.12/variants/arduino_due_x/libsam_sam3x8e_gcc_rel.a(pio.o)
                0x0008b954                PIO_GetOutputDataStatus
 .text.pmc_enable_periph_clk
                0x0008b968       0x44 C:/ProgramData/MATLAB/SupportPackages/R2020b/3P.instrset/arduinoide.instrset/portable/packages/arduino/hardware/sam/1.6.12/variants/arduino_due_x/libsam_sam3x8e_gcc_rel.a(pmc.o)
                0x0008b968                pmc_enable_periph_clk
 .text.pmc_disable_periph_clk
                0x0008b9ac       0x40 C:/ProgramData/MATLAB/SupportPackages/R2020b/3P.instrset/arduinoide.instrset/portable/packages/arduino/hardware/sam/1.6.12/variants/arduino_due_x/libsam_sam3x8e_gcc_rel.a(pmc.o)
                0x0008b9ac                pmc_disable_periph_clk
 .text.pmc_set_writeprotect
                0x0008b9ec       0x1c C:/ProgramData/MATLAB/SupportPackages/R2020b/3P.instrset/arduinoide.instrset/portable/packages/arduino/hardware/sam/1.6.12/variants/arduino_due_x/libsam_sam3x8e_gcc_rel.a(pmc.o)
                0x0008b9ec                pmc_set_writeprotect
 .text.TC_Configure
                0x0008ba08       0x38 C:/ProgramData/MATLAB/SupportPackages/R2020b/3P.instrset/arduinoide.instrset/portable/packages/arduino/hardware/sam/1.6.12/variants/arduino_due_x/libsam_sam3x8e_gcc_rel.a(tc.o)
                0x0008ba08                TC_Configure
 .text.TC_Start
                0x0008ba40       0x2c C:/ProgramData/MATLAB/SupportPackages/R2020b/3P.instrset/arduinoide.instrset/portable/packages/arduino/hardware/sam/1.6.12/variants/arduino_due_x/libsam_sam3x8e_gcc_rel.a(tc.o)
                0x0008ba40                TC_Start
 .text.TC_GetStatus
                0x0008ba6c        0x8 C:/ProgramData/MATLAB/SupportPackages/R2020b/3P.instrset/arduinoide.instrset/portable/packages/arduino/hardware/sam/1.6.12/variants/arduino_due_x/libsam_sam3x8e_gcc_rel.a(tc.o)
                0x0008ba6c                TC_GetStatus
 .text.TC_SetRC
                0x0008ba74        0x8 C:/ProgramData/MATLAB/SupportPackages/R2020b/3P.instrset/arduinoide.instrset/portable/packages/arduino/hardware/sam/1.6.12/variants/arduino_due_x/libsam_sam3x8e_gcc_rel.a(tc.o)
                0x0008ba74                TC_SetRC
 .text.TimeTick_Increment
                0x0008ba7c       0x10 C:/ProgramData/MATLAB/SupportPackages/R2020b/3P.instrset/arduinoide.instrset/portable/packages/arduino/hardware/sam/1.6.12/variants/arduino_due_x/libsam_sam3x8e_gcc_rel.a(timetick.o)
                0x0008ba7c                TimeTick_Increment
 .text.GetTickCount
                0x0008ba8c        0xc C:/ProgramData/MATLAB/SupportPackages/R2020b/3P.instrset/arduinoide.instrset/portable/packages/arduino/hardware/sam/1.6.12/variants/arduino_due_x/libsam_sam3x8e_gcc_rel.a(timetick.o)
                0x0008ba8c                GetTickCount
 .text.TWI_SetClock
                0x0008ba98       0x58 C:/ProgramData/MATLAB/SupportPackages/R2020b/3P.instrset/arduinoide.instrset/portable/packages/arduino/hardware/sam/1.6.12/variants/arduino_due_x/libsam_sam3x8e_gcc_rel.a(twi.o)
                0x0008ba98                TWI_SetClock
 .text.TWI_Disable
                0x0008baf0       0x2c C:/ProgramData/MATLAB/SupportPackages/R2020b/3P.instrset/arduinoide.instrset/portable/packages/arduino/hardware/sam/1.6.12/variants/arduino_due_x/libsam_sam3x8e_gcc_rel.a(twi.o)
                0x0008baf0                TWI_Disable
 .text.TWI_ConfigureMaster
                0x0008bb1c       0x48 C:/ProgramData/MATLAB/SupportPackages/R2020b/3P.instrset/arduinoide.instrset/portable/packages/arduino/hardware/sam/1.6.12/variants/arduino_due_x/libsam_sam3x8e_gcc_rel.a(twi.o)
                0x0008bb1c                TWI_ConfigureMaster
 .text.TWI_Stop
                0x0008bb64       0x28 C:/ProgramData/MATLAB/SupportPackages/R2020b/3P.instrset/arduinoide.instrset/portable/packages/arduino/hardware/sam/1.6.12/variants/arduino_due_x/libsam_sam3x8e_gcc_rel.a(twi.o)
                0x0008bb64                TWI_Stop
 .text.TWI_StartRead
                0x0008bb8c       0x70 C:/ProgramData/MATLAB/SupportPackages/R2020b/3P.instrset/arduinoide.instrset/portable/packages/arduino/hardware/sam/1.6.12/variants/arduino_due_x/libsam_sam3x8e_gcc_rel.a(twi.o)
                0x0008bb8c                TWI_StartRead
 .text.TWI_ReadByte
                0x0008bbfc       0x28 C:/ProgramData/MATLAB/SupportPackages/R2020b/3P.instrset/arduinoide.instrset/portable/packages/arduino/hardware/sam/1.6.12/variants/arduino_due_x/libsam_sam3x8e_gcc_rel.a(twi.o)
                0x0008bbfc                TWI_ReadByte
 .text.TWI_WriteByte
                0x0008bc24       0x24 C:/ProgramData/MATLAB/SupportPackages/R2020b/3P.instrset/arduinoide.instrset/portable/packages/arduino/hardware/sam/1.6.12/variants/arduino_due_x/libsam_sam3x8e_gcc_rel.a(twi.o)
                0x0008bc24                TWI_WriteByte
 .text.TWI_StartWrite
                0x0008bc48       0x7c C:/ProgramData/MATLAB/SupportPackages/R2020b/3P.instrset/arduinoide.instrset/portable/packages/arduino/hardware/sam/1.6.12/variants/arduino_due_x/libsam_sam3x8e_gcc_rel.a(twi.o)
                0x0008bc48                TWI_StartWrite
 .text.TWI_EnableIt
                0x0008bcc4       0x40 C:/ProgramData/MATLAB/SupportPackages/R2020b/3P.instrset/arduinoide.instrset/portable/packages/arduino/hardware/sam/1.6.12/variants/arduino_due_x/libsam_sam3x8e_gcc_rel.a(twi.o)
                0x0008bcc4                TWI_EnableIt
 .text.TWI_DisableIt
                0x0008bd04       0x40 C:/ProgramData/MATLAB/SupportPackages/R2020b/3P.instrset/arduinoide.instrset/portable/packages/arduino/hardware/sam/1.6.12/variants/arduino_due_x/libsam_sam3x8e_gcc_rel.a(twi.o)
                0x0008bd04                TWI_DisableIt
 .text.TWI_GetStatus
                0x0008bd44       0x28 C:/ProgramData/MATLAB/SupportPackages/R2020b/3P.instrset/arduinoide.instrset/portable/packages/arduino/hardware/sam/1.6.12/variants/arduino_due_x/libsam_sam3x8e_gcc_rel.a(twi.o)
                0x0008bd44                TWI_GetStatus
 .text.TWI_SendSTOPCondition
                0x0008bd6c       0x2c C:/ProgramData/MATLAB/SupportPackages/R2020b/3P.instrset/arduinoide.instrset/portable/packages/arduino/hardware/sam/1.6.12/variants/arduino_due_x/libsam_sam3x8e_gcc_rel.a(twi.o)
                0x0008bd6c                TWI_SendSTOPCondition
 .text.WDT_Disable
                0x0008bd98        0x8 C:/ProgramData/MATLAB/SupportPackages/R2020b/3P.instrset/arduinoide.instrset/portable/packages/arduino/hardware/sam/1.6.12/variants/arduino_due_x/libsam_sam3x8e_gcc_rel.a(wdt.o)
                0x0008bd98                WDT_Disable
 .text.SystemInit
                0x0008bda0       0x88 C:/ProgramData/MATLAB/SupportPackages/R2020b/3P.instrset/arduinoide.instrset/portable/packages/arduino/hardware/sam/1.6.12/variants/arduino_due_x/libsam_sam3x8e_gcc_rel.a(system_sam3xa.o)
                0x0008bda0                SystemInit
 .text.adc_init
                0x0008be28       0x98 C:/ProgramData/MATLAB/SupportPackages/R2020b/3P.instrset/arduinoide.instrset/portable/packages/arduino/hardware/sam/1.6.12/variants/arduino_due_x/libsam_sam3x8e_gcc_rel.a(adc.o)
                0x0008be28                adc_init
 .text.adc_configure_trigger
                0x0008bec0        0xe C:/ProgramData/MATLAB/SupportPackages/R2020b/3P.instrset/arduinoide.instrset/portable/packages/arduino/hardware/sam/1.6.12/variants/arduino_due_x/libsam_sam3x8e_gcc_rel.a(adc.o)
                0x0008bec0                adc_configure_trigger
 .text.adc_configure_timing
                0x0008bece       0x1a C:/ProgramData/MATLAB/SupportPackages/R2020b/3P.instrset/arduinoide.instrset/portable/packages/arduino/hardware/sam/1.6.12/variants/arduino_due_x/libsam_sam3x8e_gcc_rel.a(adc.o)
                0x0008bece                adc_configure_timing
 .text.adc_disable_channel
                0x0008bee8        0xa C:/ProgramData/MATLAB/SupportPackages/R2020b/3P.instrset/arduinoide.instrset/portable/packages/arduino/hardware/sam/1.6.12/variants/arduino_due_x/libsam_sam3x8e_gcc_rel.a(adc.o)
                0x0008bee8                adc_disable_channel
 .text.adc_disable_all_channel
                0x0008bef2        0x8 C:/ProgramData/MATLAB/SupportPackages/R2020b/3P.instrset/arduinoide.instrset/portable/packages/arduino/hardware/sam/1.6.12/variants/arduino_due_x/libsam_sam3x8e_gcc_rel.a(adc.o)
                0x0008bef2                adc_disable_all_channel
 .text.adc_disable_interrupt
                0x0008befa        0x4 C:/ProgramData/MATLAB/SupportPackages/R2020b/3P.instrset/arduinoide.instrset/portable/packages/arduino/hardware/sam/1.6.12/variants/arduino_due_x/libsam_sam3x8e_gcc_rel.a(adc.o)
                0x0008befa                adc_disable_interrupt
 *fill*         0x0008befe        0x2 
 .text.ceil     0x0008bf00      0x120 c:/programdata/matlab/supportpackages/r2020b/3p.instrset/arduinoide.instrset/portable/packages/arduino/tools/arm-none-eabi-gcc/4.8.3-2014q1/bin/../lib/gcc/arm-none-eabi/4.8.3/../../../../arm-none-eabi/lib/armv7-m\libm.a(lib_a-s_ceil.o)
                0x0008bf00                ceil
 .text.floor    0x0008c020      0x120 c:/programdata/matlab/supportpackages/r2020b/3p.instrset/arduinoide.instrset/portable/packages/arduino/tools/arm-none-eabi-gcc/4.8.3-2014q1/bin/../lib/gcc/arm-none-eabi/4.8.3/../../../../arm-none-eabi/lib/armv7-m\libm.a(lib_a-s_floor.o)
                0x0008c020                floor
 .text.__fpclassifyd
                0x0008c140       0x50 c:/programdata/matlab/supportpackages/r2020b/3p.instrset/arduinoide.instrset/portable/packages/arduino/tools/arm-none-eabi-gcc/4.8.3-2014q1/bin/../lib/gcc/arm-none-eabi/4.8.3/../../../../arm-none-eabi/lib/armv7-m\libm.a(lib_a-s_fpclassify.o)
                0x0008c140                __fpclassifyd
 .text.ldexp    0x0008c190       0x54 c:/programdata/matlab/supportpackages/r2020b/3p.instrset/arduinoide.instrset/portable/packages/arduino/tools/arm-none-eabi-gcc/4.8.3-2014q1/bin/../lib/gcc/arm-none-eabi/4.8.3/../../../../arm-none-eabi/lib/armv7-m\libm.a(lib_a-s_ldexp.o)
                0x0008c190                ldexp
 *fill*         0x0008c1e4        0x4 
 .text.scalbn   0x0008c1e8      0x100 c:/programdata/matlab/supportpackages/r2020b/3p.instrset/arduinoide.instrset/portable/packages/arduino/tools/arm-none-eabi-gcc/4.8.3-2014q1/bin/../lib/gcc/arm-none-eabi/4.8.3/../../../../arm-none-eabi/lib/armv7-m\libm.a(lib_a-s_scalbn.o)
                0x0008c1e8                scalbn
 .text.fmod     0x0008c2e8       0xb4 c:/programdata/matlab/supportpackages/r2020b/3p.instrset/arduinoide.instrset/portable/packages/arduino/tools/arm-none-eabi-gcc/4.8.3-2014q1/bin/../lib/gcc/arm-none-eabi/4.8.3/../../../../arm-none-eabi/lib/armv7-m\libm.a(lib_a-w_fmod.o)
                0x0008c2e8                fmod
 .text.log      0x0008c39c       0xe4 c:/programdata/matlab/supportpackages/r2020b/3p.instrset/arduinoide.instrset/portable/packages/arduino/tools/arm-none-eabi-gcc/4.8.3-2014q1/bin/../lib/gcc/arm-none-eabi/4.8.3/../../../../arm-none-eabi/lib/armv7-m\libm.a(lib_a-w_log.o)
                0x0008c39c                log
 .text.sqrt     0x0008c480       0xac c:/programdata/matlab/supportpackages/r2020b/3p.instrset/arduinoide.instrset/portable/packages/arduino/tools/arm-none-eabi-gcc/4.8.3-2014q1/bin/../lib/gcc/arm-none-eabi/4.8.3/../../../../arm-none-eabi/lib/armv7-m\libm.a(lib_a-w_sqrt.o)
                0x0008c480                sqrt
 .text.__ieee754_fmod
                0x0008c52c      0x278 c:/programdata/matlab/supportpackages/r2020b/3p.instrset/arduinoide.instrset/portable/packages/arduino/tools/arm-none-eabi-gcc/4.8.3-2014q1/bin/../lib/gcc/arm-none-eabi/4.8.3/../../../../arm-none-eabi/lib/armv7-m\libm.a(lib_a-e_fmod.o)
                0x0008c52c                __ieee754_fmod
 *fill*         0x0008c7a4        0x4 
 .text.__ieee754_log
                0x0008c7a8      0x3f0 c:/programdata/matlab/supportpackages/r2020b/3p.instrset/arduinoide.instrset/portable/packages/arduino/tools/arm-none-eabi-gcc/4.8.3-2014q1/bin/../lib/gcc/arm-none-eabi/4.8.3/../../../../arm-none-eabi/lib/armv7-m\libm.a(lib_a-e_log.o)
                0x0008c7a8                __ieee754_log
 .text.__ieee754_sqrt
                0x0008cb98      0x180 c:/programdata/matlab/supportpackages/r2020b/3p.instrset/arduinoide.instrset/portable/packages/arduino/tools/arm-none-eabi-gcc/4.8.3-2014q1/bin/../lib/gcc/arm-none-eabi/4.8.3/../../../../arm-none-eabi/lib/armv7-m\libm.a(lib_a-e_sqrt.o)
                0x0008cb98                __ieee754_sqrt
 .text.copysign
                0x0008cd18       0x14 c:/programdata/matlab/supportpackages/r2020b/3p.instrset/arduinoide.instrset/portable/packages/arduino/tools/arm-none-eabi-gcc/4.8.3-2014q1/bin/../lib/gcc/arm-none-eabi/4.8.3/../../../../arm-none-eabi/lib/armv7-m\libm.a(lib_a-s_copysign.o)
                0x0008cd18                copysign
 .text.finite   0x0008cd2c        0xc c:/programdata/matlab/supportpackages/r2020b/3p.instrset/arduinoide.instrset/portable/packages/arduino/tools/arm-none-eabi-gcc/4.8.3-2014q1/bin/../lib/gcc/arm-none-eabi/4.8.3/../../../../arm-none-eabi/lib/armv7-m\libm.a(lib_a-s_finite.o)
                0x0008cd2c                finite
 .text.matherr  0x0008cd38        0x4 c:/programdata/matlab/supportpackages/r2020b/3p.instrset/arduinoide.instrset/portable/packages/arduino/tools/arm-none-eabi-gcc/4.8.3-2014q1/bin/../lib/gcc/arm-none-eabi/4.8.3/../../../../arm-none-eabi/lib/armv7-m\libm.a(lib_a-s_matherr.o)
                0x0008cd38                matherr
 .text.nan      0x0008cd3c        0xc c:/programdata/matlab/supportpackages/r2020b/3p.instrset/arduinoide.instrset/portable/packages/arduino/tools/arm-none-eabi-gcc/4.8.3-2014q1/bin/../lib/gcc/arm-none-eabi/4.8.3/../../../../arm-none-eabi/lib/armv7-m\libm.a(lib_a-s_nan.o)
                0x0008cd3c                nan
 .text          0x0008cd48      0x370 c:/programdata/matlab/supportpackages/r2020b/3p.instrset/arduinoide.instrset/portable/packages/arduino/tools/arm-none-eabi-gcc/4.8.3-2014q1/bin/../lib/gcc/arm-none-eabi/4.8.3/armv7-m\libgcc.a(_arm_addsubdf3.o)
                0x0008cd48                __aeabi_drsub
                0x0008cd50                __aeabi_dsub
                0x0008cd50                __subdf3
                0x0008cd54                __aeabi_dadd
                0x0008cd54                __adddf3
                0x0008cfcc                __floatunsidf
                0x0008cfcc                __aeabi_ui2d
                0x0008cfec                __floatsidf
                0x0008cfec                __aeabi_i2d
                0x0008d010                __aeabi_f2d
                0x0008d010                __extendsfdf2
                0x0008d04c                __floatundidf
                0x0008d04c                __aeabi_ul2d
                0x0008d05c                __floatdidf
                0x0008d05c                __aeabi_l2d
 .text          0x0008d0b8      0x424 c:/programdata/matlab/supportpackages/r2020b/3p.instrset/arduinoide.instrset/portable/packages/arduino/tools/arm-none-eabi-gcc/4.8.3-2014q1/bin/../lib/gcc/arm-none-eabi/4.8.3/armv7-m\libgcc.a(_arm_muldivdf3.o)
                0x0008d0b8                __aeabi_dmul
                0x0008d0b8                __muldf3
                0x0008d30c                __divdf3
                0x0008d30c                __aeabi_ddiv
 .text          0x0008d4dc      0x110 c:/programdata/matlab/supportpackages/r2020b/3p.instrset/arduinoide.instrset/portable/packages/arduino/tools/arm-none-eabi-gcc/4.8.3-2014q1/bin/../lib/gcc/arm-none-eabi/4.8.3/armv7-m\libgcc.a(_arm_cmpdf2.o)
                0x0008d4dc                __gtdf2
                0x0008d4dc                __gedf2
                0x0008d4e4                __ltdf2
                0x0008d4e4                __ledf2
                0x0008d4ec                __nedf2
                0x0008d4ec                __eqdf2
                0x0008d4ec                __cmpdf2
                0x0008d568                __aeabi_cdrcmple
                0x0008d578                __aeabi_cdcmpeq
                0x0008d578                __aeabi_cdcmple
                0x0008d588                __aeabi_dcmpeq
                0x0008d59c                __aeabi_dcmplt
                0x0008d5b0                __aeabi_dcmple
                0x0008d5c4                __aeabi_dcmpge
                0x0008d5d8                __aeabi_dcmpgt
 .text          0x0008d5ec       0x50 c:/programdata/matlab/supportpackages/r2020b/3p.instrset/arduinoide.instrset/portable/packages/arduino/tools/arm-none-eabi-gcc/4.8.3-2014q1/bin/../lib/gcc/arm-none-eabi/4.8.3/armv7-m\libgcc.a(_arm_fixdfsi.o)
                0x0008d5ec                __aeabi_d2iz
                0x0008d5ec                __fixdfsi
 .text          0x0008d63c       0x40 c:/programdata/matlab/supportpackages/r2020b/3p.instrset/arduinoide.instrset/portable/packages/arduino/tools/arm-none-eabi-gcc/4.8.3-2014q1/bin/../lib/gcc/arm-none-eabi/4.8.3/armv7-m\libgcc.a(_arm_fixunsdfsi.o)
                0x0008d63c                __aeabi_d2uiz
                0x0008d63c                __fixunsdfsi
 .text          0x0008d67c       0xa0 c:/programdata/matlab/supportpackages/r2020b/3p.instrset/arduinoide.instrset/portable/packages/arduino/tools/arm-none-eabi-gcc/4.8.3-2014q1/bin/../lib/gcc/arm-none-eabi/4.8.3/armv7-m\libgcc.a(_arm_truncdfsf2.o)
                0x0008d67c                __truncdfsf2
                0x0008d67c                __aeabi_d2f
 .text          0x0008d71c      0x21c c:/programdata/matlab/supportpackages/r2020b/3p.instrset/arduinoide.instrset/portable/packages/arduino/tools/arm-none-eabi-gcc/4.8.3-2014q1/bin/../lib/gcc/arm-none-eabi/4.8.3/armv7-m\libgcc.a(_arm_addsubsf3.o)
                0x0008d71c                __aeabi_frsub
                0x0008d724                __subsf3
                0x0008d724                __aeabi_fsub
                0x0008d728                __aeabi_fadd
                0x0008d728                __addsf3
                0x0008d888                __aeabi_ui2f
                0x0008d888                __floatunsisf
                0x0008d890                __aeabi_i2f
                0x0008d890                __floatsisf
                0x0008d8ac                __aeabi_ul2f
                0x0008d8ac                __floatundisf
                0x0008d8bc                __aeabi_l2f
                0x0008d8bc                __floatdisf
 .text          0x0008d938      0x2a0 c:/programdata/matlab/supportpackages/r2020b/3p.instrset/arduinoide.instrset/portable/packages/arduino/tools/arm-none-eabi-gcc/4.8.3-2014q1/bin/../lib/gcc/arm-none-eabi/4.8.3/armv7-m\libgcc.a(_arm_muldivsf3.o)
                0x0008d938                __mulsf3
                0x0008d938                __aeabi_fmul
                0x0008daa0                __aeabi_fdiv
                0x0008daa0                __divsf3
 .text          0x0008dbd8       0xec c:/programdata/matlab/supportpackages/r2020b/3p.instrset/arduinoide.instrset/portable/packages/arduino/tools/arm-none-eabi-gcc/4.8.3-2014q1/bin/../lib/gcc/arm-none-eabi/4.8.3/armv7-m\libgcc.a(_arm_cmpsf2.o)
                0x0008dbd8                __gesf2
                0x0008dbd8                __gtsf2
                0x0008dbe0                __lesf2
                0x0008dbe0                __ltsf2
                0x0008dbe8                __nesf2
                0x0008dbe8                __eqsf2
                0x0008dbe8                __cmpsf2
                0x0008dc48                __aeabi_cfrcmple
                0x0008dc50                __aeabi_cfcmpeq
                0x0008dc50                __aeabi_cfcmple
                0x0008dc60                __aeabi_fcmpeq
                0x0008dc74                __aeabi_fcmplt
                0x0008dc88                __aeabi_fcmple
                0x0008dc9c                __aeabi_fcmpge
                0x0008dcb0                __aeabi_fcmpgt
 .text          0x0008dcc4       0x4c c:/programdata/matlab/supportpackages/r2020b/3p.instrset/arduinoide.instrset/portable/packages/arduino/tools/arm-none-eabi-gcc/4.8.3-2014q1/bin/../lib/gcc/arm-none-eabi/4.8.3/armv7-m\libgcc.a(_arm_fixsfsi.o)
                0x0008dcc4                __aeabi_f2iz
                0x0008dcc4                __fixsfsi
 .text          0x0008dd10       0x40 c:/programdata/matlab/supportpackages/r2020b/3p.instrset/arduinoide.instrset/portable/packages/arduino/tools/arm-none-eabi-gcc/4.8.3-2014q1/bin/../lib/gcc/arm-none-eabi/4.8.3/armv7-m\libgcc.a(_arm_fixunssfsi.o)
                0x0008dd10                __fixunssfsi
                0x0008dd10                __aeabi_f2uiz
 .text.__assert_func
                0x0008dd50       0x3c c:/programdata/matlab/supportpackages/r2020b/3p.instrset/arduinoide.instrset/portable/packages/arduino/tools/arm-none-eabi-gcc/4.8.3-2014q1/bin/../lib/gcc/arm-none-eabi/4.8.3/../../../../arm-none-eabi/lib/armv7-m\libg.a(lib_a-assert.o)
                0x0008dd50                __assert_func
 .text.__errno  0x0008dd8c        0xc c:/programdata/matlab/supportpackages/r2020b/3p.instrset/arduinoide.instrset/portable/packages/arduino/tools/arm-none-eabi-gcc/4.8.3-2014q1/bin/../lib/gcc/arm-none-eabi/4.8.3/../../../../arm-none-eabi/lib/armv7-m\libg.a(lib_a-errno.o)
                0x0008dd8c                __errno
 .text.fiprintf
                0x0008dd98       0x28 c:/programdata/matlab/supportpackages/r2020b/3p.instrset/arduinoide.instrset/portable/packages/arduino/tools/arm-none-eabi-gcc/4.8.3-2014q1/bin/../lib/gcc/arm-none-eabi/4.8.3/../../../../arm-none-eabi/lib/armv7-m\libg.a(lib_a-fiprintf.o)
                0x0008dd98                fiprintf
 .text.__libc_init_array
                0x0008ddc0       0x50 c:/programdata/matlab/supportpackages/r2020b/3p.instrset/arduinoide.instrset/portable/packages/arduino/tools/arm-none-eabi-gcc/4.8.3-2014q1/bin/../lib/gcc/arm-none-eabi/4.8.3/../../../../arm-none-eabi/lib/armv7-m\libg.a(lib_a-init.o)
                0x0008ddc0                __libc_init_array
 .text.malloc   0x0008de10       0x10 c:/programdata/matlab/supportpackages/r2020b/3p.instrset/arduinoide.instrset/portable/packages/arduino/tools/arm-none-eabi-gcc/4.8.3-2014q1/bin/../lib/gcc/arm-none-eabi/4.8.3/../../../../arm-none-eabi/lib/armv7-m\libg.a(lib_a-malloc.o)
                0x0008de10                malloc
 .text._malloc_r
                0x0008de20      0x538 c:/programdata/matlab/supportpackages/r2020b/3p.instrset/arduinoide.instrset/portable/packages/arduino/tools/arm-none-eabi-gcc/4.8.3-2014q1/bin/../lib/gcc/arm-none-eabi/4.8.3/../../../../arm-none-eabi/lib/armv7-m\libg.a(lib_a-mallocr.o)
                0x0008de20                _malloc_r
 .text          0x0008e358       0xec c:/programdata/matlab/supportpackages/r2020b/3p.instrset/arduinoide.instrset/portable/packages/arduino/tools/arm-none-eabi-gcc/4.8.3-2014q1/bin/../lib/gcc/arm-none-eabi/4.8.3/../../../../arm-none-eabi/lib/armv7-m\libg.a(lib_a-memcpy.o)
                0x0008e358                memcpy
 .text.memmove  0x0008e444       0xcc c:/programdata/matlab/supportpackages/r2020b/3p.instrset/arduinoide.instrset/portable/packages/arduino/tools/arm-none-eabi-gcc/4.8.3-2014q1/bin/../lib/gcc/arm-none-eabi/4.8.3/../../../../arm-none-eabi/lib/armv7-m\libg.a(lib_a-memmove.o)
                0x0008e444                memmove
 .text.memset   0x0008e510       0x94 c:/programdata/matlab/supportpackages/r2020b/3p.instrset/arduinoide.instrset/portable/packages/arduino/tools/arm-none-eabi-gcc/4.8.3-2014q1/bin/../lib/gcc/arm-none-eabi/4.8.3/../../../../arm-none-eabi/lib/armv7-m\libg.a(lib_a-memset.o)
                0x0008e510                memset
 .text.__malloc_lock
                0x0008e5a4        0x4 c:/programdata/matlab/supportpackages/r2020b/3p.instrset/arduinoide.instrset/portable/packages/arduino/tools/arm-none-eabi-gcc/4.8.3-2014q1/bin/../lib/gcc/arm-none-eabi/4.8.3/../../../../arm-none-eabi/lib/armv7-m\libg.a(lib_a-mlock.o)
                0x0008e5a4                __malloc_lock
 .text.__malloc_unlock
                0x0008e5a8        0x4 c:/programdata/matlab/supportpackages/r2020b/3p.instrset/arduinoide.instrset/portable/packages/arduino/tools/arm-none-eabi-gcc/4.8.3-2014q1/bin/../lib/gcc/arm-none-eabi/4.8.3/../../../../arm-none-eabi/lib/armv7-m\libg.a(lib_a-mlock.o)
                0x0008e5a8                __malloc_unlock
 .text._realloc_r
                0x0008e5ac      0x3c0 c:/programdata/matlab/supportpackages/r2020b/3p.instrset/arduinoide.instrset/portable/packages/arduino/tools/arm-none-eabi-gcc/4.8.3-2014q1/bin/../lib/gcc/arm-none-eabi/4.8.3/../../../../arm-none-eabi/lib/armv7-m\libg.a(lib_a-reallocr.o)
                0x0008e5ac                _realloc_r
 .text._sbrk_r  0x0008e96c       0x24 c:/programdata/matlab/supportpackages/r2020b/3p.instrset/arduinoide.instrset/portable/packages/arduino/tools/arm-none-eabi-gcc/4.8.3-2014q1/bin/../lib/gcc/arm-none-eabi/4.8.3/../../../../arm-none-eabi/lib/armv7-m\libg.a(lib_a-sbrkr.o)
                0x0008e96c                _sbrk_r
 .text.sprintf  0x0008e990       0x4c c:/programdata/matlab/supportpackages/r2020b/3p.instrset/arduinoide.instrset/portable/packages/arduino/tools/arm-none-eabi-gcc/4.8.3-2014q1/bin/../lib/gcc/arm-none-eabi/4.8.3/../../../../arm-none-eabi/lib/armv7-m\libg.a(lib_a-sprintf.o)
                0x0008e990                sprintf
 .text.sscanf   0x0008e9dc       0x5c c:/programdata/matlab/supportpackages/r2020b/3p.instrset/arduinoide.instrset/portable/packages/arduino/tools/arm-none-eabi-gcc/4.8.3-2014q1/bin/../lib/gcc/arm-none-eabi/4.8.3/../../../../arm-none-eabi/lib/armv7-m\libg.a(lib_a-sscanf.o)
                0x0008e9dc                sscanf
 .text.__sread  0x0008ea38       0x24 c:/programdata/matlab/supportpackages/r2020b/3p.instrset/arduinoide.instrset/portable/packages/arduino/tools/arm-none-eabi-gcc/4.8.3-2014q1/bin/../lib/gcc/arm-none-eabi/4.8.3/../../../../arm-none-eabi/lib/armv7-m\libg.a(lib_a-stdio.o)
                0x0008ea38                __sread
 .text.__seofread
                0x0008ea5c        0x4 c:/programdata/matlab/supportpackages/r2020b/3p.instrset/arduinoide.instrset/portable/packages/arduino/tools/arm-none-eabi-gcc/4.8.3-2014q1/bin/../lib/gcc/arm-none-eabi/4.8.3/../../../../arm-none-eabi/lib/armv7-m\libg.a(lib_a-stdio.o)
                0x0008ea5c                __seofread
 .text.__swrite
                0x0008ea60       0x38 c:/programdata/matlab/supportpackages/r2020b/3p.instrset/arduinoide.instrset/portable/packages/arduino/tools/arm-none-eabi-gcc/4.8.3-2014q1/bin/../lib/gcc/arm-none-eabi/4.8.3/../../../../arm-none-eabi/lib/armv7-m\libg.a(lib_a-stdio.o)
                0x0008ea60                __swrite
 .text.__sseek  0x0008ea98       0x20 c:/programdata/matlab/supportpackages/r2020b/3p.instrset/arduinoide.instrset/portable/packages/arduino/tools/arm-none-eabi-gcc/4.8.3-2014q1/bin/../lib/gcc/arm-none-eabi/4.8.3/../../../../arm-none-eabi/lib/armv7-m\libg.a(lib_a-stdio.o)
                0x0008ea98                __sseek
 .text.__sclose
                0x0008eab8        0x8 c:/programdata/matlab/supportpackages/r2020b/3p.instrset/arduinoide.instrset/portable/packages/arduino/tools/arm-none-eabi-gcc/4.8.3-2014q1/bin/../lib/gcc/arm-none-eabi/4.8.3/../../../../arm-none-eabi/lib/armv7-m\libg.a(lib_a-stdio.o)
                0x0008eab8                __sclose
 .text.strlen   0x0008eac0       0x60 c:/programdata/matlab/supportpackages/r2020b/3p.instrset/arduinoide.instrset/portable/packages/arduino/tools/arm-none-eabi-gcc/4.8.3-2014q1/bin/../lib/gcc/arm-none-eabi/4.8.3/../../../../arm-none-eabi/lib/armv7-m\libg.a(lib_a-strlen.o)
                0x0008eac0                strlen
 .text.strncmp  0x0008eb20       0xb4 c:/programdata/matlab/supportpackages/r2020b/3p.instrset/arduinoide.instrset/portable/packages/arduino/tools/arm-none-eabi-gcc/4.8.3-2014q1/bin/../lib/gcc/arm-none-eabi/4.8.3/../../../../arm-none-eabi/lib/armv7-m\libg.a(lib_a-strncmp.o)
                0x0008eb20                strncmp
 .text.sulp     0x0008ebd4       0x40 c:/programdata/matlab/supportpackages/r2020b/3p.instrset/arduinoide.instrset/portable/packages/arduino/tools/arm-none-eabi-gcc/4.8.3-2014q1/bin/../lib/gcc/arm-none-eabi/4.8.3/../../../../arm-none-eabi/lib/armv7-m\libg.a(lib_a-strtod.o)
 *fill*         0x0008ec14        0x4 
 .text._strtod_r
                0x0008ec18      0xf38 c:/programdata/matlab/supportpackages/r2020b/3p.instrset/arduinoide.instrset/portable/packages/arduino/tools/arm-none-eabi-gcc/4.8.3-2014q1/bin/../lib/gcc/arm-none-eabi/4.8.3/../../../../arm-none-eabi/lib/armv7-m\libg.a(lib_a-strtod.o)
                0x0008ec18                _strtod_r
 .text._strtol_r
                0x0008fb50      0x114 c:/programdata/matlab/supportpackages/r2020b/3p.instrset/arduinoide.instrset/portable/packages/arduino/tools/arm-none-eabi-gcc/4.8.3-2014q1/bin/../lib/gcc/arm-none-eabi/4.8.3/../../../../arm-none-eabi/lib/armv7-m\libg.a(lib_a-strtol.o)
                0x0008fb50                _strtol_r
 .text._svfprintf_r
                0x0008fc64     0x14e0 c:/programdata/matlab/supportpackages/r2020b/3p.instrset/arduinoide.instrset/portable/packages/arduino/tools/arm-none-eabi-gcc/4.8.3-2014q1/bin/../lib/gcc/arm-none-eabi/4.8.3/../../../../arm-none-eabi/lib/armv7-m\libg.a(lib_a-svfprintf.o)
                0x0008fc64                _svfprintf_r
 .text.__ssvfscanf_r
                0x00091144      0xe78 c:/programdata/matlab/supportpackages/r2020b/3p.instrset/arduinoide.instrset/portable/packages/arduino/tools/arm-none-eabi-gcc/4.8.3-2014q1/bin/../lib/gcc/arm-none-eabi/4.8.3/../../../../arm-none-eabi/lib/armv7-m\libg.a(lib_a-svfscanf.o)
                0x00091144                __ssvfscanf_r
 .text.kill     0x00091fbc       0x10 c:/programdata/matlab/supportpackages/r2020b/3p.instrset/arduinoide.instrset/portable/packages/arduino/tools/arm-none-eabi-gcc/4.8.3-2014q1/bin/../lib/gcc/arm-none-eabi/4.8.3/../../../../arm-none-eabi/lib/armv7-m\libg.a(lib_a-syskill.o)
                0x00091fbc                kill
 .text.__sprint_r.part.0
                0x00091fcc       0x78 c:/programdata/matlab/supportpackages/r2020b/3p.instrset/arduinoide.instrset/portable/packages/arduino/tools/arm-none-eabi-gcc/4.8.3-2014q1/bin/../lib/gcc/arm-none-eabi/4.8.3/../../../../arm-none-eabi/lib/armv7-m\libg.a(lib_a-vfiprintf.o)
 .text._vfiprintf_r
                0x00092044      0xc54 c:/programdata/matlab/supportpackages/r2020b/3p.instrset/arduinoide.instrset/portable/packages/arduino/tools/arm-none-eabi-gcc/4.8.3-2014q1/bin/../lib/gcc/arm-none-eabi/4.8.3/../../../../arm-none-eabi/lib/armv7-m\libg.a(lib_a-vfiprintf.o)
                0x00092044                _vfiprintf_r
 .text.__sbprintf
                0x00092c98       0x7c c:/programdata/matlab/supportpackages/r2020b/3p.instrset/arduinoide.instrset/portable/packages/arduino/tools/arm-none-eabi-gcc/4.8.3-2014q1/bin/../lib/gcc/arm-none-eabi/4.8.3/../../../../arm-none-eabi/lib/armv7-m\libg.a(lib_a-vfiprintf.o)
 .text._write_r
                0x00092d14       0x28 c:/programdata/matlab/supportpackages/r2020b/3p.instrset/arduinoide.instrset/portable/packages/arduino/tools/arm-none-eabi-gcc/4.8.3-2014q1/bin/../lib/gcc/arm-none-eabi/4.8.3/../../../../arm-none-eabi/lib/armv7-m\libg.a(lib_a-writer.o)
                0x00092d14                _write_r
 .text.__swsetup_r
                0x00092d3c       0xc4 c:/programdata/matlab/supportpackages/r2020b/3p.instrset/arduinoide.instrset/portable/packages/arduino/tools/arm-none-eabi-gcc/4.8.3-2014q1/bin/../lib/gcc/arm-none-eabi/4.8.3/../../../../arm-none-eabi/lib/armv7-m\libg.a(lib_a-wsetup.o)
                0x00092d3c                __swsetup_r
 .text.startup.register_fini
                0x00092e00       0x14 c:/programdata/matlab/supportpackages/r2020b/3p.instrset/arduinoide.instrset/portable/packages/arduino/tools/arm-none-eabi-gcc/4.8.3-2014q1/bin/../lib/gcc/arm-none-eabi/4.8.3/../../../../arm-none-eabi/lib/armv7-m\libg.a(lib_a-__call_atexit.o)
 .text.abort    0x00092e14       0x10 c:/programdata/matlab/supportpackages/r2020b/3p.instrset/arduinoide.instrset/portable/packages/arduino/tools/arm-none-eabi-gcc/4.8.3-2014q1/bin/../lib/gcc/arm-none-eabi/4.8.3/../../../../arm-none-eabi/lib/armv7-m\libg.a(lib_a-abort.o)
                0x00092e14                abort
 .text.atexit   0x00092e24        0xc c:/programdata/matlab/supportpackages/r2020b/3p.instrset/arduinoide.instrset/portable/packages/arduino/tools/arm-none-eabi-gcc/4.8.3-2014q1/bin/../lib/gcc/arm-none-eabi/4.8.3/../../../../arm-none-eabi/lib/armv7-m\libg.a(lib_a-atexit.o)
                0x00092e24                atexit
 .text._close_r
                0x00092e30       0x24 c:/programdata/matlab/supportpackages/r2020b/3p.instrset/arduinoide.instrset/portable/packages/arduino/tools/arm-none-eabi-gcc/4.8.3-2014q1/bin/../lib/gcc/arm-none-eabi/4.8.3/../../../../arm-none-eabi/lib/armv7-m\libg.a(lib_a-closer.o)
                0x00092e30                _close_r
 .text.quorem   0x00092e54      0x134 c:/programdata/matlab/supportpackages/r2020b/3p.instrset/arduinoide.instrset/portable/packages/arduino/tools/arm-none-eabi-gcc/4.8.3-2014q1/bin/../lib/gcc/arm-none-eabi/4.8.3/../../../../arm-none-eabi/lib/armv7-m\libg.a(lib_a-dtoa.o)
 .text._dtoa_r  0x00092f88      0xe38 c:/programdata/matlab/supportpackages/r2020b/3p.instrset/arduinoide.instrset/portable/packages/arduino/tools/arm-none-eabi-gcc/4.8.3-2014q1/bin/../lib/gcc/arm-none-eabi/4.8.3/../../../../arm-none-eabi/lib/armv7-m\libg.a(lib_a-dtoa.o)
                0x00092f88                _dtoa_r
 .text.__sflush_r
                0x00093dc0      0x148 c:/programdata/matlab/supportpackages/r2020b/3p.instrset/arduinoide.instrset/portable/packages/arduino/tools/arm-none-eabi-gcc/4.8.3-2014q1/bin/../lib/gcc/arm-none-eabi/4.8.3/../../../../arm-none-eabi/lib/armv7-m\libg.a(lib_a-fflush.o)
                0x00093dc0                __sflush_r
 .text._fflush_r
                0x00093f08       0x2c c:/programdata/matlab/supportpackages/r2020b/3p.instrset/arduinoide.instrset/portable/packages/arduino/tools/arm-none-eabi-gcc/4.8.3-2014q1/bin/../lib/gcc/arm-none-eabi/4.8.3/../../../../arm-none-eabi/lib/armv7-m\libg.a(lib_a-fflush.o)
                0x00093f08                _fflush_r
 .text._cleanup_r
                0x00093f34        0xc c:/programdata/matlab/supportpackages/r2020b/3p.instrset/arduinoide.instrset/portable/packages/arduino/tools/arm-none-eabi-gcc/4.8.3-2014q1/bin/../lib/gcc/arm-none-eabi/4.8.3/../../../../arm-none-eabi/lib/armv7-m\libg.a(lib_a-findfp.o)
                0x00093f34                _cleanup_r
 .text.__sinit  0x00093f40       0xf4 c:/programdata/matlab/supportpackages/r2020b/3p.instrset/arduinoide.instrset/portable/packages/arduino/tools/arm-none-eabi-gcc/4.8.3-2014q1/bin/../lib/gcc/arm-none-eabi/4.8.3/../../../../arm-none-eabi/lib/armv7-m\libg.a(lib_a-findfp.o)
                0x00093f40                __sinit
 .text.__sfp_lock_acquire
                0x00094034        0x4 c:/programdata/matlab/supportpackages/r2020b/3p.instrset/arduinoide.instrset/portable/packages/arduino/tools/arm-none-eabi-gcc/4.8.3-2014q1/bin/../lib/gcc/arm-none-eabi/4.8.3/../../../../arm-none-eabi/lib/armv7-m\libg.a(lib_a-findfp.o)
                0x00094034                __sfp_lock_acquire
 .text.__sfp_lock_release
                0x00094038        0x4 c:/programdata/matlab/supportpackages/r2020b/3p.instrset/arduinoide.instrset/portable/packages/arduino/tools/arm-none-eabi-gcc/4.8.3-2014q1/bin/../lib/gcc/arm-none-eabi/4.8.3/../../../../arm-none-eabi/lib/armv7-m\libg.a(lib_a-findfp.o)
                0x00094038                __sfp_lock_release
 .text.__libc_fini_array
                0x0009403c       0x30 c:/programdata/matlab/supportpackages/r2020b/3p.instrset/arduinoide.instrset/portable/packages/arduino/tools/arm-none-eabi-gcc/4.8.3-2014q1/bin/../lib/gcc/arm-none-eabi/4.8.3/../../../../arm-none-eabi/lib/armv7-m\libg.a(lib_a-fini.o)
                0x0009403c                __libc_fini_array
 .text._fputwc_r
                0x0009406c       0xc0 c:/programdata/matlab/supportpackages/r2020b/3p.instrset/arduinoide.instrset/portable/packages/arduino/tools/arm-none-eabi-gcc/4.8.3-2014q1/bin/../lib/gcc/arm-none-eabi/4.8.3/../../../../arm-none-eabi/lib/armv7-m\libg.a(lib_a-fputwc.o)
                0x0009406c                _fputwc_r
 .text._malloc_trim_r
                0x0009412c       0x9c c:/programdata/matlab/supportpackages/r2020b/3p.instrset/arduinoide.instrset/portable/packages/arduino/tools/arm-none-eabi-gcc/4.8.3-2014q1/bin/../lib/gcc/arm-none-eabi/4.8.3/../../../../arm-none-eabi/lib/armv7-m\libg.a(lib_a-freer.o)
                0x0009412c                _malloc_trim_r
 .text._free_r  0x000941c8      0x198 c:/programdata/matlab/supportpackages/r2020b/3p.instrset/arduinoide.instrset/portable/packages/arduino/tools/arm-none-eabi-gcc/4.8.3-2014q1/bin/../lib/gcc/arm-none-eabi/4.8.3/../../../../arm-none-eabi/lib/armv7-m\libg.a(lib_a-freer.o)
                0x000941c8                _free_r
 .text.__sfvwrite_r
                0x00094360      0x314 c:/programdata/matlab/supportpackages/r2020b/3p.instrset/arduinoide.instrset/portable/packages/arduino/tools/arm-none-eabi-gcc/4.8.3-2014q1/bin/../lib/gcc/arm-none-eabi/4.8.3/../../../../arm-none-eabi/lib/armv7-m\libg.a(lib_a-fvwrite.o)
                0x00094360                __sfvwrite_r
 .text._fwalk   0x00094674       0x48 c:/programdata/matlab/supportpackages/r2020b/3p.instrset/arduinoide.instrset/portable/packages/arduino/tools/arm-none-eabi-gcc/4.8.3-2014q1/bin/../lib/gcc/arm-none-eabi/4.8.3/../../../../arm-none-eabi/lib/armv7-m\libg.a(lib_a-fwalk.o)
                0x00094674                _fwalk
 .text.rshift   0x000946bc       0xa0 c:/programdata/matlab/supportpackages/r2020b/3p.instrset/arduinoide.instrset/portable/packages/arduino/tools/arm-none-eabi-gcc/4.8.3-2014q1/bin/../lib/gcc/arm-none-eabi/4.8.3/../../../../arm-none-eabi/lib/armv7-m\libg.a(lib_a-gdtoa-gethex.o)
 .text.__gethex
                0x0009475c      0x52c c:/programdata/matlab/supportpackages/r2020b/3p.instrset/arduinoide.instrset/portable/packages/arduino/tools/arm-none-eabi-gcc/4.8.3-2014q1/bin/../lib/gcc/arm-none-eabi/4.8.3/../../../../arm-none-eabi/lib/armv7-m\libg.a(lib_a-gdtoa-gethex.o)
                0x0009475c                __gethex
 .text.__hexnan
                0x00094c88      0x194 c:/programdata/matlab/supportpackages/r2020b/3p.instrset/arduinoide.instrset/portable/packages/arduino/tools/arm-none-eabi-gcc/4.8.3-2014q1/bin/../lib/gcc/arm-none-eabi/4.8.3/../../../../arm-none-eabi/lib/armv7-m\libg.a(lib_a-gdtoa-hexnan.o)
                0x00094c88                __hexnan
 .text.iswspace
                0x00094e1c       0x1c c:/programdata/matlab/supportpackages/r2020b/3p.instrset/arduinoide.instrset/portable/packages/arduino/tools/arm-none-eabi-gcc/4.8.3-2014q1/bin/../lib/gcc/arm-none-eabi/4.8.3/../../../../arm-none-eabi/lib/armv7-m\libg.a(lib_a-iswspace.o)
                0x00094e1c                iswspace
 .text.__locale_charset
                0x00094e38        0x8 c:/programdata/matlab/supportpackages/r2020b/3p.instrset/arduinoide.instrset/portable/packages/arduino/tools/arm-none-eabi-gcc/4.8.3-2014q1/bin/../lib/gcc/arm-none-eabi/4.8.3/../../../../arm-none-eabi/lib/armv7-m\libg.a(lib_a-locale.o)
                0x00094e38                __locale_charset
 .text.__locale_mb_cur_max
                0x00094e40        0xc c:/programdata/matlab/supportpackages/r2020b/3p.instrset/arduinoide.instrset/portable/packages/arduino/tools/arm-none-eabi-gcc/4.8.3-2014q1/bin/../lib/gcc/arm-none-eabi/4.8.3/../../../../arm-none-eabi/lib/armv7-m\libg.a(lib_a-locale.o)
                0x00094e40                __locale_mb_cur_max
 .text._localeconv_r
                0x00094e4c        0x8 c:/programdata/matlab/supportpackages/r2020b/3p.instrset/arduinoide.instrset/portable/packages/arduino/tools/arm-none-eabi-gcc/4.8.3-2014q1/bin/../lib/gcc/arm-none-eabi/4.8.3/../../../../arm-none-eabi/lib/armv7-m\libg.a(lib_a-locale.o)
                0x00094e4c                _localeconv_r
 .text._lseek_r
                0x00094e54       0x28 c:/programdata/matlab/supportpackages/r2020b/3p.instrset/arduinoide.instrset/portable/packages/arduino/tools/arm-none-eabi-gcc/4.8.3-2014q1/bin/../lib/gcc/arm-none-eabi/4.8.3/../../../../arm-none-eabi/lib/armv7-m\libg.a(lib_a-lseekr.o)
                0x00094e54                _lseek_r
 .text.__smakebuf_r
                0x00094e7c       0xe0 c:/programdata/matlab/supportpackages/r2020b/3p.instrset/arduinoide.instrset/portable/packages/arduino/tools/arm-none-eabi-gcc/4.8.3-2014q1/bin/../lib/gcc/arm-none-eabi/4.8.3/../../../../arm-none-eabi/lib/armv7-m\libg.a(lib_a-makebuf.o)
                0x00094e7c                __smakebuf_r
 .text._mbrtowc_r
                0x00094f5c       0x5c c:/programdata/matlab/supportpackages/r2020b/3p.instrset/arduinoide.instrset/portable/packages/arduino/tools/arm-none-eabi-gcc/4.8.3-2014q1/bin/../lib/gcc/arm-none-eabi/4.8.3/../../../../arm-none-eabi/lib/armv7-m\libg.a(lib_a-mbrtowc.o)
                0x00094f5c                _mbrtowc_r
 .text.__ascii_mbtowc
                0x00094fb8       0x2c c:/programdata/matlab/supportpackages/r2020b/3p.instrset/arduinoide.instrset/portable/packages/arduino/tools/arm-none-eabi-gcc/4.8.3-2014q1/bin/../lib/gcc/arm-none-eabi/4.8.3/../../../../arm-none-eabi/lib/armv7-m\libg.a(lib_a-mbtowc_r.o)
                0x00094fb8                __ascii_mbtowc
 .text.memchr   0x00094fe4       0x94 c:/programdata/matlab/supportpackages/r2020b/3p.instrset/arduinoide.instrset/portable/packages/arduino/tools/arm-none-eabi-gcc/4.8.3-2014q1/bin/../lib/gcc/arm-none-eabi/4.8.3/../../../../arm-none-eabi/lib/armv7-m\libg.a(lib_a-memchr-stub.o)
                0x00094fe4                memchr
 .text._Balloc  0x00095078       0x4c c:/programdata/matlab/supportpackages/r2020b/3p.instrset/arduinoide.instrset/portable/packages/arduino/tools/arm-none-eabi-gcc/4.8.3-2014q1/bin/../lib/gcc/arm-none-eabi/4.8.3/../../../../arm-none-eabi/lib/armv7-m\libg.a(lib_a-mprec.o)
                0x00095078                _Balloc
 .text._Bfree   0x000950c4       0x14 c:/programdata/matlab/supportpackages/r2020b/3p.instrset/arduinoide.instrset/portable/packages/arduino/tools/arm-none-eabi-gcc/4.8.3-2014q1/bin/../lib/gcc/arm-none-eabi/4.8.3/../../../../arm-none-eabi/lib/armv7-m\libg.a(lib_a-mprec.o)
                0x000950c4                _Bfree
 .text.__multadd
                0x000950d8       0x94 c:/programdata/matlab/supportpackages/r2020b/3p.instrset/arduinoide.instrset/portable/packages/arduino/tools/arm-none-eabi-gcc/4.8.3-2014q1/bin/../lib/gcc/arm-none-eabi/4.8.3/../../../../arm-none-eabi/lib/armv7-m\libg.a(lib_a-mprec.o)
                0x000950d8                __multadd
 .text.__s2b    0x0009516c       0x98 c:/programdata/matlab/supportpackages/r2020b/3p.instrset/arduinoide.instrset/portable/packages/arduino/tools/arm-none-eabi-gcc/4.8.3-2014q1/bin/../lib/gcc/arm-none-eabi/4.8.3/../../../../arm-none-eabi/lib/armv7-m\libg.a(lib_a-mprec.o)
                0x0009516c                __s2b
 .text.__hi0bits
                0x00095204       0x40 c:/programdata/matlab/supportpackages/r2020b/3p.instrset/arduinoide.instrset/portable/packages/arduino/tools/arm-none-eabi-gcc/4.8.3-2014q1/bin/../lib/gcc/arm-none-eabi/4.8.3/../../../../arm-none-eabi/lib/armv7-m\libg.a(lib_a-mprec.o)
                0x00095204                __hi0bits
 .text.__lo0bits
                0x00095244       0x5c c:/programdata/matlab/supportpackages/r2020b/3p.instrset/arduinoide.instrset/portable/packages/arduino/tools/arm-none-eabi-gcc/4.8.3-2014q1/bin/../lib/gcc/arm-none-eabi/4.8.3/../../../../arm-none-eabi/lib/armv7-m\libg.a(lib_a-mprec.o)
                0x00095244                __lo0bits
 .text.__i2b    0x000952a0       0x14 c:/programdata/matlab/supportpackages/r2020b/3p.instrset/arduinoide.instrset/portable/packages/arduino/tools/arm-none-eabi-gcc/4.8.3-2014q1/bin/../lib/gcc/arm-none-eabi/4.8.3/../../../../arm-none-eabi/lib/armv7-m\libg.a(lib_a-mprec.o)
                0x000952a0                __i2b
 .text.__multiply
                0x000952b4      0x13c c:/programdata/matlab/supportpackages/r2020b/3p.instrset/arduinoide.instrset/portable/packages/arduino/tools/arm-none-eabi-gcc/4.8.3-2014q1/bin/../lib/gcc/arm-none-eabi/4.8.3/../../../../arm-none-eabi/lib/armv7-m\libg.a(lib_a-mprec.o)
                0x000952b4                __multiply
 .text.__pow5mult
                0x000953f0       0x9c c:/programdata/matlab/supportpackages/r2020b/3p.instrset/arduinoide.instrset/portable/packages/arduino/tools/arm-none-eabi-gcc/4.8.3-2014q1/bin/../lib/gcc/arm-none-eabi/4.8.3/../../../../arm-none-eabi/lib/armv7-m\libg.a(lib_a-mprec.o)
                0x000953f0                __pow5mult
 .text.__lshift
                0x0009548c       0xbc c:/programdata/matlab/supportpackages/r2020b/3p.instrset/arduinoide.instrset/portable/packages/arduino/tools/arm-none-eabi-gcc/4.8.3-2014q1/bin/../lib/gcc/arm-none-eabi/4.8.3/../../../../arm-none-eabi/lib/armv7-m\libg.a(lib_a-mprec.o)
                0x0009548c                __lshift
 .text.__mcmp   0x00095548       0x48 c:/programdata/matlab/supportpackages/r2020b/3p.instrset/arduinoide.instrset/portable/packages/arduino/tools/arm-none-eabi-gcc/4.8.3-2014q1/bin/../lib/gcc/arm-none-eabi/4.8.3/../../../../arm-none-eabi/lib/armv7-m\libg.a(lib_a-mprec.o)
                0x00095548                __mcmp
 .text.__mdiff  0x00095590       0xd8 c:/programdata/matlab/supportpackages/r2020b/3p.instrset/arduinoide.instrset/portable/packages/arduino/tools/arm-none-eabi-gcc/4.8.3-2014q1/bin/../lib/gcc/arm-none-eabi/4.8.3/../../../../arm-none-eabi/lib/armv7-m\libg.a(lib_a-mprec.o)
                0x00095590                __mdiff
 .text.__ulp    0x00095668       0x40 c:/programdata/matlab/supportpackages/r2020b/3p.instrset/arduinoide.instrset/portable/packages/arduino/tools/arm-none-eabi-gcc/4.8.3-2014q1/bin/../lib/gcc/arm-none-eabi/4.8.3/../../../../arm-none-eabi/lib/armv7-m\libg.a(lib_a-mprec.o)
                0x00095668                __ulp
 .text.__b2d    0x000956a8       0xb8 c:/programdata/matlab/supportpackages/r2020b/3p.instrset/arduinoide.instrset/portable/packages/arduino/tools/arm-none-eabi-gcc/4.8.3-2014q1/bin/../lib/gcc/arm-none-eabi/4.8.3/../../../../arm-none-eabi/lib/armv7-m\libg.a(lib_a-mprec.o)
                0x000956a8                __b2d
 .text.__d2b    0x00095760       0xbc c:/programdata/matlab/supportpackages/r2020b/3p.instrset/arduinoide.instrset/portable/packages/arduino/tools/arm-none-eabi-gcc/4.8.3-2014q1/bin/../lib/gcc/arm-none-eabi/4.8.3/../../../../arm-none-eabi/lib/armv7-m\libg.a(lib_a-mprec.o)
                0x00095760                __d2b
 .text.__ratio  0x0009581c       0x50 c:/programdata/matlab/supportpackages/r2020b/3p.instrset/arduinoide.instrset/portable/packages/arduino/tools/arm-none-eabi-gcc/4.8.3-2014q1/bin/../lib/gcc/arm-none-eabi/4.8.3/../../../../arm-none-eabi/lib/armv7-m\libg.a(lib_a-mprec.o)
                0x0009581c                __ratio
 .text.__copybits
                0x0009586c       0x48 c:/programdata/matlab/supportpackages/r2020b/3p.instrset/arduinoide.instrset/portable/packages/arduino/tools/arm-none-eabi-gcc/4.8.3-2014q1/bin/../lib/gcc/arm-none-eabi/4.8.3/../../../../arm-none-eabi/lib/armv7-m\libg.a(lib_a-mprec.o)
                0x0009586c                __copybits
 .text.__any_on
                0x000958b4       0x60 c:/programdata/matlab/supportpackages/r2020b/3p.instrset/arduinoide.instrset/portable/packages/arduino/tools/arm-none-eabi-gcc/4.8.3-2014q1/bin/../lib/gcc/arm-none-eabi/4.8.3/../../../../arm-none-eabi/lib/armv7-m\libg.a(lib_a-mprec.o)
                0x000958b4                __any_on
 .text._read_r  0x00095914       0x28 c:/programdata/matlab/supportpackages/r2020b/3p.instrset/arduinoide.instrset/portable/packages/arduino/tools/arm-none-eabi-gcc/4.8.3-2014q1/bin/../lib/gcc/arm-none-eabi/4.8.3/../../../../arm-none-eabi/lib/armv7-m\libg.a(lib_a-readr.o)
                0x00095914                _read_r
 .text.__sccl   0x0009593c       0x70 c:/programdata/matlab/supportpackages/r2020b/3p.instrset/arduinoide.instrset/portable/packages/arduino/tools/arm-none-eabi-gcc/4.8.3-2014q1/bin/../lib/gcc/arm-none-eabi/4.8.3/../../../../arm-none-eabi/lib/armv7-m\libg.a(lib_a-sccl.o)
                0x0009593c                __sccl
 .text.nanf     0x000959ac        0x8 c:/programdata/matlab/supportpackages/r2020b/3p.instrset/arduinoide.instrset/portable/packages/arduino/tools/arm-none-eabi-gcc/4.8.3-2014q1/bin/../lib/gcc/arm-none-eabi/4.8.3/../../../../arm-none-eabi/lib/armv7-m\libg.a(lib_a-sf_nan.o)
                0x000959ac                nanf
 .text._raise_r
                0x000959b4       0x58 c:/programdata/matlab/supportpackages/r2020b/3p.instrset/arduinoide.instrset/portable/packages/arduino/tools/arm-none-eabi-gcc/4.8.3-2014q1/bin/../lib/gcc/arm-none-eabi/4.8.3/../../../../arm-none-eabi/lib/armv7-m\libg.a(lib_a-signal.o)
                0x000959b4                _raise_r
 .text.raise    0x00095a0c       0x10 c:/programdata/matlab/supportpackages/r2020b/3p.instrset/arduinoide.instrset/portable/packages/arduino/tools/arm-none-eabi-gcc/4.8.3-2014q1/bin/../lib/gcc/arm-none-eabi/4.8.3/../../../../arm-none-eabi/lib/armv7-m\libg.a(lib_a-signal.o)
                0x00095a0c                raise
 .text._kill_r  0x00095a1c       0x28 c:/programdata/matlab/supportpackages/r2020b/3p.instrset/arduinoide.instrset/portable/packages/arduino/tools/arm-none-eabi-gcc/4.8.3-2014q1/bin/../lib/gcc/arm-none-eabi/4.8.3/../../../../arm-none-eabi/lib/armv7-m\libg.a(lib_a-signalr.o)
                0x00095a1c                _kill_r
 .text._getpid_r
                0x00095a44        0x4 c:/programdata/matlab/supportpackages/r2020b/3p.instrset/arduinoide.instrset/portable/packages/arduino/tools/arm-none-eabi-gcc/4.8.3-2014q1/bin/../lib/gcc/arm-none-eabi/4.8.3/../../../../arm-none-eabi/lib/armv7-m\libg.a(lib_a-signalr.o)
                0x00095a44                _getpid_r
 .text._strtoll_r
                0x00095a48      0x19c c:/programdata/matlab/supportpackages/r2020b/3p.instrset/arduinoide.instrset/portable/packages/arduino/tools/arm-none-eabi-gcc/4.8.3-2014q1/bin/../lib/gcc/arm-none-eabi/4.8.3/../../../../arm-none-eabi/lib/armv7-m\libg.a(lib_a-strtoll_r.o)
                0x00095a48                _strtoll_r
 .text._strtoul_r
                0x00095be4      0x130 c:/programdata/matlab/supportpackages/r2020b/3p.instrset/arduinoide.instrset/portable/packages/arduino/tools/arm-none-eabi-gcc/4.8.3-2014q1/bin/../lib/gcc/arm-none-eabi/4.8.3/../../../../arm-none-eabi/lib/armv7-m\libg.a(lib_a-strtoul.o)
                0x00095be4                _strtoul_r
 .text._strtoull_r
                0x00095d14      0x190 c:/programdata/matlab/supportpackages/r2020b/3p.instrset/arduinoide.instrset/portable/packages/arduino/tools/arm-none-eabi-gcc/4.8.3-2014q1/bin/../lib/gcc/arm-none-eabi/4.8.3/../../../../arm-none-eabi/lib/armv7-m\libg.a(lib_a-strtoull_r.o)
                0x00095d14                _strtoull_r
 .text.__ssprint_r
                0x00095ea4      0x100 c:/programdata/matlab/supportpackages/r2020b/3p.instrset/arduinoide.instrset/portable/packages/arduino/tools/arm-none-eabi-gcc/4.8.3-2014q1/bin/../lib/gcc/arm-none-eabi/4.8.3/../../../../arm-none-eabi/lib/armv7-m\libg.a(lib_a-svfiprintf.o)
                0x00095ea4                __ssprint_r
 .text._sungetc_r
                0x00095fa4       0x80 c:/programdata/matlab/supportpackages/r2020b/3p.instrset/arduinoide.instrset/portable/packages/arduino/tools/arm-none-eabi-gcc/4.8.3-2014q1/bin/../lib/gcc/arm-none-eabi/4.8.3/../../../../arm-none-eabi/lib/armv7-m\libg.a(lib_a-svfiscanf.o)
                0x00095fa4                _sungetc_r
 .text.__ssrefill_r
                0x00096024       0x3c c:/programdata/matlab/supportpackages/r2020b/3p.instrset/arduinoide.instrset/portable/packages/arduino/tools/arm-none-eabi-gcc/4.8.3-2014q1/bin/../lib/gcc/arm-none-eabi/4.8.3/../../../../arm-none-eabi/lib/armv7-m\libg.a(lib_a-svfiscanf.o)
                0x00096024                __ssrefill_r
 .text._sfread_r
                0x00096060       0x80 c:/programdata/matlab/supportpackages/r2020b/3p.instrset/arduinoide.instrset/portable/packages/arduino/tools/arm-none-eabi-gcc/4.8.3-2014q1/bin/../lib/gcc/arm-none-eabi/4.8.3/../../../../arm-none-eabi/lib/armv7-m\libg.a(lib_a-svfiscanf.o)
                0x00096060                _sfread_r
 .text.__submore
                0x000960e0       0x7c c:/programdata/matlab/supportpackages/r2020b/3p.instrset/arduinoide.instrset/portable/packages/arduino/tools/arm-none-eabi-gcc/4.8.3-2014q1/bin/../lib/gcc/arm-none-eabi/4.8.3/../../../../arm-none-eabi/lib/armv7-m\libg.a(lib_a-ungetc.o)
                0x000960e0                __submore
 .text.__swbuf_r
                0x0009615c       0xa8 c:/programdata/matlab/supportpackages/r2020b/3p.instrset/arduinoide.instrset/portable/packages/arduino/tools/arm-none-eabi-gcc/4.8.3-2014q1/bin/../lib/gcc/arm-none-eabi/4.8.3/../../../../arm-none-eabi/lib/armv7-m\libg.a(lib_a-wbuf.o)
                0x0009615c                __swbuf_r
 .text._wcrtomb_r
                0x00096204       0x50 c:/programdata/matlab/supportpackages/r2020b/3p.instrset/arduinoide.instrset/portable/packages/arduino/tools/arm-none-eabi-gcc/4.8.3-2014q1/bin/../lib/gcc/arm-none-eabi/4.8.3/../../../../arm-none-eabi/lib/armv7-m\libg.a(lib_a-wcrtomb.o)
                0x00096204                _wcrtomb_r
 .text.__ascii_wctomb
                0x00096254       0x1c c:/programdata/matlab/supportpackages/r2020b/3p.instrset/arduinoide.instrset/portable/packages/arduino/tools/arm-none-eabi-gcc/4.8.3-2014q1/bin/../lib/gcc/arm-none-eabi/4.8.3/../../../../arm-none-eabi/lib/armv7-m\libg.a(lib_a-wctomb_r.o)
                0x00096254                __ascii_wctomb
 .text.__register_exitproc
                0x00096270       0xa8 c:/programdata/matlab/supportpackages/r2020b/3p.instrset/arduinoide.instrset/portable/packages/arduino/tools/arm-none-eabi-gcc/4.8.3-2014q1/bin/../lib/gcc/arm-none-eabi/4.8.3/../../../../arm-none-eabi/lib/armv7-m\libg.a(lib_a-__atexit.o)
                0x00096270                __register_exitproc
 .text._calloc_r
                0x00096318       0x60 c:/programdata/matlab/supportpackages/r2020b/3p.instrset/arduinoide.instrset/portable/packages/arduino/tools/arm-none-eabi-gcc/4.8.3-2014q1/bin/../lib/gcc/arm-none-eabi/4.8.3/../../../../arm-none-eabi/lib/armv7-m\libg.a(lib_a-callocr.o)
                0x00096318                _calloc_r
 .text._fclose_r
                0x00096378       0x80 c:/programdata/matlab/supportpackages/r2020b/3p.instrset/arduinoide.instrset/portable/packages/arduino/tools/arm-none-eabi-gcc/4.8.3-2014q1/bin/../lib/gcc/arm-none-eabi/4.8.3/../../../../arm-none-eabi/lib/armv7-m\libg.a(lib_a-fclose.o)
                0x00096378                _fclose_r
 .text.fclose   0x000963f8       0x10 c:/programdata/matlab/supportpackages/r2020b/3p.instrset/arduinoide.instrset/portable/packages/arduino/tools/arm-none-eabi-gcc/4.8.3-2014q1/bin/../lib/gcc/arm-none-eabi/4.8.3/../../../../arm-none-eabi/lib/armv7-m\libg.a(lib_a-fclose.o)
                0x000963f8                fclose
 .text._fstat_r
                0x00096408       0x28 c:/programdata/matlab/supportpackages/r2020b/3p.instrset/arduinoide.instrset/portable/packages/arduino/tools/arm-none-eabi-gcc/4.8.3-2014q1/bin/../lib/gcc/arm-none-eabi/4.8.3/../../../../arm-none-eabi/lib/armv7-m\libg.a(lib_a-fstatr.o)