Archive member included because of file (symbol)

C:/ProgramData/MATLAB/SupportPackages/R2020b/3P.instrset/arduinoide.instrset/portable/packages/arduino/hardware/sam/1.6.12/variants/arduino_due_x/libsam_sam3x8e_gcc_rel.a(startup_sam3xa.o)
                              (Reset_Handler)
C:/ProgramData/MATLAB/SupportPackages/R2020b/3P.instrset/arduinoide.instrset/portable/packages/arduino/hardware/sam/1.6.12/variants/arduino_due_x/libsam_sam3x8e_gcc_rel.a(uotghs.o)
                              C:/ProgramData/MATLAB/SupportPackages/R2020b/3P.instrset/arduinoide.instrset/portable/packages/arduino/hardware/sam/1.6.12/variants/arduino_due_x/libsam_sam3x8e_gcc_rel.a(startup_sam3xa.o) (UOTGHS_Handler)
C:/Users/LAPIS-~1/DOCUME~1/MATLAB/R2020b/ARDUIN~1/ARDUIN~1/FASTER~1/libcore.a(hooks.o)
                              arm_m3_cortex_handler.o (sysTickHook)
C:/Users/LAPIS-~1/DOCUME~1/MATLAB/R2020b/ARDUIN~1/ARDUIN~1/FASTER~1/libcore.a(syscalls_sam3.o)
                              (_sbrk)
C:/Users/LAPIS-~1/DOCUME~1/MATLAB/R2020b/ARDUIN~1/ARDUIN~1/FASTER~1/libcore.a(wiring.o)
                              io_wrappers.o (millis)
C:/Users/LAPIS-~1/DOCUME~1/MATLAB/R2020b/ARDUIN~1/ARDUIN~1/FASTER~1/libcore.a(wiring_digital.o)
                              Servo.o (pinMode)
C:/Users/LAPIS-~1/DOCUME~1/MATLAB/R2020b/ARDUIN~1/ARDUIN~1/FASTER~1/libcore.a(Reset.o)
                              arm_m3_cortex_handler.o (tickReset)
C:/Users/LAPIS-~1/DOCUME~1/MATLAB/R2020b/ARDUIN~1/ARDUIN~1/FASTER~1/libcore.a(UARTClass.o)
                              io_wrappers.o (UARTClass::read())
C:/Users/LAPIS-~1/DOCUME~1/MATLAB/R2020b/ARDUIN~1/ARDUIN~1/FASTER~1/libcore.a(USARTClass.o)
                              io_wrappers.o (USARTClass::begin(unsigned long))
C:/Users/LAPIS-~1/DOCUME~1/MATLAB/R2020b/ARDUIN~1/ARDUIN~1/FASTER~1/libcore.a(WMath.o)
                              Servo.o (map(long, long, long, long, long))
C:/Users/LAPIS-~1/DOCUME~1/MATLAB/R2020b/ARDUIN~1/ARDUIN~1/FASTER~1/libcore.a(watchdog.o)
                              MW_ArduinoHWInit.o (watchdogDisable())
C:/Users/LAPIS-~1/DOCUME~1/MATLAB/R2020b/ARDUIN~1/ARDUIN~1/FASTER~1/libcore.a(variant.o)
                              ert_main.o (init)
C:/Users/LAPIS-~1/DOCUME~1/MATLAB/R2020b/ARDUIN~1/ARDUIN~1/FASTER~1/libcore.a(wiring_analog.o)
                              C:/Users/LAPIS-~1/DOCUME~1/MATLAB/R2020b/ARDUIN~1/ARDUIN~1/FASTER~1/libcore.a(variant.o) (analogOutputInit)
C:/Users/LAPIS-~1/DOCUME~1/MATLAB/R2020b/ARDUIN~1/ARDUIN~1/FASTER~1/libcore.a(abi.o)
                              C:/Users/LAPIS-~1/DOCUME~1/MATLAB/R2020b/ARDUIN~1/ARDUIN~1/FASTER~1/libcore.a(UARTClass.o) (__cxa_pure_virtual)
C:/Users/LAPIS-~1/DOCUME~1/MATLAB/R2020b/ARDUIN~1/ARDUIN~1/FASTER~1/libcore.a(Print.o)
                              C:/Users/LAPIS-~1/DOCUME~1/MATLAB/R2020b/ARDUIN~1/ARDUIN~1/FASTER~1/libcore.a(UARTClass.o) (Print::write(unsigned char const*, unsigned int))
C:/Users/LAPIS-~1/DOCUME~1/MATLAB/R2020b/ARDUIN~1/ARDUIN~1/FASTER~1/libcore.a(RingBuffer.o)
                              C:/Users/LAPIS-~1/DOCUME~1/MATLAB/R2020b/ARDUIN~1/ARDUIN~1/FASTER~1/libcore.a(variant.o) (RingBuffer::RingBuffer())
C:/ProgramData/MATLAB/SupportPackages/R2020b/3P.instrset/arduinoide.instrset/portable/packages/arduino/hardware/sam/1.6.12/variants/arduino_due_x/libsam_sam3x8e_gcc_rel.a(pio.o)
                              C:/Users/LAPIS-~1/DOCUME~1/MATLAB/R2020b/ARDUIN~1/ARDUIN~1/FASTER~1/libcore.a(wiring_digital.o) (PIO_PullUp)
C:/ProgramData/MATLAB/SupportPackages/R2020b/3P.instrset/arduinoide.instrset/portable/packages/arduino/hardware/sam/1.6.12/variants/arduino_due_x/libsam_sam3x8e_gcc_rel.a(pmc.o)
                              Servo.o (pmc_enable_periph_clk)
C:/ProgramData/MATLAB/SupportPackages/R2020b/3P.instrset/arduinoide.instrset/portable/packages/arduino/hardware/sam/1.6.12/variants/arduino_due_x/libsam_sam3x8e_gcc_rel.a(pwmc.o)
                              C:/Users/LAPIS-~1/DOCUME~1/MATLAB/R2020b/ARDUIN~1/ARDUIN~1/FASTER~1/libcore.a(wiring_analog.o) (PWMC_ConfigureChannel)
C:/ProgramData/MATLAB/SupportPackages/R2020b/3P.instrset/arduinoide.instrset/portable/packages/arduino/hardware/sam/1.6.12/variants/arduino_due_x/libsam_sam3x8e_gcc_rel.a(tc.o)
                              Servo.o (TC_Configure)
C:/ProgramData/MATLAB/SupportPackages/R2020b/3P.instrset/arduinoide.instrset/portable/packages/arduino/hardware/sam/1.6.12/variants/arduino_due_x/libsam_sam3x8e_gcc_rel.a(timetick.o)
                              arm_m3_cortex_handler.o (TimeTick_Increment)
C:/ProgramData/MATLAB/SupportPackages/R2020b/3P.instrset/arduinoide.instrset/portable/packages/arduino/hardware/sam/1.6.12/variants/arduino_due_x/libsam_sam3x8e_gcc_rel.a(wdt.o)
                              C:/Users/LAPIS-~1/DOCUME~1/MATLAB/R2020b/ARDUIN~1/ARDUIN~1/FASTER~1/libcore.a(watchdog.o) (WDT_Enable)
[...]
Memory Configuration

Name             Origin             Length             Attributes
rom              0x00080000         0x00080000         xr
sram0            0x20000000         0x00010000         xrw
sram1            0x20080000         0x00008000         xrw
ram              0x20070000         0x00018000         xrw
*default*        0x00000000         0xffffffff

Linker script and memory map

LOAD c:/programdata/matlab/supportpackages/r2020b/3p.instrset/arduinoide.instrset/portable/packages/arduino/tools/arm-none-eabi-gcc/4.8.3-2014q1/bin/../lib/gcc/arm-none-eabi/4.8.3/armv7-m/crti.o
LOAD c:/programdata/matlab/supportpackages/r2020b/3p.instrset/arduinoide.instrset/portable/packages/arduino/tools/arm-none-eabi-gcc/4.8.3-2014q1/bin/../lib/gcc/arm-none-eabi/4.8.3/armv7-m/crtbegin.o
LOAD c:/programdata/matlab/supportpackages/r2020b/3p.instrset/arduinoide.instrset/portable/packages/arduino/tools/arm-none-eabi-gcc/4.8.3-2014q1/bin/../lib/gcc/arm-none-eabi/4.8.3/../../../../arm-none-eabi/lib/armv7-m/crt0.o
START GROUP
LOAD C:/ProgramData/MATLAB/SupportPackages/R2020b/3P.instrset/arduinoide.instrset/portable/packages/arduino/hardware/sam/1.6.12/variants/arduino_due_x/libsam_sam3x8e_gcc_rel.a
LOAD provaarduino.o
LOAD provaarduino_data.o
LOAD rtGetInf.o
LOAD rtGetNaN.o
LOAD rt_nonfinite.o
LOAD Servo_microseconds_equilibratore_beta_3_wrapper.o
LOAD Servo.o
LOAD Servo_microseconds_manetta_beta_3_wrapper.o
LOAD arm_m3_cortex_handler.o
LOAD MW_ArduinoHWInit.o
LOAD io_wrappers.o
LOAD arduinoARMScheduler.o
LOAD m3m4m4f_multitasking.o
LOAD ert_main.o
LOAD C:/Users/LAPIS-~1/DOCUME~1/MATLAB/R2020b/ARDUIN~1/ARDUIN~1/FASTER~1/MW_RebuildSrc_Core.o
LOAD C:/Users/LAPIS-~1/DOCUME~1/MATLAB/R2020b/ARDUIN~1/ARDUIN~1/FASTER~1/libcore.a
END GROUP
LOAD c:/programdata/matlab/supportpackages/r2020b/3p.instrset/arduinoide.instrset/portable/packages/arduino/tools/arm-none-eabi-gcc/4.8.3-2014q1/bin/../lib/gcc/arm-none-eabi/4.8.3/../../../../arm-none-eabi/lib/armv7-m\libm.a
LOAD C:/Users/LAPIS-~1/DOCUME~1/MATLAB/R2020b/ARDUIN~1/ARDUIN~1/FASTER~1\libcore.a
START GROUP
LOAD c:/programdata/matlab/supportpackages/r2020b/3p.instrset/arduinoide.instrset/portable/packages/arduino/tools/arm-none-eabi-gcc/4.8.3-2014q1/bin/../lib/gcc/arm-none-eabi/4.8.3/armv7-m\libgcc.a
LOAD c:/programdata/matlab/supportpackages/r2020b/3p.instrset/arduinoide.instrset/portable/packages/arduino/tools/arm-none-eabi-gcc/4.8.3-2014q1/bin/../lib/gcc/arm-none-eabi/4.8.3/../../../../arm-none-eabi/lib/armv7-m\libg.a
LOAD c:/programdata/matlab/supportpackages/r2020b/3p.instrset/arduinoide.instrset/portable/packages/arduino/tools/arm-none-eabi-gcc/4.8.3-2014q1/bin/../lib/gcc/arm-none-eabi/4.8.3/../../../../arm-none-eabi/lib/armv7-m\libc.a
END GROUP
LOAD c:/programdata/matlab/supportpackages/r2020b/3p.instrset/arduinoide.instrset/portable/packages/arduino/tools/arm-none-eabi-gcc/4.8.3-2014q1/bin/../lib/gcc/arm-none-eabi/4.8.3/armv7-m/crtend.o
LOAD c:/programdata/matlab/supportpackages/r2020b/3p.instrset/arduinoide.instrset/portable/packages/arduino/tools/arm-none-eabi-gcc/4.8.3-2014q1/bin/../lib/gcc/arm-none-eabi/4.8.3/armv7-m/crtn.o

.text           0x00080000     0x6828
                0x00080000                . = ALIGN (0x4)
                0x00080000                _sfixed = .
 *(.vectors .vectors.*)
 .vectors       0x00080000       0xf4 C:/ProgramData/MATLAB/SupportPackages/R2020b/3P.instrset/arduinoide.instrset/portable/packages/arduino/hardware/sam/1.6.12/variants/arduino_due_x/libsam_sam3x8e_gcc_rel.a(startup_sam3xa.o)
                0x00080000                exception_table
 *(.text .text.* .gnu.linkonce.t.*)
 .text          0x000800f4       0x54 c:/programdata/matlab/supportpackages/r2020b/3p.instrset/arduinoide.instrset/portable/packages/arduino/tools/arm-none-eabi-gcc/4.8.3-2014q1/bin/../lib/gcc/arm-none-eabi/4.8.3/armv7-m/crtbegin.o
 .text.Reset_Handler
                0x00080148       0x78 C:/ProgramData/MATLAB/SupportPackages/R2020b/3P.instrset/arduinoide.instrset/portable/packages/arduino/hardware/sam/1.6.12/variants/arduino_due_x/libsam_sam3x8e_gcc_rel.a(startup_sam3xa.o)
                0x00080148                Reset_Handler
 .text.UOTGHS_Handler
                0x000801c0       0x10 C:/ProgramData/MATLAB/SupportPackages/R2020b/3P.instrset/arduinoide.instrset/portable/packages/arduino/hardware/sam/1.6.12/variants/arduino_due_x/libsam_sam3x8e_gcc_rel.a(uotghs.o)
                0x000801c0                UOTGHS_Handler
 .text.provaarduino_SetEventsForThisBaseStep
                0x000801d0       0x14 provaarduino.o
                0x000801d0                provaarduino_SetEventsForThisBaseStep
 .text.rt_urand_Upu32_Yd_f_pw_snf
                0x000801e4       0x48 provaarduino.o
                0x000801e4                rt_urand_Upu32_Yd_f_pw_snf
 .text.rt_nrand_Upu32_Yd_f_pw_snf
                0x0008022c       0x94 provaarduino.o
                0x0008022c                rt_nrand_Upu32_Yd_f_pw_snf
 .text.provaarduino_step0
                0x000802c0       0x74 provaarduino.o
                0x000802c0                provaarduino_step0
 *fill*         0x00080334        0x4 
 .text.provaarduino_step1
                0x00080338      0x168 provaarduino.o
                0x00080338                provaarduino_step1
 .text.provaarduino_initialize
                0x000804a0      0x184 provaarduino.o
                0x000804a0                provaarduino_initialize
 .text.provaarduino_terminate
                0x00080624        0x2 provaarduino.o
                0x00080624                provaarduino_terminate
 *fill*         0x00080626        0x2 
 .text.rtGetInf
                0x00080628        0xc rtGetInf.o
                0x00080628                rtGetInf
 .text.rtGetInfF
                0x00080634        0x6 rtGetInf.o
                0x00080634                rtGetInfF
 *fill*         0x0008063a        0x2 
 .text.rtGetMinusInf
                0x0008063c        0xc rtGetInf.o
                0x0008063c                rtGetMinusInf
 .text.rtGetMinusInfF
                0x00080648        0x8 rtGetInf.o
                0x00080648                rtGetMinusInfF
 .text.rtGetNaN
                0x00080650        0xc rtGetNaN.o
                0x00080650                rtGetNaN
 .text.rtGetNaNF
                0x0008065c        0x8 rtGetNaN.o
                0x0008065c                rtGetNaNF
 .text.rt_InitInfAndNaN
                0x00080664       0x54 rt_nonfinite.o
                0x00080664                rt_InitInfAndNaN
 .text.rtIsInf  0x000806b8       0x38 rt_nonfinite.o
                0x000806b8                rtIsInf
 .text.rtIsNaN  0x000806f0       0x28 rt_nonfinite.o
                0x000806f0                rtIsNaN
 .text.Servo_microseconds_equilibratore_beta_3_Outputs_wrapper
                0x00080718       0x2c Servo_microseconds_equilibratore_beta_3_wrapper.o
                0x00080718                Servo_microseconds_equilibratore_beta_3_Outputs_wrapper
 .text.Servo_microseconds_equilibratore_beta_3_Update_wrapper
                0x00080744       0x2c Servo_microseconds_equilibratore_beta_3_wrapper.o
                0x00080744                Servo_microseconds_equilibratore_beta_3_Update_wrapper
 .text.startup._GLOBAL__sub_I_myservo1
                0x00080770        0xc Servo_microseconds_equilibratore_beta_3_wrapper.o
 .text._ZL8_initISRP2Tcmm4IRQn
                0x0008077c       0x50 Servo.o
 .text._Z13Servo_Handler18timer16_Sequence_tP2Tch
                0x000807cc      0x10c Servo.o
                0x000807cc                Servo_Handler(timer16_Sequence_t, Tc*, unsigned char)
 .text.TC3_Handler
                0x000808d8       0x10 Servo.o
                0x000808d8                TC3_Handler
 .text.TC4_Handler
                0x000808e8       0x10 Servo.o
                0x000808e8                TC4_Handler
 .text.TC5_Handler
                0x000808f8       0x10 Servo.o
                0x000808f8                TC5_Handler
 .text.TC2_Handler
                0x00080908       0x10 Servo.o
                0x00080908                TC2_Handler
 .text.TC0_Handler
                0x00080918       0x10 Servo.o
                0x00080918                TC0_Handler
 .text._ZN5ServoC2Ev
                0x00080928       0x40 Servo.o
                0x00080928                Servo::Servo()
                0x00080928                Servo::Servo()
 .text._ZN5Servo6attachEiii
                0x00080968       0xb8 Servo.o
                0x00080968                Servo::attach(int, int, int)
 .text._ZN5Servo6attachEi
                0x00080a20        0xc Servo.o
                0x00080a20                Servo::attach(int)
 .text._ZN5Servo17writeMicrosecondsEi
                0x00080a2c       0x4c Servo.o
                0x00080a2c                Servo::writeMicroseconds(int)
 .text.Servo_microseconds_manetta_beta_3_Outputs_wrapper
                0x00080a78       0x2c Servo_microseconds_manetta_beta_3_wrapper.o
                0x00080a78                Servo_microseconds_manetta_beta_3_Outputs_wrapper
 .text.Servo_microseconds_manetta_beta_3_Update_wrapper
                0x00080aa4       0x2c Servo_microseconds_manetta_beta_3_wrapper.o
                0x00080aa4                Servo_microseconds_manetta_beta_3_Update_wrapper
 .text.startup._GLOBAL__sub_I_myservo
                0x00080ad0        0xc Servo_microseconds_manetta_beta_3_wrapper.o
 .text.__halt   0x00080adc        0x2 arm_m3_cortex_handler.o
                0x00080adc                DACC_Handler
                0x00080adc                DebugMon_Handler
                0x00080adc                DMAC_Handler
                0x00080adc                TRNG_Handler
                0x00080adc                HardFault_Handler
                0x00080adc                TWI1_Handler
                0x00080adc                NMI_Handler
                0x00080adc                TC7_Handler
                0x00080adc                ADC_Handler
                0x00080adc                SMC_Handler
                0x00080adc                RTT_Handler
                0x00080adc                EFC1_Handler
                0x00080adc                PIOB_Handler
                0x00080adc                RTC_Handler
                0x00080adc                UsageFault_Handler
                0x00080adc                TC6_Handler
                0x00080adc                WDT_Handler
                0x00080adc                CAN0_Handler
                0x00080adc                TC1_Handler
                0x00080adc                HSMCI_Handler
                0x00080adc                TWI0_Handler
                0x00080adc                PIOA_Handler
                0x00080adc                SSC_Handler
                0x00080adc                EFC0_Handler
                0x00080adc                PMC_Handler
                0x00080adc                PWM_Handler
                0x00080adc                CAN1_Handler
                0x00080adc                MemManage_Handler
                0x00080adc                SUPC_Handler
                0x00080adc                USART2_Handler
                0x00080adc                PIOD_Handler
                0x00080adc                EMAC_Handler
                0x00080adc                PIOC_Handler
                0x00080adc                BusFault_Handler
                0x00080adc                RSTC_Handler
                0x00080adc                SPI0_Handler
 .text.SysTick_Handler
                0x00080ade       0x16 arm_m3_cortex_handler.o
                0x00080ade                SysTick_Handler
 .text.MW_Arduino_Init
                0x00080af4       0x14 MW_ArduinoHWInit.o
                0x00080af4                MW_Arduino_Init
 .text.MW_Arduino_Terminate
                0x00080b08        0x2 MW_ArduinoHWInit.o
                0x00080b08                MW_Arduino_Terminate
 *fill*         0x00080b0a        0x2 
 .text.Serial_begin
                0x00080b0c       0x34 io_wrappers.o
                0x00080b0c                Serial_begin
 .text._ZL13Scheduler_Isrv
                0x00080b40       0x14 arduinoARMScheduler.o
 .text.TC8_Handler
                0x00080b54       0x20 arduinoARMScheduler.o
                0x00080b54                TC8_Handler
 .text.Setup_SchedulerTimer
                0x00080b74       0x84 arduinoARMScheduler.o
                0x00080b74                Setup_SchedulerTimer
 .text.configureArduinoARMTimer
                0x00080bf8       0x40 arduinoARMScheduler.o
                0x00080bf8                configureArduinoARMTimer
 .text.MW_Arduino_Loop
                0x00080c38        0x4 arduinoARMScheduler.o
                0x00080c38                MW_Arduino_Loop
 .text.PendSV_Handler
                0x00080c3c       0x3c m3m4m4f_multitasking.o
                0x00080c3c                PendSV_Handler
 .text.SVC_Handler
                0x00080c78       0x4c m3m4m4f_multitasking.o
                0x00080c78                SVC_Handler
 .text.rt_OneStep
                0x00080cc4       0x78 ert_main.o
                0x00080cc4                rt_OneStep
 .text.startup.main
                0x00080d3c       0x6c ert_main.o
                0x00080d3c                main
 .text.__false  0x00080da8        0x4 C:/Users/LAPIS-~1/DOCUME~1/MATLAB/R2020b/ARDUIN~1/ARDUIN~1/FASTER~1/libcore.a(hooks.o)
                0x00080da8                sysTickHook
 .text._sbrk    0x00080dac       0x1c C:/Users/LAPIS-~1/DOCUME~1/MATLAB/R2020b/ARDUIN~1/ARDUIN~1/FASTER~1/libcore.a(syscalls_sam3.o)
                0x00080dac                _sbrk
 .text.link     0x00080dc8        0x6 C:/Users/LAPIS-~1/DOCUME~1/MATLAB/R2020b/ARDUIN~1/ARDUIN~1/FASTER~1/libcore.a(syscalls_sam3.o)
                0x00080dc8                link
 .text._close   0x00080dce        0x6 C:/Users/LAPIS-~1/DOCUME~1/MATLAB/R2020b/ARDUIN~1/ARDUIN~1/FASTER~1/libcore.a(syscalls_sam3.o)
                0x00080dce                _close
 .text._fstat   0x00080dd4        0xa C:/Users/LAPIS-~1/DOCUME~1/MATLAB/R2020b/ARDUIN~1/ARDUIN~1/FASTER~1/libcore.a(syscalls_sam3.o)
                0x00080dd4                _fstat
 .text._isatty  0x00080dde        0x4 C:/Users/LAPIS-~1/DOCUME~1/MATLAB/R2020b/ARDUIN~1/ARDUIN~1/FASTER~1/libcore.a(syscalls_sam3.o)
                0x00080dde                _isatty
 .text._lseek   0x00080de2        0x4 C:/Users/LAPIS-~1/DOCUME~1/MATLAB/R2020b/ARDUIN~1/ARDUIN~1/FASTER~1/libcore.a(syscalls_sam3.o)
                0x00080de2                _lseek
 .text._read    0x00080de6        0x4 C:/Users/LAPIS-~1/DOCUME~1/MATLAB/R2020b/ARDUIN~1/ARDUIN~1/FASTER~1/libcore.a(syscalls_sam3.o)
                0x00080de6                _read
 *fill*         0x00080dea        0x2 
 .text._write   0x00080dec       0x24 C:/Users/LAPIS-~1/DOCUME~1/MATLAB/R2020b/ARDUIN~1/ARDUIN~1/FASTER~1/libcore.a(syscalls_sam3.o)
                0x00080dec                _write
 .text._exit    0x00080e10        0x2 C:/Users/LAPIS-~1/DOCUME~1/MATLAB/R2020b/ARDUIN~1/ARDUIN~1/FASTER~1/libcore.a(syscalls_sam3.o)
                0x00080e10                _exit
 .text._kill    0x00080e12        0x2 C:/Users/LAPIS-~1/DOCUME~1/MATLAB/R2020b/ARDUIN~1/ARDUIN~1/FASTER~1/libcore.a(syscalls_sam3.o)
                0x00080e12                _kill
 .text._getpid  0x00080e14        0x6 C:/Users/LAPIS-~1/DOCUME~1/MATLAB/R2020b/ARDUIN~1/ARDUIN~1/FASTER~1/libcore.a(syscalls_sam3.o)
                0x00080e14                _getpid
 *fill*         0x00080e1a        0x2 
 .text.pinMode  0x00080e1c      0x108 C:/Users/LAPIS-~1/DOCUME~1/MATLAB/R2020b/ARDUIN~1/ARDUIN~1/FASTER~1/libcore.a(wiring_digital.o)
                0x00080e1c                pinMode
 .text.digitalWrite
                0x00080f24       0x70 C:/Users/LAPIS-~1/DOCUME~1/MATLAB/R2020b/ARDUIN~1/ARDUIN~1/FASTER~1/libcore.a(wiring_digital.o)
                0x00080f24                digitalWrite
 .text.tickReset
                0x00080f94       0x20 C:/Users/LAPIS-~1/DOCUME~1/MATLAB/R2020b/ARDUIN~1/ARDUIN~1/FASTER~1/libcore.a(Reset.o)
                0x00080f94                tickReset
 .text._ZN9UARTClasscvbEv
                0x00080fb4        0x4 C:/Users/LAPIS-~1/DOCUME~1/MATLAB/R2020b/ARDUIN~1/ARDUIN~1/FASTER~1/libcore.a(UARTClass.o)
                0x00080fb4                UARTClass::operator bool()
 .text._ZN9UARTClass9availableEv
                0x00080fb8       0x12 C:/Users/LAPIS-~1/DOCUME~1/MATLAB/R2020b/ARDUIN~1/ARDUIN~1/FASTER~1/libcore.a(UARTClass.o)
                0x00080fb8                UARTClass::available()
 .text._ZN9UARTClass4peekEv
                0x00080fca       0x1c C:/Users/LAPIS-~1/DOCUME~1/MATLAB/R2020b/ARDUIN~1/ARDUIN~1/FASTER~1/libcore.a(UARTClass.o)
                0x00080fca                UARTClass::peek()
 .text._ZN9UARTClass4readEv
                0x00080fe6       0x2a C:/Users/LAPIS-~1/DOCUME~1/MATLAB/R2020b/ARDUIN~1/ARDUIN~1/FASTER~1/libcore.a(UARTClass.o)
                0x00080fe6                UARTClass::read()
 .text._ZN9UARTClass5flushEv
                0x00081010       0x18 C:/Users/LAPIS-~1/DOCUME~1/MATLAB/R2020b/ARDUIN~1/ARDUIN~1/FASTER~1/libcore.a(UARTClass.o)
                0x00081010                UARTClass::flush()
 .text._ZN9UARTClass5writeEh
                0x00081028       0x54 C:/Users/LAPIS-~1/DOCUME~1/MATLAB/R2020b/ARDUIN~1/ARDUIN~1/FASTER~1/libcore.a(UARTClass.o)
                0x00081028                UARTClass::write(unsigned char)
 .text._ZN9UARTClass3endEv
                0x0008107c       0x3c C:/Users/LAPIS-~1/DOCUME~1/MATLAB/R2020b/ARDUIN~1/ARDUIN~1/FASTER~1/libcore.a(UARTClass.o)
                0x0008107c                UARTClass::end()
 .text._ZN9UARTClassC2EP4Uart4IRQnmP10RingBufferS4_
                0x000810b8       0x24 C:/Users/LAPIS-~1/DOCUME~1/MATLAB/R2020b/ARDUIN~1/ARDUIN~1/FASTER~1/libcore.a(UARTClass.o)
                0x000810b8                UARTClass::UARTClass(Uart*, IRQn, unsigned long, RingBuffer*, RingBuffer*)
                0x000810b8                UARTClass::UARTClass(Uart*, IRQn, unsigned long, RingBuffer*, RingBuffer*)
 .text._ZN9UARTClass4initEmm
                0x000810dc       0x70 C:/Users/LAPIS-~1/DOCUME~1/MATLAB/R2020b/ARDUIN~1/ARDUIN~1/FASTER~1/libcore.a(UARTClass.o)
                0x000810dc                UARTClass::init(unsigned long, unsigned long)
 .text._ZN9UARTClass5beginEm
                0x0008114c        0x8 C:/Users/LAPIS-~1/DOCUME~1/MATLAB/R2020b/ARDUIN~1/ARDUIN~1/FASTER~1/libcore.a(UARTClass.o)
                0x0008114c                UARTClass::begin(unsigned long)
 .text._ZN9UARTClass10IrqHandlerEv
                0x00081154       0x5a C:/Users/LAPIS-~1/DOCUME~1/MATLAB/R2020b/ARDUIN~1/ARDUIN~1/FASTER~1/libcore.a(UARTClass.o)
                0x00081154                UARTClass::IrqHandler()
 .text._ZN10USARTClass5beginEm
                0x000811ae        0x8 C:/Users/LAPIS-~1/DOCUME~1/MATLAB/R2020b/ARDUIN~1/ARDUIN~1/FASTER~1/libcore.a(USARTClass.o)
                0x000811ae                USARTClass::begin(unsigned long)
 *fill*         0x000811b6        0x2 
 .text._ZN10USARTClassC2EP5Usart4IRQnmP10RingBufferS4_
                0x000811b8       0x24 C:/Users/LAPIS-~1/DOCUME~1/MATLAB/R2020b/ARDUIN~1/ARDUIN~1/FASTER~1/libcore.a(USARTClass.o)
                0x000811b8                USARTClass::USARTClass(Usart*, IRQn, unsigned long, RingBuffer*, RingBuffer*)
                0x000811b8                USARTClass::USARTClass(Usart*, IRQn, unsigned long, RingBuffer*, RingBuffer*)
 .text._Z15watchdogDisablev
                0x000811dc        0xc C:/Users/LAPIS-~1/DOCUME~1/MATLAB/R2020b/ARDUIN~1/ARDUIN~1/FASTER~1/libcore.a(watchdog.o)
                0x000811dc                watchdogDisable()
 .text.UART_Handler
                0x000811e8        0xc C:/Users/LAPIS-~1/DOCUME~1/MATLAB/R2020b/ARDUIN~1/ARDUIN~1/FASTER~1/libcore.a(variant.o)
                0x000811e8                UART_Handler
 .text.USART0_Handler
                0x000811f4        0xc C:/Users/LAPIS-~1/DOCUME~1/MATLAB/R2020b/ARDUIN~1/ARDUIN~1/FASTER~1/libcore.a(variant.o)
                0x000811f4                USART0_Handler
 .text.USART1_Handler
                0x00081200        0xc C:/Users/LAPIS-~1/DOCUME~1/MATLAB/R2020b/ARDUIN~1/ARDUIN~1/FASTER~1/libcore.a(variant.o)
                0x00081200                USART1_Handler
 .text.USART3_Handler
                0x0008120c        0xc C:/Users/LAPIS-~1/DOCUME~1/MATLAB/R2020b/ARDUIN~1/ARDUIN~1/FASTER~1/libcore.a(variant.o)
                0x0008120c                USART3_Handler
 .text.init     0x00081218      0x128 C:/Users/LAPIS-~1/DOCUME~1/MATLAB/R2020b/ARDUIN~1/ARDUIN~1/FASTER~1/libcore.a(variant.o)
                0x00081218                init
 .text.startup._GLOBAL__sub_I_g_APinDescription
                0x00081340       0xd4 C:/Users/LAPIS-~1/DOCUME~1/MATLAB/R2020b/ARDUIN~1/ARDUIN~1/FASTER~1/libcore.a(variant.o)
 .text.analogOutputInit
                0x00081414        0x2 C:/Users/LAPIS-~1/DOCUME~1/MATLAB/R2020b/ARDUIN~1/ARDUIN~1/FASTER~1/libcore.a(wiring_analog.o)
                0x00081414                analogOutputInit
 .text._ZN5Print5writeEPKhj
                0x00081416       0x22 C:/Users/LAPIS-~1/DOCUME~1/MATLAB/R2020b/ARDUIN~1/ARDUIN~1/FASTER~1/libcore.a(Print.o)
                0x00081416                Print::write(unsigned char const*, unsigned int)
 .text._ZN10RingBufferC2Ev
                0x00081438       0x1a C:/Users/LAPIS-~1/DOCUME~1/MATLAB/R2020b/ARDUIN~1/ARDUIN~1/FASTER~1/libcore.a(RingBuffer.o)
                0x00081438                RingBuffer::RingBuffer()
                0x00081438                RingBuffer::RingBuffer()
 .text._ZN10RingBuffer10store_charEh
                0x00081452       0x1e C:/Users/LAPIS-~1/DOCUME~1/MATLAB/R2020b/ARDUIN~1/ARDUIN~1/FASTER~1/libcore.a(RingBuffer.o)
                0x00081452                RingBuffer::store_char(unsigned char)
 .text.PIO_PullUp
                0x00081470        0xa C:/ProgramData/MATLAB/SupportPackages/R2020b/3P.instrset/arduinoide.instrset/portable/packages/arduino/hardware/sam/1.6.12/variants/arduino_due_x/libsam_sam3x8e_gcc_rel.a(pio.o)
                0x00081470                PIO_PullUp
 .text.PIO_SetPeripheral
                0x0008147a       0x26 C:/ProgramData/MATLAB/SupportPackages/R2020b/3P.instrset/arduinoide.instrset/portable/packages/arduino/hardware/sam/1.6.12/variants/arduino_due_x/libsam_sam3x8e_gcc_rel.a(pio.o)
                0x0008147a                PIO_SetPeripheral
 .text.PIO_SetInput
                0x000814a0       0x26 C:/ProgramData/MATLAB/SupportPackages/R2020b/3P.instrset/arduinoide.instrset/portable/packages/arduino/hardware/sam/1.6.12/variants/arduino_due_x/libsam_sam3x8e_gcc_rel.a(pio.o)
                0x000814a0                PIO_SetInput
 .text.PIO_SetOutput
                0x000814c6       0x24 C:/ProgramData/MATLAB/SupportPackages/R2020b/3P.instrset/arduinoide.instrset/portable/packages/arduino/hardware/sam/1.6.12/variants/arduino_due_x/libsam_sam3x8e_gcc_rel.a(pio.o)
                0x000814c6                PIO_SetOutput
 *fill*         0x000814ea        0x2 
 .text.PIO_Configure
                0x000814ec       0x64 C:/ProgramData/MATLAB/SupportPackages/R2020b/3P.instrset/arduinoide.instrset/portable/packages/arduino/hardware/sam/1.6.12/variants/arduino_due_x/libsam_sam3x8e_gcc_rel.a(pio.o)
                0x000814ec                PIO_Configure
 .text.PIO_GetOutputDataStatus
                0x00081550       0x14 C:/ProgramData/MATLAB/SupportPackages/R2020b/3P.instrset/arduinoide.instrset/portable/packages/arduino/hardware/sam/1.6.12/variants/arduino_due_x/libsam_sam3x8e_gcc_rel.a(pio.o)
                0x00081550                PIO_GetOutputDataStatus
 .text.pmc_enable_periph_clk
                0x00081564       0x44 C:/ProgramData/MATLAB/SupportPackages/R2020b/3P.instrset/arduinoide.instrset/portable/packages/arduino/hardware/sam/1.6.12/variants/arduino_due_x/libsam_sam3x8e_gcc_rel.a(pmc.o)
                0x00081564                pmc_enable_periph_clk
 .text.pmc_disable_periph_clk
                0x000815a8       0x40 C:/ProgramData/MATLAB/SupportPackages/R2020b/3P.instrset/arduinoide.instrset/portable/packages/arduino/hardware/sam/1.6.12/variants/arduino_due_x/libsam_sam3x8e_gcc_rel.a(pmc.o)
                0x000815a8                pmc_disable_periph_clk
 .text.pmc_set_writeprotect
                0x000815e8       0x1c C:/ProgramData/MATLAB/SupportPackages/R2020b/3P.instrset/arduinoide.instrset/portable/packages/arduino/hardware/sam/1.6.12/variants/arduino_due_x/libsam_sam3x8e_gcc_rel.a(pmc.o)
                0x000815e8                pmc_set_writeprotect
 .text.TC_Configure
                0x00081604       0x38 C:/ProgramData/MATLAB/SupportPackages/R2020b/3P.instrset/arduinoide.instrset/portable/packages/arduino/hardware/sam/1.6.12/variants/arduino_due_x/libsam_sam3x8e_gcc_rel.a(tc.o)
                0x00081604                TC_Configure
 .text.TC_Start
                0x0008163c       0x2c C:/ProgramData/MATLAB/SupportPackages/R2020b/3P.instrset/arduinoide.instrset/portable/packages/arduino/hardware/sam/1.6.12/variants/arduino_due_x/libsam_sam3x8e_gcc_rel.a(tc.o)
                0x0008163c                TC_Start
 .text.TC_GetStatus
                0x00081668        0x8 C:/ProgramData/MATLAB/SupportPackages/R2020b/3P.instrset/arduinoide.instrset/portable/packages/arduino/hardware/sam/1.6.12/variants/arduino_due_x/libsam_sam3x8e_gcc_rel.a(tc.o)
                0x00081668                TC_GetStatus
 .text.TC_SetRA
                0x00081670        0x8 C:/ProgramData/MATLAB/SupportPackages/R2020b/3P.instrset/arduinoide.instrset/portable/packages/arduino/hardware/sam/1.6.12/variants/arduino_due_x/libsam_sam3x8e_gcc_rel.a(tc.o)
                0x00081670                TC_SetRA
 .text.TC_SetRC
                0x00081678        0x8 C:/ProgramData/MATLAB/SupportPackages/R2020b/3P.instrset/arduinoide.instrset/portable/packages/arduino/hardware/sam/1.6.12/variants/arduino_due_x/libsam_sam3x8e_gcc_rel.a(tc.o)
                0x00081678                TC_SetRC
 .text.TimeTick_Increment
                0x00081680       0x10 C:/ProgramData/MATLAB/SupportPackages/R2020b/3P.instrset/arduinoide.instrset/portable/packages/arduino/hardware/sam/1.6.12/variants/arduino_due_x/libsam_sam3x8e_gcc_rel.a(timetick.o)
                0x00081680                TimeTick_Increment
 .text.WDT_Disable
                0x00081690        0x8 C:/ProgramData/MATLAB/SupportPackages/R2020b/3P.instrset/arduinoide.instrset/portable/packages/arduino/hardware/sam/1.6.12/variants/arduino_due_x/libsam_sam3x8e_gcc_rel.a(wdt.o)
                0x00081690                WDT_Disable
 .text.SystemInit
                0x00081698       0x88 C:/ProgramData/MATLAB/SupportPackages/R2020b/3P.instrset/arduinoide.instrset/portable/packages/arduino/hardware/sam/1.6.12/variants/arduino_due_x/libsam_sam3x8e_gcc_rel.a(system_sam3xa.o)
                0x00081698                SystemInit
 .text.adc_init
                0x00081720       0x98 C:/ProgramData/MATLAB/SupportPackages/R2020b/3P.instrset/arduinoide.instrset/portable/packages/arduino/hardware/sam/1.6.12/variants/arduino_due_x/libsam_sam3x8e_gcc_rel.a(adc.o)
                0x00081720                adc_init
 .text.adc_configure_trigger
                0x000817b8        0xe C:/ProgramData/MATLAB/SupportPackages/R2020b/3P.instrset/arduinoide.instrset/portable/packages/arduino/hardware/sam/1.6.12/variants/arduino_due_x/libsam_sam3x8e_gcc_rel.a(adc.o)
                0x000817b8                adc_configure_trigger
 .text.adc_configure_timing
                0x000817c6       0x1a C:/ProgramData/MATLAB/SupportPackages/R2020b/3P.instrset/arduinoide.instrset/portable/packages/arduino/hardware/sam/1.6.12/variants/arduino_due_x/libsam_sam3x8e_gcc_rel.a(adc.o)
                0x000817c6                adc_configure_timing
 .text.adc_disable_channel
                0x000817e0        0xa C:/ProgramData/MATLAB/SupportPackages/R2020b/3P.instrset/arduinoide.instrset/portable/packages/arduino/hardware/sam/1.6.12/variants/arduino_due_x/libsam_sam3x8e_gcc_rel.a(adc.o)
                0x000817e0                adc_disable_channel
 .text.adc_disable_all_channel
                0x000817ea        0x8 C:/ProgramData/MATLAB/SupportPackages/R2020b/3P.instrset/arduinoide.instrset/portable/packages/arduino/hardware/sam/1.6.12/variants/arduino_due_x/libsam_sam3x8e_gcc_rel.a(adc.o)
                0x000817ea                adc_disable_all_channel
 .text.adc_disable_interrupt
                0x000817f2        0x4 C:/ProgramData/MATLAB/SupportPackages/R2020b/3P.instrset/arduinoide.instrset/portable/packages/arduino/hardware/sam/1.6.12/variants/arduino_due_x/libsam_sam3x8e_gcc_rel.a(adc.o)
                0x000817f2                adc_disable_interrupt
 *fill*         0x000817f6        0x2 
 .text.floor    0x000817f8      0x120 c:/programdata/matlab/supportpackages/r2020b/3p.instrset/arduinoide.instrset/portable/packages/arduino/tools/arm-none-eabi-gcc/4.8.3-2014q1/bin/../lib/gcc/arm-none-eabi/4.8.3/../../../../arm-none-eabi/lib/armv7-m\libm.a(lib_a-s_floor.o)
                0x000817f8                floor
 .text.__fpclassifyd
                0x00081918       0x50 c:/programdata/matlab/supportpackages/r2020b/3p.instrset/arduinoide.instrset/portable/packages/arduino/tools/arm-none-eabi-gcc/4.8.3-2014q1/bin/../lib/gcc/arm-none-eabi/4.8.3/../../../../arm-none-eabi/lib/armv7-m\libm.a(lib_a-s_fpclassify.o)
                0x00081918                __fpclassifyd
 .text.fmod     0x00081968       0xb4 c:/programdata/matlab/supportpackages/r2020b/3p.instrset/arduinoide.instrset/portable/packages/arduino/tools/arm-none-eabi-gcc/4.8.3-2014q1/bin/../lib/gcc/arm-none-eabi/4.8.3/../../../../arm-none-eabi/lib/armv7-m\libm.a(lib_a-w_fmod.o)
                0x00081968                fmod
 .text.log      0x00081a1c       0xe4 c:/programdata/matlab/supportpackages/r2020b/3p.instrset/arduinoide.instrset/portable/packages/arduino/tools/arm-none-eabi-gcc/4.8.3-2014q1/bin/../lib/gcc/arm-none-eabi/4.8.3/../../../../arm-none-eabi/lib/armv7-m\libm.a(lib_a-w_log.o)
                0x00081a1c                log
 .text.sqrt     0x00081b00       0xac c:/programdata/matlab/supportpackages/r2020b/3p.instrset/arduinoide.instrset/portable/packages/arduino/tools/arm-none-eabi-gcc/4.8.3-2014q1/bin/../lib/gcc/arm-none-eabi/4.8.3/../../../../arm-none-eabi/lib/armv7-m\libm.a(lib_a-w_sqrt.o)
                0x00081b00                sqrt
 .text.__ieee754_fmod
                0x00081bac      0x278 c:/programdata/matlab/supportpackages/r2020b/3p.instrset/arduinoide.instrset/portable/packages/arduino/tools/arm-none-eabi-gcc/4.8.3-2014q1/bin/../lib/gcc/arm-none-eabi/4.8.3/../../../../arm-none-eabi/lib/armv7-m\libm.a(lib_a-e_fmod.o)
                0x00081bac                __ieee754_fmod
 *fill*         0x00081e24        0x4 
 .text.__ieee754_log
                0x00081e28      0x3f0 c:/programdata/matlab/supportpackages/r2020b/3p.instrset/arduinoide.instrset/portable/packages/arduino/tools/arm-none-eabi-gcc/4.8.3-2014q1/bin/../lib/gcc/arm-none-eabi/4.8.3/../../../../arm-none-eabi/lib/armv7-m\libm.a(lib_a-e_log.o)
                0x00081e28                __ieee754_log
 .text.__ieee754_sqrt
                0x00082218      0x180 c:/programdata/matlab/supportpackages/r2020b/3p.instrset/arduinoide.instrset/portable/packages/arduino/tools/arm-none-eabi-gcc/4.8.3-2014q1/bin/../lib/gcc/arm-none-eabi/4.8.3/../../../../arm-none-eabi/lib/armv7-m\libm.a(lib_a-e_sqrt.o)
                0x00082218                __ieee754_sqrt
 .text.matherr  0x00082398        0x4 c:/programdata/matlab/supportpackages/r2020b/3p.instrset/arduinoide.instrset/portable/packages/arduino/tools/arm-none-eabi-gcc/4.8.3-2014q1/bin/../lib/gcc/arm-none-eabi/4.8.3/../../../../arm-none-eabi/lib/armv7-m\libm.a(lib_a-s_matherr.o)
                0x00082398                matherr
 .text.nan      0x0008239c        0xc c:/programdata/matlab/supportpackages/r2020b/3p.instrset/arduinoide.instrset/portable/packages/arduino/tools/arm-none-eabi-gcc/4.8.3-2014q1/bin/../lib/gcc/arm-none-eabi/4.8.3/../../../../arm-none-eabi/lib/armv7-m\libm.a(lib_a-s_nan.o)
                0x0008239c                nan
 .text          0x000823a8      0x370 c:/programdata/matlab/supportpackages/r2020b/3p.instrset/arduinoide.instrset/portable/packages/arduino/tools/arm-none-eabi-gcc/4.8.3-2014q1/bin/../lib/gcc/arm-none-eabi/4.8.3/armv7-m\libgcc.a(_arm_addsubdf3.o)
                0x000823a8                __aeabi_drsub
                0x000823b0                __aeabi_dsub
                0x000823b0                __subdf3
                0x000823b4                __aeabi_dadd
                0x000823b4                __adddf3
                0x0008262c                __floatunsidf
                0x0008262c                __aeabi_ui2d
                0x0008264c                __floatsidf
                0x0008264c                __aeabi_i2d
                0x00082670                __aeabi_f2d
                0x00082670                __extendsfdf2
                0x000826ac                __floatundidf
                0x000826ac                __aeabi_ul2d
                0x000826bc                __floatdidf
                0x000826bc                __aeabi_l2d
 .text          0x00082718      0x424 c:/programdata/matlab/supportpackages/r2020b/3p.instrset/arduinoide.instrset/portable/packages/arduino/tools/arm-none-eabi-gcc/4.8.3-2014q1/bin/../lib/gcc/arm-none-eabi/4.8.3/armv7-m\libgcc.a(_arm_muldivdf3.o)
                0x00082718                __aeabi_dmul
                0x00082718                __muldf3
                0x0008296c                __divdf3
                0x0008296c                __aeabi_ddiv
 .text          0x00082b3c      0x110 c:/programdata/matlab/supportpackages/r2020b/3p.instrset/arduinoide.instrset/portable/packages/arduino/tools/arm-none-eabi-gcc/4.8.3-2014q1/bin/../lib/gcc/arm-none-eabi/4.8.3/armv7-m\libgcc.a(_arm_cmpdf2.o)
                0x00082b3c                __gtdf2
                0x00082b3c                __gedf2
                0x00082b44                __ltdf2
                0x00082b44                __ledf2
                0x00082b4c                __nedf2
                0x00082b4c                __eqdf2
                0x00082b4c                __cmpdf2
                0x00082bc8                __aeabi_cdrcmple
                0x00082bd8                __aeabi_cdcmpeq
                0x00082bd8                __aeabi_cdcmple
                0x00082be8                __aeabi_dcmpeq
                0x00082bfc                __aeabi_dcmplt
                0x00082c10                __aeabi_dcmple
                0x00082c24                __aeabi_dcmpge
                0x00082c38                __aeabi_dcmpgt
 .text          0x00082c4c       0x40 c:/programdata/matlab/supportpackages/r2020b/3p.instrset/arduinoide.instrset/portable/packages/arduino/tools/arm-none-eabi-gcc/4.8.3-2014q1/bin/../lib/gcc/arm-none-eabi/4.8.3/armv7-m\libgcc.a(_arm_fixunsdfsi.o)
                0x00082c4c                __aeabi_d2uiz
                0x00082c4c                __fixunsdfsi
 .text.__assert_func
                0x00082c8c       0x3c c:/programdata/matlab/supportpackages/r2020b/3p.instrset/arduinoide.instrset/portable/packages/arduino/tools/arm-none-eabi-gcc/4.8.3-2014q1/bin/../lib/gcc/arm-none-eabi/4.8.3/../../../../arm-none-eabi/lib/armv7-m\libg.a(lib_a-assert.o)
                0x00082c8c                __assert_func
 .text.__errno  0x00082cc8        0xc c:/programdata/matlab/supportpackages/r2020b/3p.instrset/arduinoide.instrset/portable/packages/arduino/tools/arm-none-eabi-gcc/4.8.3-2014q1/bin/../lib/gcc/arm-none-eabi/4.8.3/../../../../arm-none-eabi/lib/armv7-m\libg.a(lib_a-errno.o)
                0x00082cc8                __errno
 .text.fiprintf
                0x00082cd4       0x28 c:/programdata/matlab/supportpackages/r2020b/3p.instrset/arduinoide.instrset/portable/packages/arduino/tools/arm-none-eabi-gcc/4.8.3-2014q1/bin/../lib/gcc/arm-none-eabi/4.8.3/../../../../arm-none-eabi/lib/armv7-m\libg.a(lib_a-fiprintf.o)
                0x00082cd4                fiprintf
 .text.__libc_init_array
                0x00082cfc       0x50 c:/programdata/matlab/supportpackages/r2020b/3p.instrset/arduinoide.instrset/portable/packages/arduino/tools/arm-none-eabi-gcc/4.8.3-2014q1/bin/../lib/gcc/arm-none-eabi/4.8.3/../../../../arm-none-eabi/lib/armv7-m\libg.a(lib_a-init.o)
                0x00082cfc                __libc_init_array
 .text.memset   0x00082d4c       0x94 c:/programdata/matlab/supportpackages/r2020b/3p.instrset/arduinoide.instrset/portable/packages/arduino/tools/arm-none-eabi-gcc/4.8.3-2014q1/bin/../lib/gcc/arm-none-eabi/4.8.3/../../../../arm-none-eabi/lib/armv7-m\libg.a(lib_a-memset.o)
                0x00082d4c                memset
 .text.strlen   0x00082de0       0x60 c:/programdata/matlab/supportpackages/r2020b/3p.instrset/arduinoide.instrset/portable/packages/arduino/tools/arm-none-eabi-gcc/4.8.3-2014q1/bin/../lib/gcc/arm-none-eabi/4.8.3/../../../../arm-none-eabi/lib/armv7-m\libg.a(lib_a-strlen.o)
                0x00082de0                strlen
 .text.kill     0x00082e40       0x10 c:/programdata/matlab/supportpackages/r2020b/3p.instrset/arduinoide.instrset/portable/packages/arduino/tools/arm-none-eabi-gcc/4.8.3-2014q1/bin/../lib/gcc/arm-none-eabi/4.8.3/../../../../arm-none-eabi/lib/armv7-m\libg.a(lib_a-syskill.o)
                0x00082e40                kill
 .text.__sprint_r.part.0
                0x00082e50       0x78 c:/programdata/matlab/supportpackages/r2020b/3p.instrset/arduinoide.instrset/portable/packages/arduino/tools/arm-none-eabi-gcc/4.8.3-2014q1/bin/../lib/gcc/arm-none-eabi/4.8.3/../../../../arm-none-eabi/lib/armv7-m\libg.a(lib_a-vfiprintf.o)
 .text._vfiprintf_r
                0x00082ec8      0xc54 c:/programdata/matlab/supportpackages/r2020b/3p.instrset/arduinoide.instrset/portable/packages/arduino/tools/arm-none-eabi-gcc/4.8.3-2014q1/bin/../lib/gcc/arm-none-eabi/4.8.3/../../../../arm-none-eabi/lib/armv7-m\libg.a(lib_a-vfiprintf.o)
                0x00082ec8                _vfiprintf_r
 .text.__sbprintf
                0x00083b1c       0x7c c:/programdata/matlab/supportpackages/r2020b/3p.instrset/arduinoide.instrset/portable/packages/arduino/tools/arm-none-eabi-gcc/4.8.3-2014q1/bin/../lib/gcc/arm-none-eabi/4.8.3/../../../../arm-none-eabi/lib/armv7-m\libg.a(lib_a-vfiprintf.o)
 .text.__swsetup_r
                0x00083b98       0xc4 c:/programdata/matlab/supportpackages/r2020b/3p.instrset/arduinoide.instrset/portable/packages/arduino/tools/arm-none-eabi-gcc/4.8.3-2014q1/bin/../lib/gcc/arm-none-eabi/4.8.3/../../../../arm-none-eabi/lib/armv7-m\libg.a(lib_a-wsetup.o)
                0x00083b98                __swsetup_r
 .text.startup.register_fini
                0x00083c5c       0x14 c:/programdata/matlab/supportpackages/r2020b/3p.instrset/arduinoide.instrset/portable/packages/arduino/tools/arm-none-eabi-gcc/4.8.3-2014q1/bin/../lib/gcc/arm-none-eabi/4.8.3/../../../../arm-none-eabi/lib/armv7-m\libg.a(lib_a-__call_atexit.o)
 .text.abort    0x00083c70       0x10 c:/programdata/matlab/supportpackages/r2020b/3p.instrset/arduinoide.instrset/portable/packages/arduino/tools/arm-none-eabi-gcc/4.8.3-2014q1/bin/../lib/gcc/arm-none-eabi/4.8.3/../../../../arm-none-eabi/lib/armv7-m\libg.a(lib_a-abort.o)
                0x00083c70                abort
 .text.atexit   0x00083c80        0xc c:/programdata/matlab/supportpackages/r2020b/3p.instrset/arduinoide.instrset/portable/packages/arduino/tools/arm-none-eabi-gcc/4.8.3-2014q1/bin/../lib/gcc/arm-none-eabi/4.8.3/../../../../arm-none-eabi/lib/armv7-m\libg.a(lib_a-atexit.o)
                0x00083c80                atexit
 .text.__sflush_r
                0x00083c8c      0x148 c:/programdata/matlab/supportpackages/r2020b/3p.instrset/arduinoide.instrset/portable/packages/arduino/tools/arm-none-eabi-gcc/4.8.3-2014q1/bin/../lib/gcc/arm-none-eabi/4.8.3/../../../../arm-none-eabi/lib/armv7-m\libg.a(lib_a-fflush.o)
                0x00083c8c                __sflush_r
 .text._fflush_r
                0x00083dd4       0x2c c:/programdata/matlab/supportpackages/r2020b/3p.instrset/arduinoide.instrset/portable/packages/arduino/tools/arm-none-eabi-gcc/4.8.3-2014q1/bin/../lib/gcc/arm-none-eabi/4.8.3/../../../../arm-none-eabi/lib/armv7-m\libg.a(lib_a-fflush.o)
                0x00083dd4                _fflush_r
 .text._cleanup_r
                0x00083e00        0xc c:/programdata/matlab/supportpackages/r2020b/3p.instrset/arduinoide.instrset/portable/packages/arduino/tools/arm-none-eabi-gcc/4.8.3-2014q1/bin/../lib/gcc/arm-none-eabi/4.8.3/../../../../arm-none-eabi/lib/armv7-m\libg.a(lib_a-findfp.o)
                0x00083e00                _cleanup_r
 .text.__sinit  0x00083e0c       0xf4 c:/programdata/matlab/supportpackages/r2020b/3p.instrset/arduinoide.instrset/portable/packages/arduino/tools/arm-none-eabi-gcc/4.8.3-2014q1/bin/../lib/gcc/arm-none-eabi/4.8.3/../../../../arm-none-eabi/lib/armv7-m\libg.a(lib_a-findfp.o)
                0x00083e0c                __sinit
 .text.__sfp_lock_acquire
                0x00083f00        0x4 c:/programdata/matlab/supportpackages/r2020b/3p.instrset/arduinoide.instrset/portable/packages/arduino/tools/arm-none-eabi-gcc/4.8.3-2014q1/bin/../lib/gcc/arm-none-eabi/4.8.3/../../../../arm-none-eabi/lib/armv7-m\libg.a(lib_a-findfp.o)
                0x00083f00                __sfp_lock_acquire
 .text.__sfp_lock_release
                0x00083f04        0x4 c:/programdata/matlab/supportpackages/r2020b/3p.instrset/arduinoide.instrset/portable/packages/arduino/tools/arm-none-eabi-gcc/4.8.3-2014q1/bin/../lib/gcc/arm-none-eabi/4.8.3/../../../../arm-none-eabi/lib/armv7-m\libg.a(lib_a-findfp.o)
                0x00083f04                __sfp_lock_release
 .text.__libc_fini_array
                0x00083f08       0x30 c:/programdata/matlab/supportpackages/r2020b/3p.instrset/arduinoide.instrset/portable/packages/arduino/tools/arm-none-eabi-gcc/4.8.3-2014q1/bin/../lib/gcc/arm-none-eabi/4.8.3/../../../../arm-none-eabi/lib/armv7-m\libg.a(lib_a-fini.o)
                0x00083f08                __libc_fini_array
 .text._fputwc_r
                0x00083f38       0xc0 c:/programdata/matlab/supportpackages/r2020b/3p.instrset/arduinoide.instrset/portable/packages/arduino/tools/arm-none-eabi-gcc/4.8.3-2014q1/bin/../lib/gcc/arm-none-eabi/4.8.3/../../../../arm-none-eabi/lib/armv7-m\libg.a(lib_a-fputwc.o)
                0x00083f38                _fputwc_r
 .text._malloc_trim_r
                0x00083ff8       0x9c c:/programdata/matlab/supportpackages/r2020b/3p.instrset/arduinoide.instrset/portable/packages/arduino/tools/arm-none-eabi-gcc/4.8.3-2014q1/bin/../lib/gcc/arm-none-eabi/4.8.3/../../../../arm-none-eabi/lib/armv7-m\libg.a(lib_a-freer.o)
                0x00083ff8                _malloc_trim_r
 .text._free_r  0x00084094      0x198 c:/programdata/matlab/supportpackages/r2020b/3p.instrset/arduinoide.instrset/portable/packages/arduino/tools/arm-none-eabi-gcc/4.8.3-2014q1/bin/../lib/gcc/arm-none-eabi/4.8.3/../../../../arm-none-eabi/lib/armv7-m\libg.a(lib_a-freer.o)
                0x00084094                _free_r
 .text.__sfvwrite_r
                0x0008422c      0x314 c:/programdata/matlab/supportpackages/r2020b/3p.instrset/arduinoide.instrset/portable/packages/arduino/tools/arm-none-eabi-gcc/4.8.3-2014q1/bin/../lib/gcc/arm-none-eabi/4.8.3/../../../../arm-none-eabi/lib/armv7-m\libg.a(lib_a-fvwrite.o)
                0x0008422c                __sfvwrite_r
 .text._fwalk   0x00084540       0x48 c:/programdata/matlab/supportpackages/r2020b/3p.instrset/arduinoide.instrset/portable/packages/arduino/tools/arm-none-eabi-gcc/4.8.3-2014q1/bin/../lib/gcc/arm-none-eabi/4.8.3/../../../../arm-none-eabi/lib/armv7-m\libg.a(lib_a-fwalk.o)
                0x00084540                _fwalk
 .text.__locale_charset
                0x00084588        0x8 c:/programdata/matlab/supportpackages/r2020b/3p.instrset/arduinoide.instrset/portable/packages/arduino/tools/arm-none-eabi-gcc/4.8.3-2014q1/bin/../lib/gcc/arm-none-eabi/4.8.3/../../../../arm-none-eabi/lib/armv7-m\libg.a(lib_a-locale.o)
                0x00084588                __locale_charset
 .text.__locale_mb_cur_max
                0x00084590        0xc c:/programdata/matlab/supportpackages/r2020b/3p.instrset/arduinoide.instrset/portable/packages/arduino/tools/arm-none-eabi-gcc/4.8.3-2014q1/bin/../lib/gcc/arm-none-eabi/4.8.3/../../../../arm-none-eabi/lib/armv7-m\libg.a(lib_a-locale.o)
                0x00084590                __locale_mb_cur_max
 .text.__smakebuf_r
                0x0008459c       0xe0 c:/programdata/matlab/supportpackages/r2020b/3p.instrset/arduinoide.instrset/portable/packages/arduino/tools/arm-none-eabi-gcc/4.8.3-2014q1/bin/../lib/gcc/arm-none-eabi/4.8.3/../../../../arm-none-eabi/lib/armv7-m\libg.a(lib_a-makebuf.o)
                0x0008459c                __smakebuf_r
 .text._malloc_r
                0x0008467c      0x538 c:/programdata/matlab/supportpackages/r2020b/3p.instrset/arduinoide.instrset/portable/packages/arduino/tools/arm-none-eabi-gcc/4.8.3-2014q1/bin/../lib/gcc/arm-none-eabi/4.8.3/../../../../arm-none-eabi/lib/armv7-m\libg.a(lib_a-mallocr.o)
                0x0008467c                _malloc_r
 .text.memchr   0x00084bb4       0x94 c:/programdata/matlab/supportpackages/r2020b/3p.instrset/arduinoide.instrset/portable/packages/arduino/tools/arm-none-eabi-gcc/4.8.3-2014q1/bin/../lib/gcc/arm-none-eabi/4.8.3/../../../../arm-none-eabi/lib/armv7-m\libg.a(lib_a-memchr-stub.o)
                0x00084bb4                memchr
 .text          0x00084c48       0xec c:/programdata/matlab/supportpackages/r2020b/3p.instrset/arduinoide.instrset/portable/packages/arduino/tools/arm-none-eabi-gcc/4.8.3-2014q1/bin/../lib/gcc/arm-none-eabi/4.8.3/../../../../arm-none-eabi/lib/armv7-m\libg.a(lib_a-memcpy.o)
                0x00084c48                memcpy
 .text.memmove  0x00084d34       0xcc c:/programdata/matlab/supportpackages/r2020b/3p.instrset/arduinoide.instrset/portable/packages/arduino/tools/arm-none-eabi-gcc/4.8.3-2014q1/bin/../lib/gcc/arm-none-eabi/4.8.3/../../../../arm-none-eabi/lib/armv7-m\libg.a(lib_a-memmove.o)
                0x00084d34                memmove
 .text.__malloc_lock
                0x00084e00        0x4 c:/programdata/matlab/supportpackages/r2020b/3p.instrset/arduinoide.instrset/portable/packages/arduino/tools/arm-none-eabi-gcc/4.8.3-2014q1/bin/../lib/gcc/arm-none-eabi/4.8.3/../../../../arm-none-eabi/lib/armv7-m\libg.a(lib_a-mlock.o)
                0x00084e00                __malloc_lock
 .text.__malloc_unlock
                0x00084e04        0x4 c:/programdata/matlab/supportpackages/r2020b/3p.instrset/arduinoide.instrset/portable/packages/arduino/tools/arm-none-eabi-gcc/4.8.3-2014q1/bin/../lib/gcc/arm-none-eabi/4.8.3/../../../../arm-none-eabi/lib/armv7-m\libg.a(lib_a-mlock.o)
                0x00084e04                __malloc_unlock
 .text._realloc_r
                0x00084e08      0x3c0 c:/programdata/matlab/supportpackages/r2020b/3p.instrset/arduinoide.instrset/portable/packages/arduino/tools/arm-none-eabi-gcc/4.8.3-2014q1/bin/../lib/gcc/arm-none-eabi/4.8.3/../../../../arm-none-eabi/lib/armv7-m\libg.a(lib_a-reallocr.o)
                0x00084e08                _realloc_r
 .text._sbrk_r  0x000851c8       0x24 c:/programdata/matlab/supportpackages/r2020b/3p.instrset/arduinoide.instrset/portable/packages/arduino/tools/arm-none-eabi-gcc/4.8.3-2014q1/bin/../lib/gcc/arm-none-eabi/4.8.3/../../../../arm-none-eabi/lib/armv7-m\libg.a(lib_a-sbrkr.o)
                0x000851c8                _sbrk_r
 .text._raise_r
                0x000851ec       0x58 c:/programdata/matlab/supportpackages/r2020b/3p.instrset/arduinoide.instrset/portable/packages/arduino/tools/arm-none-eabi-gcc/4.8.3-2014q1/bin/../lib/gcc/arm-none-eabi/4.8.3/../../../../arm-none-eabi/lib/armv7-m\libg.a(lib_a-signal.o)
                0x000851ec                _raise_r
 .text.raise    0x00085244       0x10 c:/programdata/matlab/supportpackages/r2020b/3p.instrset/arduinoide.instrset/portable/packages/arduino/tools/arm-none-eabi-gcc/4.8.3-2014q1/bin/../lib/gcc/arm-none-eabi/4.8.3/../../../../arm-none-eabi/lib/armv7-m\libg.a(lib_a-signal.o)
                0x00085244                raise
 .text._kill_r  0x00085254       0x28 c:/programdata/matlab/supportpackages/r2020b/3p.instrset/arduinoide.instrset/portable/packages/arduino/tools/arm-none-eabi-gcc/4.8.3-2014q1/bin/../lib/gcc/arm-none-eabi/4.8.3/../../../../arm-none-eabi/lib/armv7-m\libg.a(lib_a-signalr.o)
                0x00085254                _kill_r
 .text._getpid_r
                0x0008527c        0x4 c:/programdata/matlab/supportpackages/r2020b/3p.instrset/arduinoide.instrset/portable/packages/arduino/tools/arm-none-eabi-gcc/4.8.3-2014q1/bin/../lib/gcc/arm-none-eabi/4.8.3/../../../../arm-none-eabi/lib/armv7-m\libg.a(lib_a-signalr.o)
                0x0008527c                _getpid_r
 .text.__sread  0x00085280       0x24 c:/programdata/matlab/supportpackages/r2020b/3p.instrset/arduinoide.instrset/portable/packages/arduino/tools/arm-none-eabi-gcc/4.8.3-2014q1/bin/../lib/gcc/arm-none-eabi/4.8.3/../../../../arm-none-eabi/lib/armv7-m\libg.a(lib_a-stdio.o)
                0x00085280                __sread
 .text.__swrite
                0x000852a4       0x38 c:/programdata/matlab/supportpackages/r2020b/3p.instrset/arduinoide.instrset/portable/packages/arduino/tools/arm-none-eabi-gcc/4.8.3-2014q1/bin/../lib/gcc/arm-none-eabi/4.8.3/../../../../arm-none-eabi/lib/armv7-m\libg.a(lib_a-stdio.o)
                0x000852a4                __swrite
 .text.__sseek  0x000852dc       0x20 c:/programdata/matlab/supportpackages/r2020b/3p.instrset/arduinoide.instrset/portable/packages/arduino/tools/arm-none-eabi-gcc/4.8.3-2014q1/bin/../lib/gcc/arm-none-eabi/4.8.3/../../../../arm-none-eabi/lib/armv7-m\libg.a(lib_a-stdio.o)
                0x000852dc                __sseek
 .text.__sclose
                0x000852fc        0x8 c:/programdata/matlab/supportpackages/r2020b/3p.instrset/arduinoide.instrset/portable/packages/arduino/tools/arm-none-eabi-gcc/4.8.3-2014q1/bin/../lib/gcc/arm-none-eabi/4.8.3/../../../../arm-none-eabi/lib/armv7-m\libg.a(lib_a-stdio.o)
                0x000852fc                __sclose
 .text.__swbuf_r
                0x00085304       0xa8 c:/programdata/matlab/supportpackages/r2020b/3p.instrset/arduinoide.instrset/portable/packages/arduino/tools/arm-none-eabi-gcc/4.8.3-2014q1/bin/../lib/gcc/arm-none-eabi/4.8.3/../../../../arm-none-eabi/lib/armv7-m\libg.a(lib_a-wbuf.o)
                0x00085304                __swbuf_r
 .text._wcrtomb_r
                0x000853ac       0x50 c:/programdata/matlab/supportpackages/r2020b/3p.instrset/arduinoide.instrset/portable/packages/arduino/tools/arm-none-eabi-gcc/4.8.3-2014q1/bin/../lib/gcc/arm-none-eabi/4.8.3/../../../../arm-none-eabi/lib/armv7-m\libg.a(lib_a-wcrtomb.o)
                0x000853ac                _wcrtomb_r
 .text.__ascii_wctomb
                0x000853fc       0x1c c:/programdata/matlab/supportpackages/r2020b/3p.instrset/arduinoide.instrset/portable/packages/arduino/tools/arm-none-eabi-gcc/4.8.3-2014q1/bin/../lib/gcc/arm-none-eabi/4.8.3/../../../../arm-none-eabi/lib/armv7-m\libg.a(lib_a-wctomb_r.o)
                0x000853fc                __ascii_wctomb
 .text._write_r
                0x00085418       0x28 c:/programdata/matlab/supportpackages/r2020b/3p.instrset/arduinoide.instrset/portable/packages/arduino/tools/arm-none-eabi-gcc/4.8.3-2014q1/bin/../lib/gcc/arm-none-eabi/4.8.3/../../../../arm-none-eabi/lib/armv7-m\libg.a(lib_a-writer.o)
                0x00085418                _write_r
 .text.__register_exitproc
                0x00085440       0xa8 c:/programdata/matlab/supportpackages/r2020b/3p.instrset/arduinoide.instrset/portable/packages/arduino/tools/arm-none-eabi-gcc/4.8.3-2014q1/bin/../lib/gcc/arm-none-eabi/4.8.3/../../../../arm-none-eabi/lib/armv7-m\libg.a(lib_a-__atexit.o)
                0x00085440                __register_exitproc
 .text._close_r
                0x000854e8       0x24 c:/programdata/matlab/supportpackages/r2020b/3p.instrset/arduinoide.instrset/portable/packages/arduino/tools/arm-none-eabi-gcc/4.8.3-2014q1/bin/../lib/gcc/arm-none-eabi/4.8.3/../../../../arm-none-eabi/lib/armv7-m\libg.a(lib_a-closer.o)
                0x000854e8                _close_r
 .text._fclose_r
                0x0008550c       0x80 c:/programdata/matlab/supportpackages/r2020b/3p.instrset/arduinoide.instrset/portable/packages/arduino/tools/arm-none-eabi-gcc/4.8.3-2014q1/bin/../lib/gcc/arm-none-eabi/4.8.3/../../../../arm-none-eabi/lib/armv7-m\libg.a(lib_a-fclose.o)
                0x0008550c                _fclose_r
 .text.fclose   0x0008558c       0x10 c:/programdata/matlab/supportpackages/r2020b/3p.instrset/arduinoide.instrset/portable/packages/arduino/tools/arm-none-eabi-gcc/4.8.3-2014q1/bin/../lib/gcc/arm-none-eabi/4.8.3/../../../../arm-none-eabi/lib/armv7-m\libg.a(lib_a-fclose.o)
                0x0008558c                fclose
 .text._fstat_r
                0x0008559c       0x28 c:/programdata/matlab/supportpackages/r2020b/3p.instrset/arduinoide.instrset/portable/packages/arduino/tools/arm-none-eabi-gcc/4.8.3-2014q1/bin/../lib/gcc/arm-none-eabi/4.8.3/../../../../arm-none-eabi/lib/armv7-m\libg.a(lib_a-fstatr.o)
                0x0008559c                _fstat_r
 .text._isatty_r
                0x000855c4       0x24 c:/programdata/matlab/supportpackages/r2020b/3p.instrset/arduinoide.instrset/portable/packages/arduino/tools/arm-none-eabi-gcc/4.8.3-2014q1/bin/../lib/gcc/arm-none-eabi/4.8.3/../../../../arm-none-eabi/lib/armv7-m\libg.a(lib_a-isattyr.o)
                0x000855c4                _isatty_r
 .text._lseek_r
                0x000855e8       0x28 c:/programdata/matlab/supportpackages/r2020b/3p.instrset/arduinoide.instrset/portable/packages/arduino/tools/arm-none-eabi-gcc/4.8.3-2014q1/bin/../lib/gcc/arm-none-eabi/4.8.3/../../../../arm-none-eabi/lib/armv7-m\libg.a(lib_a-lseekr.o)
                0x000855e8                _lseek_r
 .text._read_r  0x00085610       0x28 c:/programdata/matlab/supportpackages/r2020b/3p.instrset/arduinoide.instrset/portable/packages/arduino/tools/arm-none-eabi-gcc/4.8.3-2014q1/bin/../lib/gcc/arm-none-eabi/4.8.3/../../../../arm-none-eabi/lib/armv7-m\libg.a(lib_a-readr.o)
                0x00085610                _read_r
 .text          0x00085638       0x2c c:/programdata/matlab/supportpackages/r2020b/3p.instrset/arduinoide.instrset/portable/packages/arduino/tools/arm-none-eabi-gcc/4.8.3-2014q1/bin/../lib/gcc/arm-none-eabi/4.8.3/armv7-m\libgcc.a(_aeabi_uldivmod.o)
                0x00085638                __aeabi_uldivmod
 .text          0x00085664       0x60 c:/programdata/matlab/supportpackages/r2020b/3p.instrset/arduinoide.instrset/portable/packages/arduino/tools/arm-none-eabi-gcc/4.8.3-2014q1/bin/../lib/gcc/arm-none-eabi/4.8.3/armv7-m\libgcc.a(bpabi.o)
                0x00085664                __gnu_ldivmod_helper
                0x00085694                __gnu_uldivmod_helper
 .text          0x000856c4        0x4 c:/programdata/matlab/supportpackages/r2020b/3p.instrset/arduinoide.instrset/portable/packages/arduino/tools/arm-none-eabi-gcc/4.8.3-2014q1/bin/../lib/gcc/arm-none-eabi/4.8.3/armv7-m\libgcc.a(_dvmd_tls.o)
                0x000856c4                __aeabi_idiv0
                0x000856c4                __aeabi_ldiv0
 .text          0x000856c8      0x2a0 c:/programdata/matlab/supportpackages/r2020b/3p.instrset/arduinoide.instrset/portable/packages/arduino/tools/arm-none-eabi-gcc/4.8.3-2014q1/bin/../lib/gcc/arm-none-eabi/4.8.3/armv7-m\libgcc.a(_divdi3.o)
                0x000856c8                __divdi3
 .text          0x00085968      0x290 c:/programdata/matlab/supportpackages/r2020b/3p.instrset/arduinoide.instrset/portable/packages/arduino/tools/arm-none-eabi-gcc/4.8.3-2014q1/bin/../lib/gcc/arm-none-eabi/4.8.3/armv7-m\libgcc.a(_udivdi3.o)
                0x00085968                __udivdi3
 *(.glue_7t)
 .glue_7t       0x00000000        0x0 linker stubs
 *(.glue_7)
 .glue_7        0x00000000        0x0 linker stubs
 *(.rodata .rodata* .gnu.linkonce.r.*)
 .rodata.provaarduino_M
                0x00085bf8        0x4 provaarduino.o
                0x00085bf8                provaarduino_M
 *fill*         0x00085bfc        0x4 
 .rodata._ZTV9UARTClass
                0x00085c00       0x30 C:/Users/LAPIS-~1/DOCUME~1/MATLAB/R2020b/ARDUIN~1/ARDUIN~1/FASTER~1/libcore.a(UARTClass.o)
                0x00085c00                vtable for UARTClass
 .rodata._ZTV10USARTClass
                0x00085c30       0x30 C:/Users/LAPIS-~1/DOCUME~1/MATLAB/R2020b/ARDUIN~1/ARDUIN~1/FASTER~1/libcore.a(USARTClass.o)
                0x00085c30                vtable for USARTClass
 .rodata.g_APinDescription
                0x00085c60      0xa2c C:/Users/LAPIS-~1/DOCUME~1/MATLAB/R2020b/ARDUIN~1/ARDUIN~1/FASTER~1/libcore.a(variant.o)
                0x00085c60                g_APinDescription
 .rodata.__func__.6792
                0x0008668c        0xd C:/ProgramData/MATLAB/SupportPackages/R2020b/3P.instrset/arduinoide.instrset/portable/packages/arduino/hardware/sam/1.6.12/variants/arduino_due_x/libsam_sam3x8e_gcc_rel.a(tc.o)
 .rodata.str1.1
                0x00086699       0x54 C:/ProgramData/MATLAB/SupportPackages/R2020b/3P.instrset/arduinoide.instrset/portable/packages/arduino/hardware/sam/1.6.12/variants/arduino_due_x/libsam_sam3x8e_gcc_rel.a(tc.o)
 .rodata.__func__.6798
                0x000866ed        0x9 C:/ProgramData/MATLAB/SupportPackages/R2020b/3P.instrset/arduinoide.instrset/portable/packages/arduino/hardware/sam/1.6.12/variants/arduino_due_x/libsam_sam3x8e_gcc_rel.a(tc.o)
 *fill*         0x000866f6        0x2 
 .rodata        0x000866f8       0x40 C:/ProgramData/MATLAB/SupportPackages/R2020b/3P.instrset/arduinoide.instrset/portable/packages/arduino/hardware/sam/1.6.12/variants/arduino_due_x/libsam_sam3x8e_gcc_rel.a(adc.o)
 .rodata.str1.4
                0x00086738        0x5 c:/programdata/matlab/supportpackages/r2020b/3p.instrset/arduinoide.instrset/portable/packages/arduino/tools/arm-none-eabi-gcc/4.8.3-2014q1/bin/../lib/gcc/arm-none-eabi/4.8.3/../../../../arm-none-eabi/lib/armv7-m\libm.a(lib_a-w_fmod.o)
                                  0x8 (size before relaxing)
 *fill*         0x0008673d        0x3 
 .rodata.str1.4
                0x00086740        0x4 c:/programdata/matlab/supportpackages/r2020b/3p.instrset/arduinoide.instrset/portable/packages/arduino/tools/arm-none-eabi-gcc/4.8.3-2014q1/bin/../lib/gcc/arm-none-eabi/4.8.3/../../../../arm-none-eabi/lib/armv7-m\libm.a(lib_a-w_log.o)
                                  0x8 (size before relaxing)
 .rodata.str1.4
                0x00086744        0x5 c:/programdata/matlab/supportpackages/r2020b/3p.instrset/arduinoide.instrset/portable/packages/arduino/tools/arm-none-eabi-gcc/4.8.3-2014q1/bin/../lib/gcc/arm-none-eabi/4.8.3/../../../../arm-none-eabi/lib/armv7-m\libm.a(lib_a-w_sqrt.o)
                                  0x8 (size before relaxing)
 *fill*         0x00086749        0x7 
 .rodata.Zero   0x00086750       0x10 c:/programdata/matlab/supportpackages/r2020b/3p.instrset/arduinoide.instrset/portable/packages/arduino/tools/arm-none-eabi-gcc/4.8.3-2014q1/bin/../lib/gcc/arm-none-eabi/4.8.3/../../../../arm-none-eabi/lib/armv7-m\libm.a(lib_a-e_fmod.o)
 .rodata.str1.4
                0x00086760       0x3f c:/programdata/matlab/supportpackages/r2020b/3p.instrset/arduinoide.instrset/portable/packages/arduino/tools/arm-none-eabi-gcc/4.8.3-2014q1/bin/../lib/gcc/arm-none-eabi/4.8.3/../../../../arm-none-eabi/lib/armv7-m\libg.a(lib_a-assert.o)
                                 0x44 (size before relaxing)
 *fill*         0x0008679f        0x1 
 .rodata.str1.4
                0x000867a0        0x2 c:/programdata/matlab/supportpackages/r2020b/3p.instrset/arduinoide.instrset/portable/packages/arduino/tools/arm-none-eabi-gcc/4.8.3-2014q1/bin/../lib/gcc/arm-none-eabi/4.8.3/../../../../arm-none-eabi/lib/armv7-m\libg.a(lib_a-impure.o)
                                  0x4 (size before relaxing)
 *fill*         0x000867a2        0x2 
 .rodata._global_impure_ptr
                0x000867a4        0x4 c:/programdata/matlab/supportpackages/r2020b/3p.instrset/arduinoide.instrset/portable/packages/arduino/tools/arm-none-eabi-gcc/4.8.3-2014q1/bin/../lib/gcc/arm-none-eabi/4.8.3/../../../../arm-none-eabi/lib/armv7-m\libg.a(lib_a-impure.o)
                0x000867a4                _global_impure_ptr
 .rodata.blanks.6717
                0x000867a8       0x10 c:/programdata/matlab/supportpackages/r2020b/3p.instrset/arduinoide.instrset/portable/packages/arduino/tools/arm-none-eabi-gcc/4.8.3-2014q1/bin/../lib/gcc/arm-none-eabi/4.8.3/../../../../arm-none-eabi/lib/armv7-m\libg.a(lib_a-vfiprintf.o)
 .rodata.str1.4
                0x000867b8       0x30 c:/programdata/matlab/supportpackages/r2020b/3p.instrset/arduinoide.instrset/portable/packages/arduino/tools/arm-none-eabi-gcc/4.8.3-2014q1/bin/../lib/gcc/arm-none-eabi/4.8.3/../../../../arm-none-eabi/lib/armv7-m\libg.a(lib_a-vfiprintf.o)
 .rodata.zeroes.6718
                0x000867e8       0x10 c:/programdata/matlab/supportpackages/r2020b/3p.instrset/arduinoide.instrset/portable/packages/arduino/tools/arm-none-eabi-gcc/4.8.3-2014q1/bin/../lib/gcc/arm-none-eabi/4.8.3/../../../../arm-none-eabi/lib/armv7-m\libg.a(lib_a-vfiprintf.o)
 *(.ARM.extab* .gnu.linkonce.armextab.*)
                0x000867f8                . = ALIGN (0x4)
 *(.init)
 .init          0x000867f8        0x4 c:/programdata/matlab/supportpackages/r2020b/3p.instrset/arduinoide.instrset/portable/packages/arduino/tools/arm-none-eabi-gcc/4.8.3-2014q1/bin/../lib/gcc/arm-none-eabi/4.8.3/armv7-m/crti.o
                0x000867f8                _init
 .init          0x000867fc        0x8 c:/programdata/matlab/supportpackages/r2020b/3p.instrset/arduinoide.instrset/portable/packages/arduino/tools/arm-none-eabi-gcc/4.8.3-2014q1/bin/../lib/gcc/arm-none-eabi/4.8.3/armv7-m/crtn.o
                0x00086804                . = ALIGN (0x4)
                0x00086804                __preinit_array_start = .
 *(.preinit_array)
                0x00086804                __preinit_array_end = .
                0x00086804                . = ALIGN (0x4)
                0x00086804                __init_array_start = .
 *(SORT(.init_array.*))
 .init_array.00000
                0x00086804        0x4 c:/programdata/matlab/supportpackages/r2020b/3p.instrset/arduinoide.instrset/portable/packages/arduino/tools/arm-none-eabi-gcc/4.8.3-2014q1/bin/../lib/gcc/arm-none-eabi/4.8.3/../../../../arm-none-eabi/lib/armv7-m\libg.a(lib_a-__call_atexit.o)
 *(.init_array)
 .init_array    0x00086808        0x4 c:/programdata/matlab/supportpackages/r2020b/3p.instrset/arduinoide.instrset/portable/packages/arduino/tools/arm-none-eabi-gcc/4.8.3-2014q1/bin/../lib/gcc/arm-none-eabi/4.8.3/armv7-m/crtbegin.o
 .init_array    0x0008680c        0x4 Servo_microseconds_equilibratore_beta_3_wrapper.o
 .init_array    0x00086810        0x4 Servo_microseconds_manetta_beta_3_wrapper.o
 .init_array    0x00086814        0x4 C:/Users/LAPIS-~1/DOCUME~1/MATLAB/R2020b/ARDUIN~1/ARDUIN~1/FASTER~1/libcore.a(variant.o)
                0x00086818                __init_array_end = .
                0x00086818                . = ALIGN (0x4)
 *crtbegin.o(.ctors)
 *(EXCLUDE_FILE(*crtend.o) .ctors)
 *(SORT(.ctors.*))
 *crtend.o(.ctors)
                0x00086818                . = ALIGN (0x4)
 *(.fini)
 .fini          0x00086818        0x4 c:/programdata/matlab/supportpackages/r2020b/3p.instrset/arduinoide.instrset/portable/packages/arduino/tools/arm-none-eabi-gcc/4.8.3-2014q1/bin/../lib/gcc/arm-none-eabi/4.8.3/armv7-m/crti.o
                0x00086818                _fini
 .fini          0x0008681c        0x8 c:/programdata/matlab/supportpackages/r2020b/3p.instrset/arduinoide.instrset/portable/packages/arduino/tools/arm-none-eabi-gcc/4.8.3-2014q1/bin/../lib/gcc/arm-none-eabi/4.8.3/armv7-m/crtn.o
                0x00086824                . = ALIGN (0x4)
                0x00086824                __fini_array_start = .
 *(.fini_array)
 .fini_array    0x00086824        0x4 c:/programdata/matlab/supportpackages/r2020b/3p.instrset/arduinoide.instrset/portable/packages/arduino/tools/arm-none-eabi-gcc/4.8.3-2014q1/bin/../lib/gcc/arm-none-eabi/4.8.3/armv7-m/crtbegin.o
 *(SORT(.fini_array.*))
                0x00086828                __fini_array_end = .
 *crtbegin.o(.dtors)
 *(EXCLUDE_FILE(*crtend.o) .dtors)
 *(SORT(.dtors.*))
 *crtend.o(.dtors)
                0x00086828                . = ALIGN (0x4)
                0x00086828                _efixed = .
                0x00086828                PROVIDE (__exidx_start, .)

.vfp11_veneer   0x00086828        0x0
 .vfp11_veneer  0x00000000        0x0 linker stubs

.v4_bx          0x00086828        0x0
 .v4_bx         0x00000000        0x0 linker stubs

.iplt           0x00086828        0x0
 .iplt          0x00000000        0x0 c:/programdata/matlab/supportpackages/r2020b/3p.instrset/arduinoide.instrset/portable/packages/arduino/tools/arm-none-eabi-gcc/4.8.3-2014q1/bin/../lib/gcc/arm-none-eabi/4.8.3/armv7-m/crtbegin.o

.ARM.exidx      0x00086828        0x8
 *(.ARM.exidx* .gnu.linkonce.armexidx.*)
 .ARM.exidx     0x00086828        0x8 c:/programdata/matlab/supportpackages/r2020b/3p.instrset/arduinoide.instrset/portable/packages/arduino/tools/arm-none-eabi-gcc/4.8.3-2014q1/bin/../lib/gcc/arm-none-eabi/4.8.3/armv7-m\libgcc.a(_divdi3.o)
 .ARM.exidx     0x00086830        0x0 c:/programdata/matlab/supportpackages/r2020b/3p.instrset/arduinoide.instrset/portable/packages/arduino/tools/arm-none-eabi-gcc/4.8.3-2014q1/bin/../lib/gcc/arm-none-eabi/4.8.3/armv7-m\libgcc.a(_udivdi3.o)
                                  0x8 (size before relaxing)
                0x00086830                PROVIDE (__exidx_end, .)

.eh_frame       0x00086830        0x0
 .eh_frame      0x00086830        0x0 c:/programdata/matlab/supportpackages/r2020b/3p.instrset/arduinoide.instrset/portable/packages/arduino/tools/arm-none-eabi-gcc/4.8.3-2014q1/bin/../lib/gcc/arm-none-eabi/4.8.3/armv7-m/crtbegin.o

.rel.dyn        0x00086830        0x0
 .rel.iplt      0x00000000        0x0 c:/programdata/matlab/supportpackages/r2020b/3p.instrset/arduinoide.instrset/portable/packages/arduino/tools/arm-none-eabi-gcc/4.8.3-2014q1/bin/../lib/gcc/arm-none-eabi/4.8.3/armv7-m/crtbegin.o

.jcr            0x00086830        0x0
 .jcr           0x00086830        0x0 c:/programdata/matlab/supportpackages/r2020b/3p.instrset/arduinoide.instrset/portable/packages/arduino/tools/arm-none-eabi-gcc/4.8.3-2014q1/bin/../lib/gcc/arm-none-eabi/4.8.3/armv7-m/crtbegin.o

.igot.plt       0x00086830        0x0
 .igot.plt      0x00000000        0x0 c:/programdata/matlab/supportpackages/r2020b/3p.instrset/arduinoide.instrset/portable/packages/arduino/tools/arm-none-eabi-gcc/4.8.3-2014q1/bin/../lib/gcc/arm-none-eabi/4.8.3/armv7-m/crtbegin.o
                0x00086830                . = ALIGN (0x4)
                0x00086830                _etext = .

.relocate       0x20070000      0x8f4 load address 0x00086830
                0x20070000                . = ALIGN (0x4)
                0x20070000                _srelocate = .
 *(.ramfunc .ramfunc.*)
 .ramfunc       0x20070000       0x2c C:/Users/LAPIS-~1/DOCUME~1/MATLAB/R2020b/ARDUIN~1/ARDUIN~1/FASTER~1/libcore.a(Reset.o)
                0x20070000                banzai
 *(.data .data.*)
 *fill*         0x2007002c        0x4 
 .data.provaarduino_P
                0x20070030       0x50 provaarduino_data.o
                0x20070030                provaarduino_P
 .data._ZL5ticks
                0x20070080        0x4 C:/Users/LAPIS-~1/DOCUME~1/MATLAB/R2020b/ARDUIN~1/ARDUIN~1/FASTER~1/libcore.a(Reset.o)
 .data.SystemCoreClock
                0x20070084        0x4 C:/ProgramData/MATLAB/SupportPackages/R2020b/3P.instrset/arduinoide.instrset/portable/packages/arduino/hardware/sam/1.6.12/variants/arduino_due_x/libsam_sam3x8e_gcc_rel.a(system_sam3xa.o)
                0x20070084                SystemCoreClock
 .data.__fdlib_version
                0x20070088        0x1 c:/programdata/matlab/supportpackages/r2020b/3p.instrset/arduinoide.instrset/portable/packages/arduino/tools/arm-none-eabi-gcc/4.8.3-2014q1/bin/../lib/gcc/arm-none-eabi/4.8.3/../../../../arm-none-eabi/lib/armv7-m\libm.a(lib_a-s_lib_ver.o)
                0x20070088                __fdlib_version
 *fill*         0x20070089        0x7 
 .data.impure_data
                0x20070090      0x428 c:/programdata/matlab/supportpackages/r2020b/3p.instrset/arduinoide.instrset/portable/packages/arduino/tools/arm-none-eabi-gcc/4.8.3-2014q1/bin/../lib/gcc/arm-none-eabi/4.8.3/../../../../arm-none-eabi/lib/armv7-m\libg.a(lib_a-impure.o)
 .data._impure_ptr
                0x200704b8        0x4 c:/programdata/matlab/supportpackages/r2020b/3p.instrset/arduinoide.instrset/portable/packages/arduino/tools/arm-none-eabi-gcc/4.8.3-2014q1/bin/../lib/gcc/arm-none-eabi/4.8.3/../../../../arm-none-eabi/lib/armv7-m\libg.a(lib_a-impure.o)
                0x200704b8                _impure_ptr
 .data.lc_ctype_charset
                0x200704bc       0x20 c:/programdata/matlab/supportpackages/r2020b/3p.instrset/arduinoide.instrset/portable/packages/arduino/tools/arm-none-eabi-gcc/4.8.3-2014q1/bin/../lib/gcc/arm-none-eabi/4.8.3/../../../../arm-none-eabi/lib/armv7-m\libg.a(lib_a-locale.o)
 .data.__mb_cur_max
                0x200704dc        0x4 c:/programdata/matlab/supportpackages/r2020b/3p.instrset/arduinoide.instrset/portable/packages/arduino/tools/arm-none-eabi-gcc/4.8.3-2014q1/bin/../lib/gcc/arm-none-eabi/4.8.3/../../../../arm-none-eabi/lib/armv7-m\libg.a(lib_a-locale.o)
                0x200704dc                __mb_cur_max
 .data.__malloc_av_
                0x200704e0      0x408 c:/programdata/matlab/supportpackages/r2020b/3p.instrset/arduinoide.instrset/portable/packages/arduino/tools/arm-none-eabi-gcc/4.8.3-2014q1/bin/../lib/gcc/arm-none-eabi/4.8.3/../../../../arm-none-eabi/lib/armv7-m\libg.a(lib_a-mallocr.o)
                0x200704e0                __malloc_av_
 .data.__malloc_trim_threshold
                0x200708e8        0x4 c:/programdata/matlab/supportpackages/r2020b/3p.instrset/arduinoide.instrset/portable/packages/arduino/tools/arm-none-eabi-gcc/4.8.3-2014q1/bin/../lib/gcc/arm-none-eabi/4.8.3/../../../../arm-none-eabi/lib/armv7-m\libg.a(lib_a-mallocr.o)
                0x200708e8                __malloc_trim_threshold
 .data.__malloc_sbrk_base
                0x200708ec        0x4 c:/programdata/matlab/supportpackages/r2020b/3p.instrset/arduinoide.instrset/portable/packages/arduino/tools/arm-none-eabi-gcc/4.8.3-2014q1/bin/../lib/gcc/arm-none-eabi/4.8.3/../../../../arm-none-eabi/lib/armv7-m\libg.a(lib_a-mallocr.o)
                0x200708ec                __malloc_sbrk_base
 .data.__wctomb
                0x200708f0        0x4 c:/programdata/matlab/supportpackages/r2020b/3p.instrset/arduinoide.instrset/portable/packages/arduino/tools/arm-none-eabi-gcc/4.8.3-2014q1/bin/../lib/gcc/arm-none-eabi/4.8.3/../../../../arm-none-eabi/lib/armv7-m\libg.a(lib_a-wctomb_r.o)
                0x200708f0                __wctomb
                0x200708f4                . = ALIGN (0x4)
                0x200708f4                _erelocate = .

.bss            0x200708f4      0x7f4 load address 0x00087124
                0x200708f4                . = ALIGN (0x4)
                0x200708f4                _sbss = .
                0x200708f4                _szero = .
 *(.bss .bss.*)
 .bss           0x200708f4       0x1c c:/programdata/matlab/supportpackages/r2020b/3p.instrset/arduinoide.instrset/portable/packages/arduino/tools/arm-none-eabi-gcc/4.8.3-2014q1/bin/../lib/gcc/arm-none-eabi/4.8.3/armv7-m/crtbegin.o
 .bss.gpf_isr   0x20070910        0x4 C:/ProgramData/MATLAB/SupportPackages/R2020b/3P.instrset/arduinoide.instrset/portable/packages/arduino/hardware/sam/1.6.12/variants/arduino_due_x/libsam_sam3x8e_gcc_rel.a(uotghs.o)
                0x20070910                gpf_isr
 .bss.provaarduino_M_
                0x20070914        0x8 provaarduino.o
 .bss.myservo1  0x2007091c        0x3 Servo_microseconds_equilibratore_beta_3_wrapper.o
                0x2007091c                myservo1
 .bss.ServoCount
                0x2007091f        0x1 Servo.o
                0x2007091f                ServoCount
 .bss._ZL7Channel
                0x20070920        0x5 Servo.o
 *fill*         0x20070925        0x3 
 .bss._ZL6servos
                0x20070928      0x1e0 Servo.o
 .bss.myservo   0x20070b08        0x3 Servo_microseconds_manetta_beta_3_wrapper.o
                0x20070b08                myservo
 .bss.need2runFlags
                0x20070b0b        0x2 ert_main.o
                0x20070b0b                need2runFlags
 .bss.isRateRunning
                0x20070b0d        0x2 ert_main.o
                0x20070b0d                isRateRunning
 *fill*         0x20070b0f        0x1 
 .bss.IsrOverrun
                0x20070b10        0x4 ert_main.o
                0x20070b10                IsrOverrun
 .bss.heap.6420
                0x20070b14        0x4 C:/Users/LAPIS-~1/DOCUME~1/MATLAB/R2020b/ARDUIN~1/ARDUIN~1/FASTER~1/libcore.a(syscalls_sam3.o)
 .bss.tx_buffer2
                0x20070b18       0x88 C:/Users/LAPIS-~1/DOCUME~1/MATLAB/R2020b/ARDUIN~1/ARDUIN~1/FASTER~1/libcore.a(variant.o)
                0x20070b18                tx_buffer2
 .bss.tx_buffer1
                0x20070ba0       0x88 C:/Users/LAPIS-~1/DOCUME~1/MATLAB/R2020b/ARDUIN~1/ARDUIN~1/FASTER~1/libcore.a(variant.o)
                0x20070ba0                tx_buffer1
 .bss.Serial    0x20070c28       0x24 C:/Users/LAPIS-~1/DOCUME~1/MATLAB/R2020b/ARDUIN~1/ARDUIN~1/FASTER~1/libcore.a(variant.o)
                0x20070c28                Serial
 .bss.rx_buffer1
                0x20070c4c       0x88 C:/Users/LAPIS-~1/DOCUME~1/MATLAB/R2020b/ARDUIN~1/ARDUIN~1/FASTER~1/libcore.a(variant.o)
                0x20070c4c                rx_buffer1
 .bss.Serial1   0x20070cd4       0x28 C:/Users/LAPIS-~1/DOCUME~1/MATLAB/R2020b/ARDUIN~1/ARDUIN~1/FASTER~1/libcore.a(variant.o)
                0x20070cd4                Serial1
 .bss.Serial2   0x20070cfc       0x28 C:/Users/LAPIS-~1/DOCUME~1/MATLAB/R2020b/ARDUIN~1/ARDUIN~1/FASTER~1/libcore.a(variant.o)
                0x20070cfc                Serial2
 .bss.Serial3   0x20070d24       0x28 C:/Users/LAPIS-~1/DOCUME~1/MATLAB/R2020b/ARDUIN~1/ARDUIN~1/FASTER~1/libcore.a(variant.o)
                0x20070d24                Serial3
 .bss.tx_buffer3
                0x20070d4c       0x88 C:/Users/LAPIS-~1/DOCUME~1/MATLAB/R2020b/ARDUIN~1/ARDUIN~1/FASTER~1/libcore.a(variant.o)
                0x20070d4c                tx_buffer3
 .bss.tx_buffer4
                0x20070dd4       0x88 C:/Users/LAPIS-~1/DOCUME~1/MATLAB/R2020b/ARDUIN~1/ARDUIN~1/FASTER~1/libcore.a(variant.o)
                0x20070dd4                tx_buffer4
 .bss.g_pinStatus
                0x20070e5c       0x4f C:/Users/LAPIS-~1/DOCUME~1/MATLAB/R2020b/ARDUIN~1/ARDUIN~1/FASTER~1/libcore.a(variant.o)
                0x20070e5c                g_pinStatus
 *fill*         0x20070eab        0x1 
 .bss.rx_buffer2
                0x20070eac       0x88 C:/Users/LAPIS-~1/DOCUME~1/MATLAB/R2020b/ARDUIN~1/ARDUIN~1/FASTER~1/libcore.a(variant.o)
                0x20070eac                rx_buffer2
 .bss.rx_buffer3
                0x20070f34       0x88 C:/Users/LAPIS-~1/DOCUME~1/MATLAB/R2020b/ARDUIN~1/ARDUIN~1/FASTER~1/libcore.a(variant.o)
                0x20070f34                rx_buffer3
 .bss.rx_buffer4
                0x20070fbc       0x88 C:/Users/LAPIS-~1/DOCUME~1/MATLAB/R2020b/ARDUIN~1/ARDUIN~1/FASTER~1/libcore.a(variant.o)
                0x20070fbc                rx_buffer4
 .bss._dwTickCount
                0x20071044        0x4 C:/ProgramData/MATLAB/SupportPackages/R2020b/3P.instrset/arduinoide.instrset/portable/packages/arduino/hardware/sam/1.6.12/variants/arduino_due_x/libsam_sam3x8e_gcc_rel.a(timetick.o)
 .bss.__malloc_max_total_mem
                0x20071048        0x4 c:/programdata/matlab/supportpackages/r2020b/3p.instrset/arduinoide.instrset/portable/packages/arduino/tools/arm-none-eabi-gcc/4.8.3-2014q1/bin/../lib/gcc/arm-none-eabi/4.8.3/../../../../arm-none-eabi/lib/armv7-m\libg.a(lib_a-mallocr.o)
                0x20071048                __malloc_max_total_mem
 .bss.__malloc_max_sbrked_mem
                0x2007104c        0x4 c:/programdata/matlab/supportpackages/r2020b/3p.instrset/arduinoide.instrset/portable/packages/arduino/tools/arm-none-eabi-gcc/4.8.3-2014q1/bin/../lib/gcc/arm-none-eabi/4.8.3/../../../../arm-none-eabi/lib/armv7-m\libg.a(lib_a-mallocr.o)
                0x2007104c                __malloc_max_sbrked_mem
 .bss.__malloc_top_pad
                0x20071050        0x4 c:/programdata/matlab/supportpackages/r2020b/3p.instrset/arduinoide.instrset/portable/packages/arduino/tools/arm-none-eabi-gcc/4.8.3-2014q1/bin/../lib/gcc/arm-none-eabi/4.8.3/../../../../arm-none-eabi/lib/armv7-m\libg.a(lib_a-mallocr.o)
                0x20071050                __malloc_top_pad
 .bss.__malloc_current_mallinfo
                0x20071054       0x28 c:/programdata/matlab/supportpackages/r2020b/3p.instrset/arduinoide.instrset/portable/packages/arduino/tools/arm-none-eabi-gcc/4.8.3-2014q1/bin/../lib/gcc/arm-none-eabi/4.8.3/../../../../arm-none-eabi/lib/armv7-m\libg.a(lib_a-mallocr.o)
                0x20071054                __malloc_current_mallinfo
 *(COMMON)
 *fill*         0x2007107c        0x4 
 COMMON         0x20071080       0x34 provaarduino.o
                0x20071080                provaarduino_DW
                0x200710b0                provaarduino_B
 *fill*         0x200710b4        0x4 
 COMMON         0x200710b8       0x24 rt_nonfinite.o
                0x200710b8                rtNaNF
                0x200710bc                rtInfF
                0x200710c0                rtInf
                0x200710c8                rtNaN
                0x200710d0                rtMinusInf
                0x200710d8                rtMinusInfF
 COMMON         0x200710dc        0x4 m3m4m4f_multitasking.o
                0x200710dc                taskToSchedule
 COMMON         0x200710e0        0x2 ert_main.o
                0x200710e0                runModel
                0x200710e1                stopRequested
 *fill*         0x200710e2        0x2 
 COMMON         0x200710e4        0x4 c:/programdata/matlab/supportpackages/r2020b/3p.instrset/arduinoide.instrset/portable/packages/arduino/tools/arm-none-eabi-gcc/4.8.3-2014q1/bin/../lib/gcc/arm-none-eabi/4.8.3/../../../../arm-none-eabi/lib/armv7-m\libg.a(lib_a-reent.o)
                0x200710e4                errno
                0x200710e8                . = ALIGN (0x4)
                0x200710e8                _ebss = .
                0x200710e8                _ezero = .
                0x200710e8                . = ALIGN (0x4)
                0x200710e8                _end = .

.stack_dummy    0x200710e8        0x0
 *(.stack*)
                0x20088000                __StackTop = (ORIGIN (ram) + 0x18000)
                0x20088000                __StackLimit = (__StackTop - SIZEOF (.stack_dummy))
                0x20088000                PROVIDE (_sstack, __StackLimit)
                0x20088000                PROVIDE (_estack, __StackTop)
OUTPUT(../provaarduino.elf elf32-littlearm)

.ARM.attributes
                0x00000000       0x29
 .ARM.attributes
                0x00000000       0x1d c:/programdata/matlab/supportpackages/r2020b/3p.instrset/arduinoide.instrset/portable/packages/arduino/tools/arm-none-eabi-gcc/4.8.3-2014q1/bin/../lib/gcc/arm-none-eabi/4.8.3/armv7-m/crti.o
 .ARM.attributes
                0x0000001d       0x2d c:/programdata/matlab/supportpackages/r2020b/3p.instrset/arduinoide.instrset/portable/packages/arduino/tools/arm-none-eabi-gcc/4.8.3-2014q1/bin/../lib/gcc/arm-none-eabi/4.8.3/armv7-m/crtbegin.o
 .ARM.attributes
                0x0000004a       0x33 C:/ProgramData/MATLAB/SupportPackages/R2020b/3P.instrset/arduinoide.instrset/portable/packages/arduino/hardware/sam/1.6.12/variants/arduino_due_x/libsam_sam3x8e_gcc_rel.a(startup_sam3xa.o)
 .ARM.attributes
                0x0000007d       0x33 C:/ProgramData/MATLAB/SupportPackages/R2020b/3P.instrset/arduinoide.instrset/portable/packages/arduino/hardware/sam/1.6.12/variants/arduino_due_x/libsam_sam3x8e_gcc_rel.a(uotghs.o)
 .ARM.attributes
                0x000000b0       0x33 provaarduino.o
 .ARM.attributes
                0x000000e3       0x33 provaarduino_data.o
 .ARM.attributes
                0x00000116       0x33 rtGetInf.o
 .ARM.attributes
                0x00000149       0x33 rtGetNaN.o
 .ARM.attributes
                0x0000017c       0x33 rt_nonfinite.o
 .ARM.attributes
                0x000001af       0x33 Servo_microseconds_equilibratore_beta_3_wrapper.o
 .ARM.attributes
                0x000001e2       0x33 Servo.o
 .ARM.attributes
                0x00000215       0x33 Servo_microseconds_manetta_beta_3_wrapper.o
 .ARM.attributes
                0x00000248       0x33 arm_m3_cortex_handler.o
 .ARM.attributes
                0x0000027b       0x33 MW_ArduinoHWInit.o
 .ARM.attributes
                0x000002ae       0x33 io_wrappers.o
 .ARM.attributes
                0x000002e1       0x33 arduinoARMScheduler.o
 .ARM.attributes
                0x00000314       0x33 m3m4m4f_multitasking.o
 .ARM.attributes
                0x00000347       0x33 ert_main.o
 .ARM.attributes
                0x0000037a       0x33 C:/Users/LAPIS-~1/DOCUME~1/MATLAB/R2020b/ARDUIN~1/ARDUIN~1/FASTER~1/libcore.a(hooks.o)
 .ARM.attributes
                0x000003ad       0x33 C:/Users/LAPIS-~1/DOCUME~1/MATLAB/R2020b/ARDUIN~1/ARDUIN~1/FASTER~1/libcore.a(syscalls_sam3.o)
 .ARM.attributes
                0x000003e0       0x33 C:/Users/LAPIS-~1/DOCUME~1/MATLAB/R2020b/ARDUIN~1/ARDUIN~1/FASTER~1/libcore.a(wiring_digital.o)
 .ARM.attributes
                0x00000413       0x33 C:/Users/LAPIS-~1/DOCUME~1/MATLAB/R2020b/ARDUIN~1/ARDUIN~1/FASTER~1/libcore.a(Reset.o)
 .ARM.attributes
                0x00000446       0x33 C:/Users/LAPIS-~1/DOCUME~1/MATLAB/R2020b/ARDUIN~1/ARDUIN~1/FASTER~1/libcore.a(UARTClass.o)
 .ARM.attributes
                0x00000479       0x33 C:/Users/LAPIS-~1/DOCUME~1/MATLAB/R2020b/ARDUIN~1/ARDUIN~1/FASTER~1/libcore.a(USARTClass.o)
 .ARM.attributes
                0x000004ac       0x33 C:/Users/LAPIS-~1/DOCUME~1/MATLAB/R2020b/ARDUIN~1/ARDUIN~1/FASTER~1/libcore.a(watchdog.o)
 .ARM.attributes
                0x000004df       0x33 C:/Users/LAPIS-~1/DOCUME~1/MATLAB/R2020b/ARDUIN~1/ARDUIN~1/FASTER~1/libcore.a(variant.o)
 .ARM.attributes
                0x00000512       0x33 C:/Users/LAPIS-~1/DOCUME~1/MATLAB/R2020b/ARDUIN~1/ARDUIN~1/FASTER~1/libcore.a(wiring_analog.o)
 .ARM.attributes
                0x00000545       0x33 C:/Users/LAPIS-~1/DOCUME~1/MATLAB/R2020b/ARDUIN~1/ARDUIN~1/FASTER~1/libcore.a(Print.o)
 .ARM.attributes
                0x00000578       0x33 C:/Users/LAPIS-~1/DOCUME~1/MATLAB/R2020b/ARDUIN~1/ARDUIN~1/FASTER~1/libcore.a(RingBuffer.o)
 .ARM.attributes
                0x000005ab       0x33 C:/ProgramData/MATLAB/SupportPackages/R2020b/3P.instrset/arduinoide.instrset/portable/packages/arduino/hardware/sam/1.6.12/variants/arduino_due_x/libsam_sam3x8e_gcc_rel.a(pio.o)
 .ARM.attributes
                0x000005de       0x33 C:/ProgramData/MATLAB/SupportPackages/R2020b/3P.instrset/arduinoide.instrset/portable/packages/arduino/hardware/sam/1.6.12/variants/arduino_due_x/libsam_sam3x8e_gcc_rel.a(pmc.o)
 .ARM.attributes
                0x00000611       0x33 C:/ProgramData/MATLAB/SupportPackages/R2020b/3P.instrset/arduinoide.instrset/portable/packages/arduino/hardware/sam/1.6.12/variants/arduino_due_x/libsam_sam3x8e_gcc_rel.a(tc.o)
 .ARM.attributes
                0x00000644       0x33 C:/ProgramData/MATLAB/SupportPackages/R2020b/3P.instrset/arduinoide.instrset/portable/packages/arduino/hardware/sam/1.6.12/variants/arduino_due_x/libsam_sam3x8e_gcc_rel.a(timetick.o)
 .ARM.attributes
                0x00000677       0x33 C:/ProgramData/MATLAB/SupportPackages/R2020b/3P.instrset/arduinoide.instrset/portable/packages/arduino/hardware/sam/1.6.12/variants/arduino_due_x/libsam_sam3x8e_gcc_rel.a(wdt.o)
 .ARM.attributes
                0x000006aa       0x33 C:/ProgramData/MATLAB/SupportPackages/R2020b/3P.instrset/arduinoide.instrset/portable/packages/arduino/hardware/sam/1.6.12/variants/arduino_due_x/libsam_sam3x8e_gcc_rel.a(system_sam3xa.o)
 .ARM.attributes
                0x000006dd       0x33 C:/ProgramData/MATLAB/SupportPackages/R2020b/3P.instrset/arduinoide.instrset/portable/packages/arduino/hardware/sam/1.6.12/variants/arduino_due_x/libsam_sam3x8e_gcc_rel.a(adc.o)
 .ARM.attributes
                0x00000710       0x2d c:/programdata/matlab/supportpackages/r2020b/3p.instrset/arduinoide.instrset/portable/packages/arduino/tools/arm-none-eabi-gcc/4.8.3-2014q1/bin/../lib/gcc/arm-none-eabi/4.8.3/../../../../arm-none-eabi/lib/armv7-m\libm.a(lib_a-s_floor.o)
 .ARM.attributes
                0x0000073d       0x2d c:/programdata/matlab/supportpackages/r2020b/3p.instrset/arduinoide.instrset/portable/packages/arduino/tools/arm-none-eabi-gcc/4.8.3-2014q1/bin/../lib/gcc/arm-none-eabi/4.8.3/../../../../arm-none-eabi/lib/armv7-m\libm.a(lib_a-s_fpclassify.o)
 .ARM.attributes
                0x0000076a       0x2d c:/programdata/matlab/supportpackages/r2020b/3p.instrset/arduinoide.instrset/portable/packages/arduino/tools/arm-none-eabi-gcc/4.8.3-2014q1/bin/../lib/gcc/arm-none-eabi/4.8.3/../../../../arm-none-eabi/lib/armv7-m\libm.a(lib_a-w_fmod.o)
 .ARM.attributes
                0x00000797       0x2d c:/programdata/matlab/supportpackages/r2020b/3p.instrset/arduinoide.instrset/portable/packages/arduino/tools/arm-none-eabi-gcc/4.8.3-2014q1/bin/../lib/gcc/arm-none-eabi/4.8.3/../../../../arm-none-eabi/lib/armv7-m\libm.a(lib_a-w_log.o)
 .ARM.attributes
                0x000007c4       0x2d c:/programdata/matlab/supportpackages/r2020b/3p.instrset/arduinoide.instrset/portable/packages/arduino/tools/arm-none-eabi-gcc/4.8.3-2014q1/bin/../lib/gcc/arm-none-eabi/4.8.3/../../../../arm-none-eabi/lib/armv7-m\libm.a(lib_a-w_sqrt.o)
 .ARM.attributes
                0x000007f1       0x2d c:/programdata/matlab/supportpackages/r2020b/3p.instrset/arduinoide.instrset/portable/packages/arduino/tools/arm-none-eabi-gcc/4.8.3-2014q1/bin/../lib/gcc/arm-none-eabi/4.8.3/../../../../arm-none-eabi/lib/armv7-m\libm.a(lib_a-e_fmod.o)
 .ARM.attributes
                0x0000081e       0x2d c:/programdata/matlab/supportpackages/r2020b/3p.instrset/arduinoide.instrset/portable/packages/arduino/tools/arm-none-eabi-gcc/4.8.3-2014q1/bin/../lib/gcc/arm-none-eabi/4.8.3/../../../../arm-none-eabi/lib/armv7-m\libm.a(lib_a-e_log.o)
 .ARM.attributes
                0x0000084b       0x2d c:/programdata/matlab/supportpackages/r2020b/3p.instrset/arduinoide.instrset/portable/packages/arduino/tools/arm-none-eabi-gcc/4.8.3-2014q1/bin/../lib/gcc/arm-none-eabi/4.8.3/../../../../arm-none-eabi/lib/armv7-m\libm.a(lib_a-e_sqrt.o)
 .ARM.attributes
                0x00000878       0x2d c:/programdata/matlab/supportpackages/r2020b/3p.instrset/arduinoide.instrset/portable/packages/arduino/tools/arm-none-eabi-gcc/4.8.3-2014q1/bin/../lib/gcc/arm-none-eabi/4.8.3/../../../../arm-none-eabi/lib/armv7-m\libm.a(lib_a-s_lib_ver.o)
 .ARM.attributes
                0x000008a5       0x2d c:/programdata/matlab/supportpackages/r2020b/3p.instrset/arduinoide.instrset/portable/packages/arduino/tools/arm-none-eabi-gcc/4.8.3-2014q1/bin/../lib/gcc/arm-none-eabi/4.8.3/../../../../arm-none-eabi/lib/armv7-m\libm.a(lib_a-s_matherr.o)
 .ARM.attributes
                0x000008d2       0x2d c:/programdata/matlab/supportpackages/r2020b/3p.instrset/arduinoide.instrset/portable/packages/arduino/tools/arm-none-eabi-gcc/4.8.3-2014q1/bin/../lib/gcc/arm-none-eabi/4.8.3/../../../../arm-none-eabi/lib/armv7-m\libm.a(lib_a-s_nan.o)
 .ARM.attributes
                0x000008ff       0x1d c:/programdata/matlab/supportpackages/r2020b/3p.instrset/arduinoide.instrset/portable/packages/arduino/tools/arm-none-eabi-gcc/4.8.3-2014q1/bin/../lib/gcc/arm-none-eabi/4.8.3/armv7-m\libgcc.a(_arm_addsubdf3.o)
 .ARM.attributes
                0x0000091c       0x1d c:/programdata/matlab/supportpackages/r2020b/3p.instrset/arduinoide.instrset/portable/packages/arduino/tools/arm-none-eabi-gcc/4.8.3-2014q1/bin/../lib/gcc/arm-none-eabi/4.8.3/armv7-m\libgcc.a(_arm_muldivdf3.o)
 .ARM.attributes
                0x00000939       0x1d c:/programdata/matlab/supportpackages/r2020b/3p.instrset/arduinoide.instrset/portable/packages/arduino/tools/arm-none-eabi-gcc/4.8.3-2014q1/bin/../lib/gcc/arm-none-eabi/4.8.3/armv7-m\libgcc.a(_arm_cmpdf2.o)
 .ARM.attributes
                0x00000956       0x1d c:/programdata/matlab/supportpackages/r2020b/3p.instrset/arduinoide.instrset/portable/packages/arduino/tools/arm-none-eabi-gcc/4.8.3-2014q1/bin/../lib/gcc/arm-none-eabi/4.8.3/armv7-m\libgcc.a(_arm_fixunsdfsi.o)
 .ARM.attributes
                0x00000973       0x2d c:/programdata/matlab/supportpackages/r2020b/3p.instrset/arduinoide.instrset/portable/packages/arduino/tools/arm-none-eabi-gcc/4.8.3-2014q1/bin/../lib/gcc/arm-none-eabi/4.8.3/../../../../arm-none-eabi/lib/armv7-m\libg.a(lib_a-assert.o)
 .ARM.attributes
                0x000009a0       0x2d c:/programdata/matlab/supportpackages/r2020b/3p.instrset/arduinoide.instrset/portable/packages/arduino/tools/arm-none-eabi-gcc/4.8.3-2014q1/bin/../lib/gcc/arm-none-eabi/4.8.3/../../../../arm-none-eabi/lib/armv7-m\libg.a(lib_a-errno.o)
 .ARM.attributes
                0x000009cd       0x2d c:/programdata/matlab/supportpackages/r2020b/3p.instrset/arduinoide.instrset/portable/packages/arduino/tools/arm-none-eabi-gcc/4.8.3-2014q1/bin/../lib/gcc/arm-none-eabi/4.8.3/../../../../arm-none-eabi/lib/armv7-m\libg.a(lib_a-fiprintf.o)
 .ARM.attributes
                0x000009fa       0x2d c:/programdata/matlab/supportpackages/r2020b/3p.instrset/arduinoide.instrset/portable/packages/arduino/tools/arm-none-eabi-gcc/4.8.3-2014q1/bin/../lib/gcc/arm-none-eabi/4.8.3/../../../../arm-none-eabi/lib/armv7-m\libg.a(lib_a-impure.o)
 .ARM.attributes
                0x00000a27       0x2d c:/programdata/matlab/supportpackages/r2020b/3p.instrset/arduinoide.instrset/portable/packages/arduino/tools/arm-none-eabi-gcc/4.8.3-2014q1/bin/../lib/gcc/arm-none-eabi/4.8.3/../../../../arm-none-eabi/lib/armv7-m\libg.a(lib_a-init.o)
 .ARM.attributes
                0x00000a54       0x2d c:/programdata/matlab/supportpackages/r2020b/3p.instrset/arduinoide.instrset/portable/packages/arduino/tools/arm-none-eabi-gcc/4.8.3-2014q1/bin/../lib/gcc/arm-none-eabi/4.8.3/../../../../arm-none-eabi/lib/armv7-m\libg.a(lib_a-memset.o)
 .ARM.attributes
                0x00000a81       0x2d c:/programdata/matlab/supportpackages/r2020b/3p.instrset/arduinoide.instrset/portable/packages/arduino/tools/arm-none-eabi-gcc/4.8.3-2014q1/bin/../lib/gcc/arm-none-eabi/4.8.3/../../../../arm-none-eabi/lib/armv7-m\libg.a(lib_a-strlen.o)
 .ARM.attributes
                0x00000aae       0x2d c:/programdata/matlab/supportpackages/r2020b/3p.instrset/arduinoide.instrset/portable/packages/arduino/tools/arm-none-eabi-gcc/4.8.3-2014q1/bin/../lib/gcc/arm-none-eabi/4.8.3/../../../../arm-none-eabi/lib/armv7-m\libg.a(lib_a-syskill.o)
 .ARM.attributes
                0x00000adb       0x2d c:/programdata/matlab/supportpackages/r2020b/3p.instrset/arduinoide.instrset/portable/packages/arduino/tools/arm-none-eabi-gcc/4.8.3-2014q1/bin/../lib/gcc/arm-none-eabi/4.8.3/../../../../arm-none-eabi/lib/armv7-m\libg.a(lib_a-vfiprintf.o)
 .ARM.attributes
                0x00000b08       0x2d c:/programdata/matlab/supportpackages/r2020b/3p.instrset/arduinoide.instrset/portable/packages/arduino/tools/arm-none-eabi-gcc/4.8.3-2014q1/bin/../lib/gcc/arm-none-eabi/4.8.3/../../../../arm-none-eabi/lib/armv7-m\libg.a(lib_a-wsetup.o)
 .ARM.attributes
                0x00000b35       0x2d c:/programdata/matlab/supportpackages/r2020b/3p.instrset/arduinoide.instrset/portable/packages/arduino/tools/arm-none-eabi-gcc/4.8.3-2014q1/bin/../lib/gcc/arm-none-eabi/4.8.3/../../../../arm-none-eabi/lib/armv7-m\libg.a(lib_a-__call_atexit.o)
 .ARM.attributes
                0x00000b62       0x2d c:/programdata/matlab/supportpackages/r2020b/3p.instrset/arduinoide.instrset/portable/packages/arduino/tools/arm-none-eabi-gcc/4.8.3-2014q1/bin/../lib/gcc/arm-none-eabi/4.8.3/../../../../arm-none-eabi/lib/armv7-m\libg.a(lib_a-abort.o)
 .ARM.attributes
                0x00000b8f       0x2d c:/programdata/matlab/supportpackages/r2020b/3p.instrset/arduinoide.instrset/portable/packages/arduino/tools/arm-none-eabi-gcc/4.8.3-2014q1/bin/../lib/gcc/arm-none-eabi/4.8.3/../../../../arm-none-eabi/lib/armv7-m\libg.a(lib_a-atexit.o)
 .ARM.attributes
                0x00000bbc       0x2d c:/programdata/matlab/supportpackages/r2020b/3p.instrset/arduinoide.instrset/portable/packages/arduino/tools/arm-none-eabi-gcc/4.8.3-2014q1/bin/../lib/gcc/arm-none-eabi/4.8.3/../../../../arm-none-eabi/lib/armv7-m\libg.a(lib_a-fflush.o)
 .ARM.attributes
                0x00000be9       0x2d c:/programdata/matlab/supportpackages/r2020b/3p.instrset/arduinoide.instrset/portable/packages/arduino/tools/arm-none-eabi-gcc/4.8.3-2014q1/bin/../lib/gcc/arm-none-eabi/4.8.3/../../../../arm-none-eabi/lib/armv7-m\libg.a(lib_a-findfp.o)
 .ARM.attributes
                0x00000c16       0x2d c:/programdata/matlab/supportpackages/r2020b/3p.instrset/arduinoide.instrset/portable/packages/arduino/tools/arm-none-eabi-gcc/4.8.3-2014q1/bin/../lib/gcc/arm-none-eabi/4.8.3/../../../../arm-none-eabi/lib/armv7-m\libg.a(lib_a-fini.o)
 .ARM.attributes
                0x00000c43       0x2d c:/programdata/matlab/supportpackages/r2020b/3p.instrset/arduinoide.instrset/portable/packages/arduino/tools/arm-none-eabi-gcc/4.8.3-2014q1/bin/../lib/gcc/arm-none-eabi/4.8.3/../../../../arm-none-eabi/lib/armv7-m\libg.a(lib_a-fputwc.o)
 .ARM.attributes
                0x00000c70       0x2d c:/programdata/matlab/supportpackages/r2020b/3p.instrset/arduinoide.instrset/portable/packages/arduino/tools/arm-none-eabi-gcc/4.8.3-2014q1/bin/../lib/gcc/arm-none-eabi/4.8.3/../../../../arm-none-eabi/lib/armv7-m\libg.a(lib_a-freer.o)
 .ARM.attributes
                0x00000c9d       0x2d c:/programdata/matlab/supportpackages/r2020b/3p.instrset/arduinoide.instrset/portable/packages/arduino/tools/arm-none-eabi-gcc/4.8.3-2014q1/bin/../lib/gcc/arm-none-eabi/4.8.3/../../../../arm-none-eabi/lib/armv7-m\libg.a(lib_a-fvwrite.o)
 .ARM.attributes
                0x00000cca       0x2d c:/programdata/matlab/supportpackages/r2020b/3p.instrset/arduinoide.instrset/portable/packages/arduino/tools/arm-none-eabi-gcc/4.8.3-2014q1/bin/../lib/gcc/arm-none-eabi/4.8.3/../../../../arm-none-eabi/lib/armv7-m\libg.a(lib_a-fwalk.o)
 .ARM.attributes